Component: Arm Compiler for Embedded 6.23 Tool: armlink [5f102400]

==============================================================================

Section Cross References

    startup_stm32g474xx.o(STACK) refers (Special) to heapauxi.o(.text) for __use_two_region_memory
    startup_stm32g474xx.o(HEAP) refers (Special) to heapauxi.o(.text) for __use_two_region_memory
    startup_stm32g474xx.o(RESET) refers (Special) to heapauxi.o(.text) for __use_two_region_memory
    startup_stm32g474xx.o(RESET) refers to startup_stm32g474xx.o(STACK) for __initial_sp
    startup_stm32g474xx.o(RESET) refers to startup_stm32g474xx.o(.text) for Reset_Handler
    startup_stm32g474xx.o(RESET) refers to stm32g4xx_it.o(.text.NMI_Handler) for NMI_Handler
    startup_stm32g474xx.o(RESET) refers to stm32g4xx_it.o(.text.HardFault_Handler) for HardFault_Handler
    startup_stm32g474xx.o(RESET) refers to stm32g4xx_it.o(.text.MemManage_Handler) for MemManage_Handler
    startup_stm32g474xx.o(RESET) refers to stm32g4xx_it.o(.text.BusFault_Handler) for BusFault_Handler
    startup_stm32g474xx.o(RESET) refers to stm32g4xx_it.o(.text.UsageFault_Handler) for UsageFault_Handler
    startup_stm32g474xx.o(RESET) refers to port.o(.text.SVC_Handler) for SVC_Handler
    startup_stm32g474xx.o(RESET) refers to stm32g4xx_it.o(.text.DebugMon_Handler) for DebugMon_Handler
    startup_stm32g474xx.o(RESET) refers to port.o(.text.PendSV_Handler) for PendSV_Handler
    startup_stm32g474xx.o(RESET) refers to cmsis_os2.o(.text.SysTick_Handler) for SysTick_Handler
    startup_stm32g474xx.o(RESET) refers to stm32g4xx_it.o(.text.DMA1_Channel1_IRQHandler) for DMA1_Channel1_IRQHandler
    startup_stm32g474xx.o(RESET) refers to stm32g4xx_it.o(.text.DMA1_Channel2_IRQHandler) for DMA1_Channel2_IRQHandler
    startup_stm32g474xx.o(RESET) refers to stm32g4xx_it.o(.text.ADC1_2_IRQHandler) for ADC1_2_IRQHandler
    startup_stm32g474xx.o(RESET) refers to stm32g4xx_it.o(.text.ADC3_IRQHandler) for ADC3_IRQHandler
    startup_stm32g474xx.o(RESET) refers to stm32g4xx_it.o(.text.TIM6_DAC_IRQHandler) for TIM6_DAC_IRQHandler
    startup_stm32g474xx.o(RESET) refers to stm32g4xx_it.o(.text.DMA2_Channel1_IRQHandler) for DMA2_Channel1_IRQHandler
    startup_stm32g474xx.o(.text) refers (Special) to heapauxi.o(.text) for __use_two_region_memory
    startup_stm32g474xx.o(.text) refers to system_stm32g4xx.o(.text.SystemInit) for SystemInit
    startup_stm32g474xx.o(.text) refers to __main.o(!!!main) for __main
    startup_stm32g474xx.o(.text) refers to startup_stm32g474xx.o(HEAP) for Heap_Mem
    startup_stm32g474xx.o(.text) refers to startup_stm32g474xx.o(STACK) for Stack_Mem
    main.o(.text.main) refers to stm32g4xx_hal.o(.text.HAL_Init) for HAL_Init
    main.o(.text.main) refers to stm32g4xx_hal_pwr_ex.o(.text.HAL_PWREx_ControlVoltageScaling) for HAL_PWREx_ControlVoltageScaling
    main.o(.text.main) refers to stm32g4xx_hal_rcc.o(.text.HAL_RCC_OscConfig) for HAL_RCC_OscConfig
    main.o(.text.main) refers to stm32g4xx_hal_rcc.o(.text.HAL_RCC_ClockConfig) for HAL_RCC_ClockConfig
    main.o(.text.main) refers to gpio.o(.text.MX_GPIO_Init) for MX_GPIO_Init
    main.o(.text.main) refers to dma.o(.text.MX_DMA_Init) for MX_DMA_Init
    main.o(.text.main) refers to adc.o(.text.MX_ADC1_Init) for MX_ADC1_Init
    main.o(.text.main) refers to adc.o(.text.MX_ADC2_Init) for MX_ADC2_Init
    main.o(.text.main) refers to adc.o(.text.MX_ADC3_Init) for MX_ADC3_Init
    main.o(.text.main) refers to dac.o(.text.MX_DAC1_Init) for MX_DAC1_Init
    main.o(.text.main) refers to fdcan.o(.text.MX_FDCAN1_Init) for MX_FDCAN1_Init
    main.o(.text.main) refers to i2c.o(.text.MX_I2C1_Init) for MX_I2C1_Init
    main.o(.text.main) refers to usart.o(.text.MX_LPUART1_UART_Init) for MX_LPUART1_UART_Init
    main.o(.text.main) refers to tim.o(.text.MX_TIM3_Init) for MX_TIM3_Init
    main.o(.text.main) refers to tim.o(.text.MX_TIM8_Init) for MX_TIM8_Init
    main.o(.text.main) refers to tim.o(.text.MX_TIM16_Init) for MX_TIM16_Init
    main.o(.text.main) refers to tim.o(.text.MX_TIM17_Init) for MX_TIM17_Init
    main.o(.text.main) refers to tim.o(.text.MX_TIM20_Init) for MX_TIM20_Init
    main.o(.text.main) refers to usart.o(.text.MX_USART3_UART_Init) for MX_USART3_UART_Init
    main.o(.text.main) refers to cmsis_os2.o(.text.osKernelInitialize) for osKernelInitialize
    main.o(.text.main) refers to app_freertos.o(.text.MX_FREERTOS_Init) for MX_FREERTOS_Init
    main.o(.text.main) refers to cmsis_os2.o(.text.osKernelStart) for osKernelStart
    main.o(.ARM.exidx.text.main) refers to main.o(.text.main) for [Anonymous Symbol]
    main.o(.text.SystemClock_Config) refers to stm32g4xx_hal_pwr_ex.o(.text.HAL_PWREx_ControlVoltageScaling) for HAL_PWREx_ControlVoltageScaling
    main.o(.text.SystemClock_Config) refers to stm32g4xx_hal_rcc.o(.text.HAL_RCC_OscConfig) for HAL_RCC_OscConfig
    main.o(.text.SystemClock_Config) refers to stm32g4xx_hal_rcc.o(.text.HAL_RCC_ClockConfig) for HAL_RCC_ClockConfig
[...]
    xPendedTicks                             0x20000108   Data           4  tasks.o(.bss..L_MergedGlobals)
    xNumOfOverflows                          0x2000010c   Data           4  tasks.o(.bss..L_MergedGlobals)
    xTasksWaitingTermination                 0x20000110   Data          20  tasks.o(.bss..L_MergedGlobals)
    xSuspendedTaskList                       0x20000124   Data          20  tasks.o(.bss..L_MergedGlobals)
    xPendingReadyList                        0x20000138   Data          20  tasks.o(.bss..L_MergedGlobals)
    .L_MergedGlobals                         0x2000014c   Data          60  timers.o(.bss..L_MergedGlobals)
    xTimerQueue                              0x2000014c   Data           4  timers.o(.bss..L_MergedGlobals)
    [Anonymous Symbol]                       0x2000014c   Section        0  timers.o(.bss..L_MergedGlobals)
    xTimerTaskHandle                         0x20000150   Data           4  timers.o(.bss..L_MergedGlobals)
    pxCurrentTimerList                       0x20000154   Data           4  timers.o(.bss..L_MergedGlobals)
    pxOverflowTimerList                      0x20000158   Data           4  timers.o(.bss..L_MergedGlobals)
    prvSampleTimeNow.xLastTime               0x2000015c   Data           4  timers.o(.bss..L_MergedGlobals)
    xActiveTimerList1                        0x20000160   Data          20  timers.o(.bss..L_MergedGlobals)
    xActiveTimerList2                        0x20000174   Data          20  timers.o(.bss..L_MergedGlobals)
    .L_MergedGlobals                         0x20000188   Data          32  heap_4.o(.bss..L_MergedGlobals)
    xBlockAllocatedBit                       0x20000188   Data           1  heap_4.o(.bss..L_MergedGlobals)
    [Anonymous Symbol]                       0x20000188   Section        0  heap_4.o(.bss..L_MergedGlobals)
    pxEnd                                    0x2000018c   Data           4  heap_4.o(.bss..L_MergedGlobals)
    xFreeBytesRemaining                      0x20000190   Data           4  heap_4.o(.bss..L_MergedGlobals)
    xMinimumEverFreeBytesRemaining           0x20000194   Data           4  heap_4.o(.bss..L_MergedGlobals)
    xNumberOfSuccessfulAllocations           0x20000198   Data           4  heap_4.o(.bss..L_MergedGlobals)
    xNumberOfSuccessfulFrees                 0x2000019c   Data           4  heap_4.o(.bss..L_MergedGlobals)
    xStart                                   0x200001a0   Data           8  heap_4.o(.bss..L_MergedGlobals)
    .L_MergedGlobals                         0x200001a8   Data           8  port.o(.bss..L_MergedGlobals)
    ucMaxSysCallPriority                     0x200001a8   Data           1  port.o(.bss..L_MergedGlobals)
    [Anonymous Symbol]                       0x200001a8   Section        0  port.o(.bss..L_MergedGlobals)
    ulMaxPRIGROUPValue                       0x200001ac   Data           4  port.o(.bss..L_MergedGlobals)
    .L_MergedGlobals.2                       0x200001b0   Data          40  tasks.o(.bss..L_MergedGlobals.2)
    xDelayedTaskList1                        0x200001b0   Data          20  tasks.o(.bss..L_MergedGlobals.2)
    [Anonymous Symbol]                       0x200001b0   Section        0  tasks.o(.bss..L_MergedGlobals.2)
    xDelayedTaskList2                        0x200001c4   Data          20  tasks.o(.bss..L_MergedGlobals.2)
    KernelState                              0x200001d8   Data           4  cmsis_os2.o(.bss.KernelState)
    [Anonymous Symbol]                       0x200001d8   Section        0  cmsis_os2.o(.bss.KernelState)
    prvCheckForValidListAndQueue.ucStaticTimerQueueStorage 0x200007a0   Data         160  timers.o(.bss.prvCheckForValidListAndQueue.ucStaticTimerQueueStorage)
    [Anonymous Symbol]                       0x200007a0   Section        0  timers.o(.bss.prvCheckForValidListAndQueue.ucStaticTimerQueueStorage)
    prvCheckForValidListAndQueue.xStaticTimerQueue 0x20000840   Data          80  timers.o(.bss.prvCheckForValidListAndQueue.xStaticTimerQueue)
    [Anonymous Symbol]                       0x20000840   Section        0  timers.o(.bss.prvCheckForValidListAndQueue.xStaticTimerQueue)
    pxReadyTasksLists                        0x20000890   Data        1120  tasks.o(.bss.pxReadyTasksLists)
    [Anonymous Symbol]                       0x20000890   Section        0  tasks.o(.bss.pxReadyTasksLists)
    ucHeap                                   0x20000cf0   Data        3072  heap_4.o(.bss.ucHeap)
    [Anonymous Symbol]                       0x20000cf0   Section        0  heap_4.o(.bss.ucHeap)
    vApplicationGetIdleTaskMemory.Idle_Stack 0x200018f4   Data         512  cmsis_os2.o(.bss.vApplicationGetIdleTaskMemory.Idle_Stack)
    [Anonymous Symbol]                       0x200018f4   Section        0  cmsis_os2.o(.bss.vApplicationGetIdleTaskMemory.Idle_Stack)
    vApplicationGetIdleTaskMemory.Idle_TCB   0x20001af4   Data          92  cmsis_os2.o(.bss.vApplicationGetIdleTaskMemory.Idle_TCB)
    [Anonymous Symbol]                       0x20001af4   Section        0  cmsis_os2.o(.bss.vApplicationGetIdleTaskMemory.Idle_TCB)
    vApplicationGetTimerTaskMemory.Timer_Stack 0x20001b50   Data        1024  cmsis_os2.o(.bss.vApplicationGetTimerTaskMemory.Timer_Stack)
    [Anonymous Symbol]                       0x20001b50   Section        0  cmsis_os2.o(.bss.vApplicationGetTimerTaskMemory.Timer_Stack)
    vApplicationGetTimerTaskMemory.Timer_TCB 0x20001f50   Data          92  cmsis_os2.o(.bss.vApplicationGetTimerTaskMemory.Timer_TCB)
    [Anonymous Symbol]                       0x20001f50   Section        0  cmsis_os2.o(.bss.vApplicationGetTimerTaskMemory.Timer_TCB)
    Heap_Mem                                 0x20001ff0   Data         512  startup_stm32g474xx.o(HEAP)
    HEAP                                     0x20001ff0   Section      512  startup_stm32g474xx.o(HEAP)
    Stack_Mem                                0x200021f0   Data        1024  startup_stm32g474xx.o(STACK)
    STACK                                    0x200021f0   Section     1024  startup_stm32g474xx.o(STACK)
    __initial_sp                             0x200025f0   Data           0  startup_stm32g474xx.o(STACK)

    Global Symbols

    Symbol Name                              Value     Ov Type        Size  Object(Section)

    BuildAttributes$$THM_ISAv4$E$P$D$K$B$S$7EM$VFPi3$EXTD16$VFPS$VFMA$PE$A:L22UL41UL21$X:L11$S22US41US21$IEEE1$IW$~IW$USESV6$~STKCKD$USESV7$~SHL$OTIME$ROPI$EBA8$UX$STANDARDLIB$REQ8$PRES8$EABIv2 0x00000000   Number         0  anon$$obj.o ABSOLUTE
    __ARM_exceptions_init                     - Undefined Weak Reference
    __alloca_initialize                       - Undefined Weak Reference
    __arm_preinit_                            - Undefined Weak Reference
    __arm_relocate_pie_                       - Undefined Weak Reference
    __cpp_initialize__aeabi_                  - Undefined Weak Reference
    __cxa_finalize                            - Undefined Weak Reference
    __rt_locale                               - Undefined Weak Reference
    __sigvec_lookup                           - Undefined Weak Reference
    _atexit_init                              - Undefined Weak Reference
    _call_atexit_fns                          - Undefined Weak Reference
    _clock_init                               - Undefined Weak Reference
    _fp_trap_init                             - Undefined Weak Reference
    _fp_trap_shutdown                         - Undefined Weak Reference
    _get_lc_collate                           - Undefined Weak Reference
    _get_lc_ctype                             - Undefined Weak Reference
    _get_lc_monetary                          - Undefined Weak Reference
    _get_lc_numeric                           - Undefined Weak Reference
    _get_lc_time                              - Undefined Weak Reference
    _getenv_init                              - Undefined Weak Reference
    _handle_redirection                       - Undefined Weak Reference
    _init_alloc                               - Undefined Weak Reference
    _init_user_alloc                          - Undefined Weak Reference
    _initio                                   - Undefined Weak Reference
    _rand_init                                - Undefined Weak Reference
    _signal_finish                            - Undefined Weak Reference
    _signal_init                              - Undefined Weak Reference
    _terminate_alloc                          - Undefined Weak Reference
    _terminate_user_alloc                     - Undefined Weak Reference
    _terminateio                              - Undefined Weak Reference
    __Vectors_Size                           0x000001d8   Number         0  startup_stm32g474xx.o ABSOLUTE
    __Vectors                                0x08000000   Data           4  startup_stm32g474xx.o(RESET)
    __Vectors_End                            0x080001d8   Data           0  startup_stm32g474xx.o(RESET)
    __main                                   0x080001d9   Thumb Code     8  __main.o(!!!main)
    __scatterload                            0x080001e1   Thumb Code     0  __scatter.o(!!!scatter)
    __scatterload_rt2                        0x080001e1   Thumb Code    84  __scatter.o(!!!scatter)
    __scatterload_rt2_thumb_only             0x080001e1   Thumb Code     0  __scatter.o(!!!scatter)
    __scatterload_loop                       0x080001eb   Thumb Code     0  __scatter.o(!!!scatter)
    __scatterload_copy                       0x0800023d   Thumb Code    26  __scatter_copy.o(!!handler_copy)
    __scatterload_null                       0x08000259   Thumb Code     2  __scatter.o(!!handler_null)
    __scatterload_zeroinit                   0x0800025d   Thumb Code    28  __scatter_zi.o(!!handler_zi)
    __rt_lib_init                            0x08000279   Thumb Code     0  libinit.o(.ARM.Collect$$libinit$$00000000)
    __rt_lib_init_fp_1                       0x0800027b   Thumb Code     0  libinit2.o(.ARM.Collect$$libinit$$00000001)
    __rt_lib_init_alloca_1                   0x0800027f   Thumb Code     0  libinit2.o(.ARM.Collect$$libinit$$00000030)
    __rt_lib_init_argv_1                     0x0800027f   Thumb Code     0  libinit2.o(.ARM.Collect$$libinit$$0000002E)
    __rt_lib_init_atexit_1                   0x0800027f   Thumb Code     0  libinit2.o(.ARM.Collect$$libinit$$0000001D)
    __rt_lib_init_clock_1                    0x0800027f   Thumb Code     0  libinit2.o(.ARM.Collect$$libinit$$00000023)
    __rt_lib_init_cpp_1                      0x0800027f   Thumb Code     0  libinit2.o(.ARM.Collect$$libinit$$00000034)
    __rt_lib_init_exceptions_1               0x0800027f   Thumb Code     0  libinit2.o(.ARM.Collect$$libinit$$00000032)
    __rt_lib_init_fp_trap_1                  0x0800027f   Thumb Code     0  libinit2.o(.ARM.Collect$$libinit$$00000021)
    __rt_lib_init_getenv_1                   0x0800027f   Thumb Code     0  libinit2.o(.ARM.Collect$$libinit$$00000025)
    __rt_lib_init_heap_1                     0x0800027f   Thumb Code     0  libinit2.o(.ARM.Collect$$libinit$$0000000C)
    __rt_lib_init_lc_collate_1               0x0800027f   Thumb Code     0  libinit2.o(.ARM.Collect$$libinit$$00000013)
    __rt_lib_init_lc_ctype_1                 0x0800027f   Thumb Code     0  libinit2.o(.ARM.Collect$$libinit$$00000015)
    __rt_lib_init_lc_monetary_1              0x0800027f   Thumb Code     0  libinit2.o(.ARM.Collect$$libinit$$00000017)
    __rt_lib_init_lc_numeric_1               0x0800027f   Thumb Code     0  libinit2.o(.ARM.Collect$$libinit$$00000019)
    __rt_lib_init_lc_time_1                  0x0800027f   Thumb Code     0  libinit2.o(.ARM.Collect$$libinit$$0000001B)
    __rt_lib_init_preinit_1                  0x0800027f   Thumb Code     0  libinit2.o(.ARM.Collect$$libinit$$00000006)
    __rt_lib_init_rand_1                     0x0800027f   Thumb Code     0  libinit2.o(.ARM.Collect$$libinit$$00000010)
    __rt_lib_init_relocate_pie_1             0x0800027f   Thumb Code     0  libinit2.o(.ARM.Collect$$libinit$$00000004)
    __rt_lib_init_return                     0x0800027f   Thumb Code     0  libinit2.o(.ARM.Collect$$libinit$$00000035)
    __rt_lib_init_signal_1                   0x0800027f   Thumb Code     0  libinit2.o(.ARM.Collect$$libinit$$0000001F)
    __rt_lib_init_stdio_1                    0x0800027f   Thumb Code     0  libinit2.o(.ARM.Collect$$libinit$$00000027)
    __rt_lib_init_user_alloc_1               0x0800027f   Thumb Code     0  libinit2.o(.ARM.Collect$$libinit$$0000000E)
    __rt_lib_shutdown                        0x08000281   Thumb Code     0  libshutdown.o(.ARM.Collect$$libshutdown$$00000000)
    __rt_lib_shutdown_cpp_1                  0x08000283   Thumb Code     0  libshutdown2.o(.ARM.Collect$$libshutdown$$00000002)
    __rt_lib_shutdown_fp_trap_1              0x08000283   Thumb Code     0  libshutdown2.o(.ARM.Collect$$libshutdown$$00000007)
    __rt_lib_shutdown_heap_1                 0x08000283   Thumb Code     0  libshutdown2.o(.ARM.Collect$$libshutdown$$0000000F)
    __rt_lib_shutdown_return                 0x08000283   Thumb Code     0  libshutdown2.o(.ARM.Collect$$libshutdown$$00000010)
    __rt_lib_shutdown_signal_1               0x08000283   Thumb Code     0  libshutdown2.o(.ARM.Collect$$libshutdown$$0000000A)
    __rt_lib_shutdown_stdio_1                0x08000283   Thumb Code     0  libshutdown2.o(.ARM.Collect$$libshutdown$$00000004)
    __rt_lib_shutdown_user_alloc_1           0x08000283   Thumb Code     0  libshutdown2.o(.ARM.Collect$$libshutdown$$0000000C)
    __rt_entry                               0x08000285   Thumb Code     0  __rtentry.o(.ARM.Collect$$rtentry$$00000000)
    __rt_entry_presh_1                       0x08000285   Thumb Code     0  __rtentry2.o(.ARM.Collect$$rtentry$$00000002)
    __rt_entry_sh                            0x08000285   Thumb Code     0  __rtentry4.o(.ARM.Collect$$rtentry$$00000004)
    __rt_entry_li                            0x0800028b   Thumb Code     0  __rtentry2.o(.ARM.Collect$$rtentry$$0000000A)
    __rt_entry_postsh_1                      0x0800028b   Thumb Code     0  __rtentry2.o(.ARM.Collect$$rtentry$$00000009)
    __rt_entry_main                          0x0800028f   Thumb Code     0  __rtentry2.o(.ARM.Collect$$rtentry$$0000000D)
    __rt_entry_postli_1                      0x0800028f   Thumb Code     0  __rtentry2.o(.ARM.Collect$$rtentry$$0000000C)
    __rt_exit                                0x08000297   Thumb Code     0  rtexit.o(.ARM.Collect$$rtexit$$00000000)
    __rt_exit_ls                             0x08000299   Thumb Code     0  rtexit2.o(.ARM.Collect$$rtexit$$00000003)
    __rt_exit_prels_1                        0x08000299   Thumb Code     0  rtexit2.o(.ARM.Collect$$rtexit$$00000002)
    __rt_exit_exit                           0x0800029d   Thumb Code     0  rtexit2.o(.ARM.Collect$$rtexit$$00000004)
    Reset_Handler                            0x080002a5   Thumb Code     8  startup_stm32g474xx.o(.text)
    ADC4_IRQHandler                          0x080002bf   Thumb Code     0  startup_stm32g474xx.o(.text)
    ADC5_IRQHandler                          0x080002bf   Thumb Code     0  startup_stm32g474xx.o(.text)
    COMP1_2_3_IRQHandler                     0x080002bf   Thumb Code     0  startup_stm32g474xx.o(.text)
    COMP4_5_6_IRQHandler                     0x080002bf   Thumb Code     0  startup_stm32g474xx.o(.text)
    COMP7_IRQHandler                         0x080002bf   Thumb Code     0  startup_stm32g474xx.o(.text)
    CORDIC_IRQHandler                        0x080002bf   Thumb Code     0  startup_stm32g474xx.o(.text)
    CRS_IRQHandler                           0x080002bf   Thumb Code     0  startup_stm32g474xx.o(.text)
    DMA1_Channel3_IRQHandler                 0x080002bf   Thumb Code     0  startup_stm32g474xx.o(.text)
    DMA1_Channel4_IRQHandler                 0x080002bf   Thumb Code     0  startup_stm32g474xx.o(.text)
    DMA1_Channel5_IRQHandler                 0x080002bf   Thumb Code     0  startup_stm32g474xx.o(.text)
    DMA1_Channel6_IRQHandler                 0x080002bf   Thumb Code     0  startup_stm32g474xx.o(.text)
    DMA1_Channel7_IRQHandler                 0x080002bf   Thumb Code     0  startup_stm32g474xx.o(.text)
    DMA1_Channel8_IRQHandler                 0x080002bf   Thumb Code     0  startup_stm32g474xx.o(.text)
    DMA2_Channel2_IRQHandler                 0x080002bf   Thumb Code     0  startup_stm32g474xx.o(.text)
    DMA2_Channel3_IRQHandler                 0x080002bf   Thumb Code     0  startup_stm32g474xx.o(.text)
    DMA2_Channel4_IRQHandler                 0x080002bf   Thumb Code     0  startup_stm32g474xx.o(.text)
    DMA2_Channel5_IRQHandler                 0x080002bf   Thumb Code     0  startup_stm32g474xx.o(.text)
    DMA2_Channel6_IRQHandler                 0x080002bf   Thumb Code     0  startup_stm32g474xx.o(.text)
    DMA2_Channel7_IRQHandler                 0x080002bf   Thumb Code     0  startup_stm32g474xx.o(.text)
    DMA2_Channel8_IRQHandler                 0x080002bf   Thumb Code     0  startup_stm32g474xx.o(.text)
    DMAMUX_OVR_IRQHandler                    0x080002bf   Thumb Code     0  startup_stm32g474xx.o(.text)
    EXTI0_IRQHandler                         0x080002bf   Thumb Code     0  startup_stm32g474xx.o(.text)
    EXTI15_10_IRQHandler                     0x080002bf   Thumb Code     0  startup_stm32g474xx.o(.text)
    EXTI1_IRQHandler                         0x080002bf   Thumb Code     0  startup_stm32g474xx.o(.text)
    EXTI2_IRQHandler                         0x080002bf   Thumb Code     0  startup_stm32g474xx.o(.text)
    EXTI3_IRQHandler                         0x080002bf   Thumb Code     0  startup_stm32g474xx.o(.text)
    EXTI4_IRQHandler                         0x080002bf   Thumb Code     0  startup_stm32g474xx.o(.text)
    EXTI9_5_IRQHandler                       0x080002bf   Thumb Code     0  startup_stm32g474xx.o(.text)
    FDCAN1_IT0_IRQHandler                    0x080002bf   Thumb Code     0  startup_stm32g474xx.o(.text)
    FDCAN1_IT1_IRQHandler                    0x080002bf   Thumb Code     0  startup_stm32g474xx.o(.text)
    FDCAN2_IT0_IRQHandler                    0x080002bf   Thumb Code     0  startup_stm32g474xx.o(.text)
    FDCAN2_IT1_IRQHandler                    0x080002bf   Thumb Code     0  startup_stm32g474xx.o(.text)
    FDCAN3_IT0_IRQHandler                    0x080002bf   Thumb Code     0  startup_stm32g474xx.o(.text)
    FDCAN3_IT1_IRQHandler                    0x080002bf   Thumb Code     0  startup_stm32g474xx.o(.text)
    FLASH_IRQHandler                         0x080002bf   Thumb Code     0  startup_stm32g474xx.o(.text)
    FMAC_IRQHandler                          0x080002bf   Thumb Code     0  startup_stm32g474xx.o(.text)
    FMC_IRQHandler                           0x080002bf   Thumb Code     0  startup_stm32g474xx.o(.text)
    FPU_IRQHandler                           0x080002bf   Thumb Code     0  startup_stm32g474xx.o(.text)
    HRTIM1_FLT_IRQHandler                    0x080002bf   Thumb Code     0  startup_stm32g474xx.o(.text)
    HRTIM1_Master_IRQHandler                 0x080002bf   Thumb Code     0  startup_stm32g474xx.o(.text)
    HRTIM1_TIMA_IRQHandler                   0x080002bf   Thumb Code     0  startup_stm32g474xx.o(.text)
    HRTIM1_TIMB_IRQHandler                   0x080002bf   Thumb Code     0  startup_stm32g474xx.o(.text)
    HRTIM1_TIMC_IRQHandler                   0x080002bf   Thumb Code     0  startup_stm32g474xx.o(.text)
    HRTIM1_TIMD_IRQHandler                   0x080002bf   Thumb Code     0  startup_stm32g474xx.o(.text)
    HRTIM1_TIME_IRQHandler                   0x080002bf   Thumb Code     0  startup_stm32g474xx.o(.text)
    HRTIM1_TIMF_IRQHandler                   0x080002bf   Thumb Code     0  startup_stm32g474xx.o(.text)
    I2C1_ER_IRQHandler                       0x080002bf   Thumb Code     0  startup_stm32g474xx.o(.text)
    I2C1_EV_IRQHandler                       0x080002bf   Thumb Code     0  startup_stm32g474xx.o(.text)
    I2C2_ER_IRQHandler                       0x080002bf   Thumb Code     0  startup_stm32g474xx.o(.text)
    I2C2_EV_IRQHandler                       0x080002bf   Thumb Code     0  startup_stm32g474xx.o(.text)
    I2C3_ER_IRQHandler                       0x080002bf   Thumb Code     0  startup_stm32g474xx.o(.text)
    I2C3_EV_IRQHandler                       0x080002bf   Thumb Code     0  startup_stm32g474xx.o(.text)
    I2C4_ER_IRQHandler                       0x080002bf   Thumb Code     0  startup_stm32g474xx.o(.text)
    I2C4_EV_IRQHandler                       0x080002bf   Thumb Code     0  startup_stm32g474xx.o(.text)
    LPTIM1_IRQHandler                        0x080002bf   Thumb Code     0  startup_stm32g474xx.o(.text)
    LPUART1_IRQHandler                       0x080002bf   Thumb Code     0  startup_stm32g474xx.o(.text)
    PVD_PVM_IRQHandler                       0x080002bf   Thumb Code     0  startup_stm32g474xx.o(.text)
    QUADSPI_IRQHandler                       0x080002bf   Thumb Code     0  startup_stm32g474xx.o(.text)
    RCC_IRQHandler                           0x080002bf   Thumb Code     0  startup_stm32g474xx.o(.text)
    RNG_IRQHandler                           0x080002bf   Thumb Code     0  startup_stm32g474xx.o(.text)
    RTC_Alarm_IRQHandler                     0x080002bf   Thumb Code     0  startup_stm32g474xx.o(.text)
    RTC_TAMP_LSECSS_IRQHandler               0x080002bf   Thumb Code     0  startup_stm32g474xx.o(.text)
    RTC_WKUP_IRQHandler                      0x080002bf   Thumb Code     0  startup_stm32g474xx.o(.text)
    SAI1_IRQHandler                          0x080002bf   Thumb Code     0  startup_stm32g474xx.o(.text)
    SPI1_IRQHandler                          0x080002bf   Thumb Code     0  startup_stm32g474xx.o(.text)
    SPI2_IRQHandler                          0x080002bf   Thumb Code     0  startup_stm32g474xx.o(.text)
    SPI3_IRQHandler                          0x080002bf   Thumb Code     0  startup_stm32g474xx.o(.text)
    SPI4_IRQHandler                          0x080002bf   Thumb Code     0  startup_stm32g474xx.o(.text)
    TIM1_BRK_TIM15_IRQHandler                0x080002bf   Thumb Code     0  startup_stm32g474xx.o(.text)
    TIM1_CC_IRQHandler                       0x080002bf   Thumb Code     0  startup_stm32g474xx.o(.text)
    TIM1_TRG_COM_TIM17_IRQHandler            0x080002bf   Thumb Code     0  startup_stm32g474xx.o(.text)
    TIM1_UP_TIM16_IRQHandler                 0x080002bf   Thumb Code     0  startup_stm32g474xx.o(.text)
    TIM20_BRK_IRQHandler                     0x080002bf   Thumb Code     0  startup_stm32g474xx.o(.text)
    TIM20_CC_IRQHandler                      0x080002bf   Thumb Code     0  startup_stm32g474xx.o(.text)
    TIM20_TRG_COM_IRQHandler                 0x080002bf   Thumb Code     0  startup_stm32g474xx.o(.text)
    TIM20_UP_IRQHandler                      0x080002bf   Thumb Code     0  startup_stm32g474xx.o(.text)
    TIM2_IRQHandler                          0x080002bf   Thumb Code     0  startup_stm32g474xx.o(.text)
    TIM3_IRQHandler                          0x080002bf   Thumb Code     0  startup_stm32g474xx.o(.text)
    TIM4_IRQHandler                          0x080002bf   Thumb Code     0  startup_stm32g474xx.o(.text)
    TIM5_IRQHandler                          0x080002bf   Thumb Code     0  startup_stm32g474xx.o(.text)
    TIM7_DAC_IRQHandler                      0x080002bf   Thumb Code     0  startup_stm32g474xx.o(.text)
    TIM8_BRK_IRQHandler                      0x080002bf   Thumb Code     0  startup_stm32g474xx.o(.text)
    TIM8_CC_IRQHandler                       0x080002bf   Thumb Code     0  startup_stm32g474xx.o(.text)
    TIM8_TRG_COM_IRQHandler                  0x080002bf   Thumb Code     0  startup_stm32g474xx.o(.text)
    TIM8_UP_IRQHandler                       0x080002bf   Thumb Code     0  startup_stm32g474xx.o(.text)
    UART4_IRQHandler                         0x080002bf   Thumb Code     0  startup_stm32g474xx.o(.text)
    UART5_IRQHandler                         0x080002bf   Thumb Code     0  startup_stm32g474xx.o(.text)
    UCPD1_IRQHandler                         0x080002bf   Thumb Code     0  startup_stm32g474xx.o(.text)
    USART1_IRQHandler                        0x080002bf   Thumb Code     0  startup_stm32g474xx.o(.text)
    USART2_IRQHandler                        0x080002bf   Thumb Code     0  startup_stm32g474xx.o(.text)
    USART3_IRQHandler                        0x080002bf   Thumb Code     0  startup_stm32g474xx.o(.text)
    USBWakeUp_IRQHandler                     0x080002bf   Thumb Code     0  startup_stm32g474xx.o(.text)
    USB_HP_IRQHandler                        0x080002bf   Thumb Code     0  startup_stm32g474xx.o(.text)
    USB_LP_IRQHandler                        0x080002bf   Thumb Code     0  startup_stm32g474xx.o(.text)
    WWDG_IRQHandler                          0x080002bf   Thumb Code     0  startup_stm32g474xx.o(.text)
    __user_initial_stackheap                 0x080002c1   Thumb Code     0  startup_stm32g474xx.o(.text)
    __use_no_semihosting                     0x080002e5   Thumb Code     2  use_no_semi_2.o(.text)
    __aeabi_uldivmod                         0x080002e7   Thumb Code     0  lludivv7m.o(.text)
    _ll_udiv                                 0x080002e7   Thumb Code   240  lludivv7m.o(.text)
    __aeabi_memcpy                           0x080003d7   Thumb Code     0  rt_memcpy_v6.o(.text)
    __rt_memcpy                              0x080003d7   Thumb Code   138  rt_memcpy_v6.o(.text)
    _memcpy_lastbytes                        0x0800043d   Thumb Code     0  rt_memcpy_v6.o(.text)
    __aeabi_memset4                          0x08000461   Thumb Code    16  aeabi_memset4.o(.text)
    __aeabi_memset8                          0x08000461   Thumb Code     0  aeabi_memset4.o(.text)
    __aeabi_memclr4                          0x08000471   Thumb Code     0  rt_memclr_w.o(.text)
    __aeabi_memclr8                          0x08000471   Thumb Code     0  rt_memclr_w.o(.text)
    __rt_memclr_w                            0x08000471   Thumb Code     0  rt_memclr_w.o(.text)
    _memset_w                                0x08000475   Thumb Code    74  rt_memclr_w.o(.text)
    __use_two_region_memory                  0x080004bf   Thumb Code     2  heapauxi.o(.text)
    __rt_heap_escrow$2region                 0x080004c1   Thumb Code     2  heapauxi.o(.text)
    __rt_heap_expand$2region                 0x080004c3   Thumb Code     2  heapauxi.o(.text)
    __I$use$semihosting                      0x080004c5   Thumb Code     0  use_no_semi.o(.text)
    __use_no_semihosting_swi                 0x080004c5   Thumb Code     2  use_no_semi.o(.text)
    __aeabi_memcpy4                          0x080004c7   Thumb Code     0  rt_memcpy_w.o(.text)
    __aeabi_memcpy8                          0x080004c7   Thumb Code     0  rt_memcpy_w.o(.text)
    __rt_memcpy_w                            0x080004c7   Thumb Code   100  rt_memcpy_w.o(.text)
    _memcpy_lastbytes_aligned                0x0800050f   Thumb Code     0  rt_memcpy_w.o(.text)
    __user_setup_stackheap                   0x0800052b   Thumb Code    74  sys_stackheap_outer.o(.text)
    exit                                     0x08000575   Thumb Code    18  exit.o(.text)
    __user_libspace                          0x08000589   Thumb Code     8  libspace.o(.text)
    __user_perproc_libspace                  0x08000589   Thumb Code     0  libspace.o(.text)
    __user_perthread_libspace                0x08000589   Thumb Code     0  libspace.o(.text)
    ADC1_2_IRQHandler                        0x08000591   Thumb Code    30  stm32g4xx_it.o(.text.ADC1_2_IRQHandler)
    ADC3_IRQHandler                          0x080005b1   Thumb Code    12  stm32g4xx_it.o(.text.ADC3_IRQHandler)
    BusFault_Handler                         0x080005bd   Thumb Code     2  stm32g4xx_it.o(.text.BusFault_Handler)
    DMA1_Channel1_IRQHandler                 0x080005c1   Thumb Code    12  stm32g4xx_it.o(.text.DMA1_Channel1_IRQHandler)
    DMA1_Channel2_IRQHandler                 0x080005cd   Thumb Code    12  stm32g4xx_it.o(.text.DMA1_Channel2_IRQHandler)
    DMA2_Channel1_IRQHandler                 0x080005d9   Thumb Code    12  stm32g4xx_it.o(.text.DMA2_Channel1_IRQHandler)
    DebugMon_Handler                         0x080005e5   Thumb Code     2  stm32g4xx_it.o(.text.DebugMon_Handler)
    Error_Handler                            0x080005e9   Thumb Code    10  main.o(.text.Error_Handler)
    HAL_ADCEx_EndOfSamplingCallback          0x080005f5   Thumb Code     2  stm32g4xx_hal_adc_ex.o(.text.HAL_ADCEx_EndOfSamplingCallback)
    HAL_ADCEx_InjectedConvCpltCallback       0x080005f9   Thumb Code     2  stm32g4xx_hal_adc_ex.o(.text.HAL_ADCEx_InjectedConvCpltCallback)
    HAL_ADCEx_InjectedQueueOverflowCallback  0x080005fd   Thumb Code     2  stm32g4xx_hal_adc_ex.o(.text.HAL_ADCEx_InjectedQueueOverflowCallback)
    HAL_ADCEx_LevelOutOfWindow2Callback      0x08000601   Thumb Code     2  stm32g4xx_hal_adc_ex.o(.text.HAL_ADCEx_LevelOutOfWindow2Callback)
    HAL_ADCEx_LevelOutOfWindow3Callback      0x08000605   Thumb Code     2  stm32g4xx_hal_adc_ex.o(.text.HAL_ADCEx_LevelOutOfWindow3Callback)
    HAL_ADCEx_MultiModeConfigChannel         0x08000609   Thumb Code   308  stm32g4xx_hal_adc_ex.o(.text.HAL_ADCEx_MultiModeConfigChannel)
    HAL_ADC_ConfigChannel                    0x0800073d   Thumb Code   950  stm32g4xx_hal_adc.o(.text.HAL_ADC_ConfigChannel)
    HAL_ADC_ConvCpltCallback                 0x08000af5   Thumb Code     2  stm32g4xx_hal_adc.o(.text.HAL_ADC_ConvCpltCallback)
    HAL_ADC_ErrorCallback                    0x08000af9   Thumb Code     2  stm32g4xx_hal_adc.o(.text.HAL_ADC_ErrorCallback)
    HAL_ADC_IRQHandler                       0x08000afd   Thumb Code   826  stm32g4xx_hal_adc.o(.text.HAL_ADC_IRQHandler)
    HAL_ADC_Init                             0x08000e39   Thumb Code   598  stm32g4xx_hal_adc.o(.text.HAL_ADC_Init)
    HAL_ADC_LevelOutOfWindowCallback         0x08001091   Thumb Code     2  stm32g4xx_hal_adc.o(.text.HAL_ADC_LevelOutOfWindowCallback)
    HAL_ADC_MspInit                          0x08001095   Thumb Code   578  adc.o(.text.HAL_ADC_MspInit)
    HAL_DACEx_DMAUnderrunCallbackCh2         0x080012d9   Thumb Code     2  stm32g4xx_hal_dac_ex.o(.text.HAL_DACEx_DMAUnderrunCallbackCh2)
    HAL_DAC_ConfigChannel                    0x080012dd   Thumb Code   496  stm32g4xx_hal_dac.o(.text.HAL_DAC_ConfigChannel)
    HAL_DAC_DMAUnderrunCallbackCh1           0x080014cd   Thumb Code     2  stm32g4xx_hal_dac.o(.text.HAL_DAC_DMAUnderrunCallbackCh1)
    HAL_DAC_IRQHandler                       0x080014d1   Thumb Code   102  stm32g4xx_hal_dac.o(.text.HAL_DAC_IRQHandler)
    HAL_DAC_Init                             0x08001539   Thumb Code    46  stm32g4xx_hal_dac.o(.text.HAL_DAC_Init)
    HAL_DAC_MspInit                          0x08001569   Thumb Code   120  dac.o(.text.HAL_DAC_MspInit)
    HAL_DMA_IRQHandler                       0x080015e1   Thumb Code   170  stm32g4xx_hal_dma.o(.text.HAL_DMA_IRQHandler)
    HAL_DMA_Init                             0x0800168d   Thumb Code   280  stm32g4xx_hal_dma.o(.text.HAL_DMA_Init)
    HAL_FDCAN_Init                           0x080017a5   Thumb Code   614  stm32g4xx_hal_fdcan.o(.text.HAL_FDCAN_Init)
    HAL_FDCAN_MspInit                        0x08001a0d   Thumb Code   152  fdcan.o(.text.HAL_FDCAN_MspInit)
    HAL_GPIO_Init                            0x08001aa5   Thumb Code   434  stm32g4xx_hal_gpio.o(.text.HAL_GPIO_Init)
    HAL_GPIO_WritePin                        0x08001c59   Thumb Code    12  stm32g4xx_hal_gpio.o(.text.HAL_GPIO_WritePin)
    HAL_GetTick                              0x08001c65   Thumb Code    12  stm32g4xx_hal.o(.text.HAL_GetTick)
    HAL_I2CEx_ConfigAnalogFilter             0x08001c71   Thumb Code    74  stm32g4xx_hal_i2c_ex.o(.text.HAL_I2CEx_ConfigAnalogFilter)
    HAL_I2CEx_ConfigDigitalFilter            0x08001cbd   Thumb Code    72  stm32g4xx_hal_i2c_ex.o(.text.HAL_I2CEx_ConfigDigitalFilter)
    HAL_I2C_Init                             0x08001d05   Thumb Code   176  stm32g4xx_hal_i2c.o(.text.HAL_I2C_Init)
    HAL_I2C_MspInit                          0x08001db5   Thumb Code   200  i2c.o(.text.HAL_I2C_MspInit)
    HAL_IncTick                              0x08001e7d   Thumb Code    26  stm32g4xx_hal.o(.text.HAL_IncTick)
    HAL_Init                                 0x08001e99   Thumb Code    30  stm32g4xx_hal.o(.text.HAL_Init)
    HAL_InitTick                             0x08001eb9   Thumb Code   166  stm32g4xx_hal_timebase_tim.o(.text.HAL_InitTick)
    HAL_MspInit                              0x08001f61   Thumb Code    70  stm32g4xx_hal_msp.o(.text.HAL_MspInit)
    HAL_NVIC_EnableIRQ                       0x08001fa9   Thumb Code    34  stm32g4xx_hal_cortex.o(.text.HAL_NVIC_EnableIRQ)
    HAL_NVIC_SetPriority                     0x08001fcd   Thumb Code    86  stm32g4xx_hal_cortex.o(.text.HAL_NVIC_SetPriority)
    HAL_NVIC_SetPriorityGrouping             0x08002025   Thumb Code    32  stm32g4xx_hal_cortex.o(.text.HAL_NVIC_SetPriorityGrouping)
    HAL_PWREx_ControlVoltageScaling          0x08002045   Thumb Code   270  stm32g4xx_hal_pwr_ex.o(.text.HAL_PWREx_ControlVoltageScaling)
    HAL_PWREx_DisableUCPDDeadBattery         0x08002155   Thumb Code    18  stm32g4xx_hal_pwr_ex.o(.text.HAL_PWREx_DisableUCPDDeadBattery)
    HAL_RCCEx_PeriphCLKConfig                0x08002169   Thumb Code   726  stm32g4xx_hal_rcc_ex.o(.text.HAL_RCCEx_PeriphCLKConfig)
    HAL_RCC_ClockConfig                      0x08002441   Thumb Code   772  stm32g4xx_hal_rcc.o(.text.HAL_RCC_ClockConfig)
    HAL_RCC_GetClockConfig                   0x08002745   Thumb Code    66  stm32g4xx_hal_rcc.o(.text.HAL_RCC_GetClockConfig)
    HAL_RCC_GetHCLKFreq                      0x08002789   Thumb Code    12  stm32g4xx_hal_rcc.o(.text.HAL_RCC_GetHCLKFreq)
    HAL_RCC_GetPCLK1Freq                     0x08002795   Thumb Code    42  stm32g4xx_hal_rcc.o(.text.HAL_RCC_GetPCLK1Freq)
    HAL_RCC_GetPCLK2Freq                     0x080027c1   Thumb Code    42  stm32g4xx_hal_rcc.o(.text.HAL_RCC_GetPCLK2Freq)
    HAL_RCC_GetSysClockFreq                  0x080027ed   Thumb Code   130  stm32g4xx_hal_rcc.o(.text.HAL_RCC_GetSysClockFreq)
    HAL_RCC_OscConfig                        0x08002871   Thumb Code  1230  stm32g4xx_hal_rcc.o(.text.HAL_RCC_OscConfig)
    HAL_TIMEx_Break2Callback                 0x08002d41   Thumb Code     2  stm32g4xx_hal_tim_ex.o(.text.HAL_TIMEx_Break2Callback)
    HAL_TIMEx_BreakCallback                  0x08002d45   Thumb Code     2  stm32g4xx_hal_tim_ex.o(.text.HAL_TIMEx_BreakCallback)
    HAL_TIMEx_CommutCallback                 0x08002d49   Thumb Code     2  stm32g4xx_hal_tim_ex.o(.text.HAL_TIMEx_CommutCallback)
    HAL_TIMEx_ConfigBreakDeadTime            0x08002d4d   Thumb Code   212  stm32g4xx_hal_tim_ex.o(.text.HAL_TIMEx_ConfigBreakDeadTime)
    HAL_TIMEx_DirectionChangeCallback        0x08002e21   Thumb Code     2  stm32g4xx_hal_tim_ex.o(.text.HAL_TIMEx_DirectionChangeCallback)
    HAL_TIMEx_EncoderIndexCallback           0x08002e25   Thumb Code     2  stm32g4xx_hal_tim_ex.o(.text.HAL_TIMEx_EncoderIndexCallback)
    HAL_TIMEx_IndexErrorCallback             0x08002e29   Thumb Code     2  stm32g4xx_hal_tim_ex.o(.text.HAL_TIMEx_IndexErrorCallback)
    HAL_TIMEx_MasterConfigSynchronization    0x08002e2d   Thumb Code   222  stm32g4xx_hal_tim_ex.o(.text.HAL_TIMEx_MasterConfigSynchronization)
    HAL_TIMEx_TransitionErrorCallback        0x08002f0d   Thumb Code     2  stm32g4xx_hal_tim_ex.o(.text.HAL_TIMEx_TransitionErrorCallback)
    HAL_TIM_Base_Init                        0x08002f11   Thumb Code    98  stm32g4xx_hal_tim.o(.text.HAL_TIM_Base_Init)
    HAL_TIM_Base_MspInit                     0x08002f75   Thumb Code   176  tim.o(.text.HAL_TIM_Base_MspInit)
    HAL_TIM_Base_Start_IT                    0x08003025   Thumb Code   186  stm32g4xx_hal_tim.o(.text.HAL_TIM_Base_Start_IT)
    HAL_TIM_IC_CaptureCallback               0x080030e1   Thumb Code     2  stm32g4xx_hal_tim.o(.text.HAL_TIM_IC_CaptureCallback)
    HAL_TIM_IC_ConfigChannel                 0x080030e5   Thumb Code   458  stm32g4xx_hal_tim.o(.text.HAL_TIM_IC_ConfigChannel)
    HAL_TIM_IC_Init                          0x080032b1   Thumb Code    98  stm32g4xx_hal_tim.o(.text.HAL_TIM_IC_Init)
    HAL_TIM_IC_MspInit                       0x08003315   Thumb Code     2  stm32g4xx_hal_tim.o(.text.HAL_TIM_IC_MspInit)
    HAL_TIM_IRQHandler                       0x08003319   Thumb Code   460  stm32g4xx_hal_tim.o(.text.HAL_TIM_IRQHandler)
    HAL_TIM_OC_ConfigChannel                 0x080034e5   Thumb Code   868  stm32g4xx_hal_tim.o(.text.HAL_TIM_OC_ConfigChannel)
    HAL_TIM_OC_DelayElapsedCallback          0x08003849   Thumb Code     2  stm32g4xx_hal_tim.o(.text.HAL_TIM_OC_DelayElapsedCallback)
    HAL_TIM_OC_Init                          0x0800384d   Thumb Code    98  stm32g4xx_hal_tim.o(.text.HAL_TIM_OC_Init)
    HAL_TIM_OC_MspInit                       0x080038b1   Thumb Code    48  tim.o(.text.HAL_TIM_OC_MspInit)
    HAL_TIM_PWM_ConfigChannel                0x080038e1   Thumb Code  1020  stm32g4xx_hal_tim.o(.text.HAL_TIM_PWM_ConfigChannel)
    HAL_TIM_PWM_Init                         0x08003cdd   Thumb Code    98  stm32g4xx_hal_tim.o(.text.HAL_TIM_PWM_Init)
    HAL_TIM_PWM_MspInit                      0x08003d41   Thumb Code    90  tim.o(.text.HAL_TIM_PWM_MspInit)
    HAL_TIM_PWM_PulseFinishedCallback        0x08003d9d   Thumb Code     2  stm32g4xx_hal_tim.o(.text.HAL_TIM_PWM_PulseFinishedCallback)
    HAL_TIM_PeriodElapsedCallback            0x08003da1   Thumb Code    20  main.o(.text.HAL_TIM_PeriodElapsedCallback)
    HAL_TIM_TriggerCallback                  0x08003db5   Thumb Code     2  stm32g4xx_hal_tim.o(.text.HAL_TIM_TriggerCallback)
    HAL_UARTEx_DisableFifoMode               0x08003db9   Thumb Code    54  stm32g4xx_hal_uart_ex.o(.text.HAL_UARTEx_DisableFifoMode)
    HAL_UARTEx_SetRxFifoThreshold            0x08003df1   Thumb Code   140  stm32g4xx_hal_uart_ex.o(.text.HAL_UARTEx_SetRxFifoThreshold)
    HAL_UARTEx_SetTxFifoThreshold            0x08003e7d   Thumb Code   140  stm32g4xx_hal_uart_ex.o(.text.HAL_UARTEx_SetTxFifoThreshold)
    HAL_UART_Init                            0x08003f09   Thumb Code   100  stm32g4xx_hal_uart.o(.text.HAL_UART_Init)
    HAL_UART_MspInit                         0x08003f6d   Thumb Code   232  usart.o(.text.HAL_UART_MspInit)
    HardFault_Handler                        0x08004055   Thumb Code     2  stm32g4xx_it.o(.text.HardFault_Handler)
    MX_ADC1_Init                             0x08004059   Thumb Code   286  adc.o(.text.MX_ADC1_Init)
    MX_ADC2_Init                             0x08004179   Thumb Code   224  adc.o(.text.MX_ADC2_Init)
    MX_ADC3_Init                             0x08004259   Thumb Code   172  adc.o(.text.MX_ADC3_Init)
    MX_DAC1_Init                             0x08004305   Thumb Code    96  dac.o(.text.MX_DAC1_Init)
    MX_DMA_Init                              0x08004365   Thumb Code   120  dma.o(.text.MX_DMA_Init)
    MX_FDCAN1_Init                           0x080043dd   Thumb Code    76  fdcan.o(.text.MX_FDCAN1_Init)
    MX_FREERTOS_Init                         0x08004429   Thumb Code    36  app_freertos.o(.text.MX_FREERTOS_Init)
    MX_GPIO_Init                             0x0800444d   Thumb Code   314  gpio.o(.text.MX_GPIO_Init)
    MX_I2C1_Init                             0x08004589   Thumb Code   108  i2c.o(.text.MX_I2C1_Init)
    MX_LPUART1_UART_Init                     0x080045f5   Thumb Code   132  usart.o(.text.MX_LPUART1_UART_Init)
    MX_TIM16_Init                            0x08004679   Thumb Code   112  tim.o(.text.MX_TIM16_Init)
    MX_TIM17_Init                            0x080046e9   Thumb Code   112  tim.o(.text.MX_TIM17_Init)
    MX_TIM20_Init                            0x08004759   Thumb Code   372  tim.o(.text.MX_TIM20_Init)
    MX_TIM3_Init                             0x080048cd   Thumb Code   296  tim.o(.text.MX_TIM3_Init)
    MX_TIM8_Init                             0x080049f5   Thumb Code   376  tim.o(.text.MX_TIM8_Init)
    MX_USART3_UART_Init                      0x08004b6d   Thumb Code   130  usart.o(.text.MX_USART3_UART_Init)
    MemManage_Handler                        0x08004bf1   Thumb Code     2  stm32g4xx_it.o(.text.MemManage_Handler)
    NMI_Handler                              0x08004bf5   Thumb Code     2  stm32g4xx_it.o(.text.NMI_Handler)
    PendSV_Handler                           0x08004c01   Thumb Code   100  port.o(.text.PendSV_Handler)
    SVC_Handler                              0x08004c71   Thumb Code    36  port.o(.text.SVC_Handler)
    StartDefaultTask                         0x08004c95   Thumb Code     8  app_freertos.o(.text.StartDefaultTask)
    SysTick_Handler                          0x08004c9d   Thumb Code    30  cmsis_os2.o(.text.SysTick_Handler)
    SystemInit                               0x08004cbd   Thumb Code    18  system_stm32g4xx.o(.text.SystemInit)
    TIM6_DAC_IRQHandler                      0x08004cd1   Thumb Code    30  stm32g4xx_it.o(.text.TIM6_DAC_IRQHandler)
    TIM_Base_SetConfig                       0x08004cf1   Thumb Code   338  stm32g4xx_hal_tim.o(.text.TIM_Base_SetConfig)
    UART_AdvFeatureConfig                    0x08004e45   Thumb Code   230  stm32g4xx_hal_uart.o(.text.UART_AdvFeatureConfig)
    UART_CheckIdleState                      0x08004f2d   Thumb Code   362  stm32g4xx_hal_uart.o(.text.UART_CheckIdleState)
    UART_SetConfig                           0x08005099   Thumb Code   676  stm32g4xx_hal_uart.o(.text.UART_SetConfig)
    UART_WaitOnFlagUntilTimeout              0x0800534d   Thumb Code   822  stm32g4xx_hal_uart.o(.text.UART_WaitOnFlagUntilTimeout)
    UsageFault_Handler                       0x08005685   Thumb Code     2  stm32g4xx_it.o(.text.UsageFault_Handler)
    _sys_exit                                0x08005689   Thumb Code     2  usart.o(.text._sys_exit)
    main                                     0x0800568d   Thumb Code   178  main.o(.text.main)
    osDelay                                  0x08005741   Thumb Code    32  cmsis_os2.o(.text.osDelay)
    osKernelInitialize                       0x08005761   Thumb Code    40  cmsis_os2.o(.text.osKernelInitialize)
    osKernelStart                            0x08005789   Thumb Code    60  cmsis_os2.o(.text.osKernelStart)
    osThreadNew                              0x080057c5   Thumb Code   148  cmsis_os2.o(.text.osThreadNew)
    pvPortMalloc                             0x080060c9   Thumb Code   488  heap_4.o(.text.pvPortMalloc)
    pxPortInitialiseStack                    0x080062b1   Thumb Code    36  port.o(.text.pxPortInitialiseStack)
    uxListRemove                             0x080062d5   Thumb Code    34  list.o(.text.uxListRemove)
    vApplicationGetIdleTaskMemory            0x080062f9   Thumb Code    26  cmsis_os2.o(.text.vApplicationGetIdleTaskMemory)
    vApplicationGetTimerTaskMemory           0x08006315   Thumb Code    28  cmsis_os2.o(.text.vApplicationGetTimerTaskMemory)
    vListInitialise                          0x08006331   Thumb Code    22  list.o(.text.vListInitialise)
    vListInitialiseItem                      0x08006349   Thumb Code     6  list.o(.text.vListInitialiseItem)
    vListInsert                              0x08006351   Thumb Code    98  list.o(.text.vListInsert)
    vListInsertEnd                           0x080063b5   Thumb Code    26  list.o(.text.vListInsertEnd)
    vPortEnterCritical                       0x080063e5   Thumb Code    70  port.o(.text.vPortEnterCritical)
    vPortExitCritical                        0x0800642d   Thumb Code    46  port.o(.text.vPortExitCritical)
    vPortFree                                0x0800645d   Thumb Code   222  heap_4.o(.text.vPortFree)
    vPortSetupTimerInterrupt                 0x0800653d   Thumb Code    52  port.o(.text.vPortSetupTimerInterrupt)
    vQueueAddToRegistry                      0x08006571   Thumb Code    88  queue.o(.text.vQueueAddToRegistry)
    vQueueWaitForMessageRestricted           0x080065c9   Thumb Code    82  queue.o(.text.vQueueWaitForMessageRestricted)
    vTaskDelay                               0x0800661d   Thumb Code   128  tasks.o(.text.vTaskDelay)
    vTaskInternalSetTimeOutState             0x0800669d   Thumb Code    18  tasks.o(.text.vTaskInternalSetTimeOutState)
    vTaskMissedYield                         0x080066b1   Thumb Code    14  tasks.o(.text.vTaskMissedYield)
    vTaskPlaceOnEventList                    0x080066c1   Thumb Code   116  tasks.o(.text.vTaskPlaceOnEventList)
    vTaskPlaceOnEventListRestricted          0x08006735   Thumb Code   122  tasks.o(.text.vTaskPlaceOnEventListRestricted)
    vTaskStartScheduler                      0x080067b1   Thumb Code   232  tasks.o(.text.vTaskStartScheduler)
    vTaskSuspendAll                          0x080068a1   Thumb Code    16  tasks.o(.text.vTaskSuspendAll)
    vTaskSwitchContext                       0x080068b1   Thumb Code   204  tasks.o(.text.vTaskSwitchContext)
    xPortStartScheduler                      0x0800697d   Thumb Code   392  port.o(.text.xPortStartScheduler)
    xPortSysTickHandler                      0x08006b05   Thumb Code    46  port.o(.text.xPortSysTickHandler)
    xQueueGenericCreateStatic                0x08006b35   Thumb Code   218  queue.o(.text.xQueueGenericCreateStatic)
    xQueueGenericSend                        0x08006c11   Thumb Code   704  queue.o(.text.xQueueGenericSend)
    xQueueReceive                            0x08006ed1   Thumb Code   574  queue.o(.text.xQueueReceive)
    xTaskCheckForTimeOut                     0x08007111   Thumb Code   154  tasks.o(.text.xTaskCheckForTimeOut)
    xTaskCreate                              0x080071ad   Thumb Code    96  tasks.o(.text.xTaskCreate)
    xTaskCreateStatic                        0x0800720d   Thumb Code   118  tasks.o(.text.xTaskCreateStatic)
    xTaskGetSchedulerState                   0x08007285   Thumb Code    30  tasks.o(.text.xTaskGetSchedulerState)
    xTaskGetTickCount                        0x080072a5   Thumb Code    12  tasks.o(.text.xTaskGetTickCount)
    xTaskIncrementTick                       0x080072b1   Thumb Code   260  tasks.o(.text.xTaskIncrementTick)
    xTaskPriorityDisinherit                  0x080073b5   Thumb Code   142  tasks.o(.text.xTaskPriorityDisinherit)
    xTaskRemoveFromEventList                 0x08007445   Thumb Code   114  tasks.o(.text.xTaskRemoveFromEventList)
    xTaskResumeAll                           0x080074b9   Thumb Code   238  tasks.o(.text.xTaskResumeAll)
    xTimerCreateTimerTask                    0x080075a9   Thumb Code   172  timers.o(.text.xTimerCreateTimerTask)
    _fp_init                                 0x0800765d   Thumb Code    26  fpinit.o(x$fpl$fpinit)
    __fplib_config_fpu_vfp                   0x08007675   Thumb Code     0  fpinit.o(x$fpl$fpinit)
    __fplib_config_pureend_doubles           0x08007675   Thumb Code     0  fpinit.o(x$fpl$fpinit)
    AHBPrescTable                            0x08007676   Data          16  system_stm32g4xx.o(.rodata.AHBPrescTable)
    APBPrescTable                            0x08007686   Data           8  system_stm32g4xx.o(.rodata.APBPrescTable)
    UARTPrescTable                           0x0800768e   Data          24  stm32g4xx_hal_uart.o(.rodata.UARTPrescTable)
    defaultTask_attributes                   0x080076c8   Data          36  app_freertos.o(.rodata.defaultTask_attributes)
    Region$$Table$$Base                      0x08007700   Number         0  anon$$obj.o(Region$$Table)
    Region$$Table$$Limit                     0x08007720   Number         0  anon$$obj.o(Region$$Table)
    uwTickPrio                               0x20000000   Data           4  stm32g4xx_hal.o(.data..L_MergedGlobals)
    uwTickFreq                               0x20000004   Data           4  stm32g4xx_hal.o(.data..L_MergedGlobals)
    SystemCoreClock                          0x20000008   Data           4  system_stm32g4xx.o(.data.SystemCoreClock)
    __libspace_start                         0x20000010   Data          96  libspace.o(.bss)
    __temporary_stack_top$libspace           0x20000070   Data           0  libspace.o(.bss)
    hdma_adc1                                0x20000074   Data          96  adc.o(.bss..L_MergedGlobals)
    pxCurrentTCB                             0x200000d4   Data           4  tasks.o(.bss..L_MergedGlobals)
    defaultTaskHandle                        0x200001dc   Data           4  app_freertos.o(.bss.defaultTaskHandle)
    hadc1                                    0x200001e0   Data         108  adc.o(.bss.hadc1)
    hadc2                                    0x2000024c   Data         108  adc.o(.bss.hadc2)
    hadc3                                    0x200002b8   Data         108  adc.o(.bss.hadc3)
    hdac1                                    0x20000324   Data          20  dac.o(.bss.hdac1)
    hdma_adc2                                0x20000338   Data          96  adc.o(.bss.hdma_adc2)
    hdma_adc3                                0x20000398   Data          96  adc.o(.bss.hdma_adc3)
    hfdcan1                                  0x200003f8   Data         100  fdcan.o(.bss.hfdcan1)
    hi2c1                                    0x2000045c   Data          84  i2c.o(.bss.hi2c1)
    hlpuart1                                 0x200004b0   Data         148  usart.o(.bss.hlpuart1)
    htim16                                   0x20000544   Data          76  tim.o(.bss.htim16)
    htim17                                   0x20000590   Data          76  tim.o(.bss.htim17)
    htim20                                   0x200005dc   Data          76  tim.o(.bss.htim20)
    htim3                                    0x20000628   Data          76  tim.o(.bss.htim3)
    htim6                                    0x20000674   Data          76  stm32g4xx_hal_timebase_tim.o(.bss.htim6)
    htim8                                    0x200006c0   Data          76  tim.o(.bss.htim8)
    huart3                                   0x2000070c   Data         148  usart.o(.bss.huart3)
    uwTick                                   0x200018f0   Data           4  stm32g4xx_hal.o(.bss.uwTick)
    xQueueRegistry                           0x20001fac   Data          64  queue.o(.bss.xQueueRegistry)



==============================================================================

Memory Map of the image

  Image Entry point : 0x080001d9

  Load Region LR_IROM1 (Base: 0x08000000, Size: 0x00007730, Max: 0x00080000, ABSOLUTE)

    Execution Region ER_IROM1 (Exec base: 0x08000000, Load base: 0x08000000, Size: 0x00007720, Max: 0x00080000, ABSOLUTE)

    Exec Addr    Load Addr    Size         Type   Attr      Idx    E Section Name        Object

    0x08000000   0x08000000   0x000001d8   Data   RO            3    RESET               startup_stm32g474xx.o
    0x080001d8   0x080001d8   0x00000008   Code   RO         2564  * !!!main             c_w.l(__main.o)
    0x080001e0   0x080001e0   0x0000005c   Code   RO         2750    !!!scatter          c_w.l(__scatter.o)
    0x0800023c   0x0800023c   0x0000001a   Code   RO         2754    !!handler_copy      c_w.l(__scatter_copy.o)
    0x08000256   0x08000256   0x00000002   PAD
    0x08000258   0x08000258   0x00000002   Code   RO         2751    !!handler_null      c_w.l(__scatter.o)
    0x0800025a   0x0800025a   0x00000002   PAD
    0x0800025c   0x0800025c   0x0000001c   Code   RO         2756    !!handler_zi        c_w.l(__scatter_zi.o)
    0x08000278   0x08000278   0x00000002   Code   RO         2622    .ARM.Collect$$libinit$$00000000  c_w.l(libinit.o)
    0x0800027a   0x0800027a   0x00000004   Code   RO         2634    .ARM.Collect$$libinit$$00000001  c_w.l(libinit2.o)
    0x0800027e   0x0800027e   0x00000000   Code   RO         2637    .ARM.Collect$$libinit$$00000004  c_w.l(libinit2.o)
    0x0800027e   0x0800027e   0x00000000   Code   RO         2639    .ARM.Collect$$libinit$$00000006  c_w.l(libinit2.o)
    0x0800027e   0x0800027e   0x00000000   Code   RO         2642    .ARM.Collect$$libinit$$0000000C  c_w.l(libinit2.o)
    0x0800027e   0x0800027e   0x00000000   Code   RO         2644    .ARM.Collect$$libinit$$0000000E  c_w.l(libinit2.o)
    0x0800027e   0x0800027e   0x00000000   Code   RO         2646    .ARM.Collect$$libinit$$00000010  c_w.l(libinit2.o)
    0x0800027e   0x0800027e   0x00000000   Code   RO         2649    .ARM.Collect$$libinit$$00000013  c_w.l(libinit2.o)
    0x0800027e   0x0800027e   0x00000000   Code   RO         2651    .ARM.Collect$$libinit$$00000015  c_w.l(libinit2.o)
    0x0800027e   0x0800027e   0x00000000   Code   RO         2653    .ARM.Collect$$libinit$$00000017  c_w.l(libinit2.o)
    0x0800027e   0x0800027e   0x00000000   Code   RO         2655    .ARM.Collect$$libinit$$00000019  c_w.l(libinit2.o)
    0x0800027e   0x0800027e   0x00000000   Code   RO         2657    .ARM.Collect$$libinit$$0000001B  c_w.l(libinit2.o)
    0x0800027e   0x0800027e   0x00000000   Code   RO         2659    .ARM.Collect$$libinit$$0000001D  c_w.l(libinit2.o)
    0x0800027e   0x0800027e   0x00000000   Code   RO         2661    .ARM.Collect$$libinit$$0000001F  c_w.l(libinit2.o)
    0x0800027e   0x0800027e   0x00000000   Code   RO         2663    .ARM.Collect$$libinit$$00000021  c_w.l(libinit2.o)
    0x0800027e   0x0800027e   0x00000000   Code   RO         2665    .ARM.Collect$$libinit$$00000023  c_w.l(libinit2.o)
    0x0800027e   0x0800027e   0x00000000   Code   RO         2667    .ARM.Collect$$libinit$$00000025  c_w.l(libinit2.o)
    0x0800027e   0x0800027e   0x00000000   Code   RO         2669    .ARM.Collect$$libinit$$00000027  c_w.l(libinit2.o)
    0x0800027e   0x0800027e   0x00000000   Code   RO         2673    .ARM.Collect$$libinit$$0000002E  c_w.l(libinit2.o)
    0x0800027e   0x0800027e   0x00000000   Code   RO         2675    .ARM.Collect$$libinit$$00000030  c_w.l(libinit2.o)
    0x0800027e   0x0800027e   0x00000000   Code   RO         2677    .ARM.Collect$$libinit$$00000032  c_w.l(libinit2.o)
    0x0800027e   0x0800027e   0x00000000   Code   RO         2679    .ARM.Collect$$libinit$$00000034  c_w.l(libinit2.o)
    0x0800027e   0x0800027e   0x00000002   Code   RO         2680    .ARM.Collect$$libinit$$00000035  c_w.l(libinit2.o)
    0x08000280   0x08000280   0x00000002   Code   RO         2704    .ARM.Collect$$libshutdown$$00000000  c_w.l(libshutdown.o)
    0x08000282   0x08000282   0x00000000   Code   RO         2732    .ARM.Collect$$libshutdown$$00000002  c_w.l(libshutdown2.o)
    0x08000282   0x08000282   0x00000000   Code   RO         2734    .ARM.Collect$$libshutdown$$00000004  c_w.l(libshutdown2.o)
    0x08000282   0x08000282   0x00000000   Code   RO         2737    .ARM.Collect$$libshutdown$$00000007  c_w.l(libshutdown2.o)
    0x08000282   0x08000282   0x00000000   Code   RO         2740    .ARM.Collect$$libshutdown$$0000000A  c_w.l(libshutdown2.o)
    0x08000282   0x08000282   0x00000000   Code   RO         2742    .ARM.Collect$$libshutdown$$0000000C  c_w.l(libshutdown2.o)
    0x08000282   0x08000282   0x00000000   Code   RO         2745    .ARM.Collect$$libshutdown$$0000000F  c_w.l(libshutdown2.o)
    0x08000282   0x08000282   0x00000002   Code   RO         2746    .ARM.Collect$$libshutdown$$00000010  c_w.l(libshutdown2.o)
    0x08000284   0x08000284   0x00000000   Code   RO         2580    .ARM.Collect$$rtentry$$00000000  c_w.l(__rtentry.o)
    0x08000284   0x08000284   0x00000000   Code   RO         2593    .ARM.Collect$$rtentry$$00000002  c_w.l(__rtentry2.o)
    0x08000284   0x08000284   0x00000006   Code   RO         2605    .ARM.Collect$$rtentry$$00000004  c_w.l(__rtentry4.o)
    0x0800028a   0x0800028a   0x00000000   Code   RO         2595    .ARM.Collect$$rtentry$$00000009  c_w.l(__rtentry2.o)
    0x0800028a   0x0800028a   0x00000004   Code   RO         2596    .ARM.Collect$$rtentry$$0000000A  c_w.l(__rtentry2.o)
    0x0800028e   0x0800028e   0x00000000   Code   RO         2598    .ARM.Collect$$rtentry$$0000000C  c_w.l(__rtentry2.o)
    0x0800028e   0x0800028e   0x00000008   Code   RO         2599    .ARM.Collect$$rtentry$$0000000D  c_w.l(__rtentry2.o)
    0x08000296   0x08000296   0x00000002   Code   RO         2626    .ARM.Collect$$rtexit$$00000000  c_w.l(rtexit.o)
    0x08000298   0x08000298   0x00000000   Code   RO         2682    .ARM.Collect$$rtexit$$00000002  c_w.l(rtexit2.o)
    0x08000298   0x08000298   0x00000004   Code   RO         2683    .ARM.Collect$$rtexit$$00000003  c_w.l(rtexit2.o)
    0x0800029c   0x0800029c   0x00000006   Code   RO         2684    .ARM.Collect$$rtexit$$00000004  c_w.l(rtexit2.o)
    0x080002a2   0x080002a2   0x00000002   PAD
    0x080002a4   0x080002a4   0x00000040   Code   RO            4    .text               startup_stm32g474xx.o
    0x080002e4   0x080002e4   0x00000002   Code   RO         2548    .text               c_w.l(use_no_semi_2.o)
    0x080002e6   0x080002e6   0x000000f0   Code   RO         2550    .text               c_w.l(lludivv7m.o)
    0x080003d6   0x080003d6   0x0000008a   Code   RO         2552    .text               c_w.l(rt_memcpy_v6.o)
    0x08000460   0x08000460   0x00000010   Code   RO         2556    .text               c_w.l(aeabi_memset4.o)
    0x08000470   0x08000470   0x0000004e   Code   RO         2560    .text               c_w.l(rt_memclr_w.o)
    0x080004be   0x080004be   0x00000006   Code   RO         2562    .text               c_w.l(heapauxi.o)
    0x080004c4   0x080004c4   0x00000002   Code   RO         2578    .text               c_w.l(use_no_semi.o)
    0x080004c6   0x080004c6   0x00000064   Code   RO         2585    .text               c_w.l(rt_memcpy_w.o)
    0x0800052a   0x0800052a   0x0000004a   Code   RO         2609    .text               c_w.l(sys_stackheap_outer.o)
    0x08000574   0x08000574   0x00000012   Code   RO         2611    .text               c_w.l(exit.o)
    0x08000586   0x08000586   0x00000002   PAD
    0x08000588   0x08000588   0x00000008   Code   RO         2623    .text               c_w.l(libspace.o)
    0x08000590   0x08000590   0x0000001e   Code   RO          221    .text.ADC1_2_IRQHandler  stm32g4xx_it.o
    0x080005ae   0x080005ae   0x00000002   PAD
    0x080005b0   0x080005b0   0x0000000c   Code   RO          223    .text.ADC3_IRQHandler  stm32g4xx_it.o
    0x080005bc   0x080005bc   0x00000002   Code   RO          211    .text.BusFault_Handler  stm32g4xx_it.o
    0x080005be   0x080005be   0x00000002   PAD
    0x080005c0   0x080005c0   0x0000000c   Code   RO          217    .text.DMA1_Channel1_IRQHandler  stm32g4xx_it.o
    0x080005cc   0x080005cc   0x0000000c   Code   RO          219    .text.DMA1_Channel2_IRQHandler  stm32g4xx_it.o
    0x080005d8   0x080005d8   0x0000000c   Code   RO          227    .text.DMA2_Channel1_IRQHandler  stm32g4xx_it.o
    0x080005e4   0x080005e4   0x00000002   Code   RO          215    .text.DebugMon_Handler  stm32g4xx_it.o
    0x080005e6   0x080005e6   0x00000002   PAD
    0x080005e8   0x080005e8   0x0000000a   Code   RO           15    .text.Error_Handler  main.o
    0x080005f2   0x080005f2   0x00000002   PAD
    0x080005f4   0x080005f4   0x00000002   Code   RO          830    .text.HAL_ADCEx_EndOfSamplingCallback  stm32g4xx_hal_adc_ex.o
    0x080005f6   0x080005f6   0x00000002   PAD
    0x080005f8   0x080005f8   0x00000002   Code   RO          822    .text.HAL_ADCEx_InjectedConvCpltCallback  stm32g4xx_hal_adc_ex.o
    0x080005fa   0x080005fa   0x00000002   PAD
    0x080005fc   0x080005fc   0x00000002   Code   RO          824    .text.HAL_ADCEx_InjectedQueueOverflowCallback  stm32g4xx_hal_adc_ex.o
    0x080005fe   0x080005fe   0x00000002   PAD
    0x08000600   0x08000600   0x00000002   Code   RO          826    .text.HAL_ADCEx_LevelOutOfWindow2Callback  stm32g4xx_hal_adc_ex.o
    0x08000602   0x08000602   0x00000002   PAD
    0x08000604   0x08000604   0x00000002   Code   RO          828    .text.HAL_ADCEx_LevelOutOfWindow3Callback  stm32g4xx_hal_adc_ex.o
    0x08000606   0x08000606   0x00000002   PAD
    0x08000608   0x08000608   0x00000134   Code   RO          842    .text.HAL_ADCEx_MultiModeConfigChannel  stm32g4xx_hal_adc_ex.o
    0x0800073c   0x0800073c   0x000003b6   Code   RO          782    .text.HAL_ADC_ConfigChannel  stm32g4xx_hal_adc.o
    0x08000af2   0x08000af2   0x00000002   PAD
    0x08000af4   0x08000af4   0x00000002   Code   RO          774    .text.HAL_ADC_ConvCpltCallback  stm32g4xx_hal_adc.o
    0x08000af6   0x08000af6   0x00000002   PAD
    0x08000af8   0x08000af8   0x00000002   Code   RO          778    .text.HAL_ADC_ErrorCallback  stm32g4xx_hal_adc.o
    0x08000afa   0x08000afa   0x00000002   PAD
    0x08000afc   0x08000afc   0x0000033a   Code   RO          772    .text.HAL_ADC_IRQHandler  stm32g4xx_hal_adc.o
    0x08000e36   0x08000e36   0x00000002   PAD
    0x08000e38   0x08000e38   0x00000256   Code   RO          730    .text.HAL_ADC_Init  stm32g4xx_hal_adc.o
    0x0800108e   0x0800108e   0x00000002   PAD
    0x08001090   0x08001090   0x00000002   Code   RO          776    .text.HAL_ADC_LevelOutOfWindowCallback  stm32g4xx_hal_adc.o
    0x08001092   0x08001092   0x00000002   PAD
    0x08001094   0x08001094   0x00000242   Code   RO           57    .text.HAL_ADC_MspInit  adc.o
    0x080012d6   0x080012d6   0x00000002   PAD
    0x080012d8   0x080012d8   0x00000002   Code   RO         1458    .text.HAL_DACEx_DMAUnderrunCallbackCh2  stm32g4xx_hal_dac_ex.o
    0x080012da   0x080012da   0x00000002   PAD
    0x080012dc   0x080012dc   0x000001f0   Code   RO         1412    .text.HAL_DAC_ConfigChannel  stm32g4xx_hal_dac.o
    0x080014cc   0x080014cc   0x00000002   Code   RO         1400    .text.HAL_DAC_DMAUnderrunCallbackCh1  stm32g4xx_hal_dac.o
    0x080014ce   0x080014ce   0x00000002   PAD
    0x080014d0   0x080014d0   0x00000066   Code   RO         1398    .text.HAL_DAC_IRQHandler  stm32g4xx_hal_dac.o
    0x08001536   0x08001536   0x00000002   PAD
    0x08001538   0x08001538   0x0000002e   Code   RO         1376    .text.HAL_DAC_Init  stm32g4xx_hal_dac.o
    0x08001566   0x08001566   0x00000002   PAD
    0x08001568   0x08001568   0x00000078   Code   RO           77    .text.HAL_DAC_MspInit  dac.o
    0x080015e0   0x080015e0   0x000000aa   Code   RO         1168    .text.HAL_DMA_IRQHandler  stm32g4xx_hal_dma.o
    0x0800168a   0x0800168a   0x00000002   PAD
    0x0800168c   0x0800168c   0x00000118   Code   RO         1154    .text.HAL_DMA_Init  stm32g4xx_hal_dma.o
    0x080017a4   0x080017a4   0x00000266   Code   RO         1476    .text.HAL_FDCAN_Init  stm32g4xx_hal_fdcan.o
    0x08001a0a   0x08001a0a   0x00000002   PAD
    0x08001a0c   0x08001a0c   0x00000098   Code   RO          101    .text.HAL_FDCAN_MspInit  fdcan.o
    0x08001aa4   0x08001aa4   0x000001b2   Code   RO         1104    .text.HAL_GPIO_Init  stm32g4xx_hal_gpio.o
    0x08001c56   0x08001c56   0x00000002   PAD
    0x08001c58   0x08001c58   0x0000000c   Code   RO         1110    .text.HAL_GPIO_WritePin  stm32g4xx_hal_gpio.o
    0x08001c64   0x08001c64   0x0000000c   Code   RO          873    .text.HAL_GetTick   stm32g4xx_hal.o
    0x08001c70   0x08001c70   0x0000004a   Code   RO         1759    .text.HAL_I2CEx_ConfigAnalogFilter  stm32g4xx_hal_i2c_ex.o
    0x08001cba   0x08001cba   0x00000002   PAD
    0x08001cbc   0x08001cbc   0x00000048   Code   RO         1761    .text.HAL_I2CEx_ConfigDigitalFilter  stm32g4xx_hal_i2c_ex.o
    0x08001d04   0x08001d04   0x000000b0   Code   RO         1605    .text.HAL_I2C_Init  stm32g4xx_hal_i2c.o
    0x08001db4   0x08001db4   0x000000c8   Code   RO          126    .text.HAL_I2C_MspInit  i2c.o
    0x08001e7c   0x08001e7c   0x0000001a   Code   RO          871    .text.HAL_IncTick   stm32g4xx_hal.o
    0x08001e96   0x08001e96   0x00000002   PAD
    0x08001e98   0x08001e98   0x0000001e   Code   RO          861    .text.HAL_Init      stm32g4xx_hal.o
    0x08001eb6   0x08001eb6   0x00000002   PAD
    0x08001eb8   0x08001eb8   0x000000a6   Code   RO          245    .text.HAL_InitTick  stm32g4xx_hal_timebase_tim.o
    0x08001f5e   0x08001f5e   0x00000002   PAD
    0x08001f60   0x08001f60   0x00000046   Code   RO          236    .text.HAL_MspInit   stm32g4xx_hal_msp.o
    0x08001fa6   0x08001fa6   0x00000002   PAD
    0x08001fa8   0x08001fa8   0x00000022   Code   RO         1330    .text.HAL_NVIC_EnableIRQ  stm32g4xx_hal_cortex.o
    0x08001fca   0x08001fca   0x00000002   PAD
    0x08001fcc   0x08001fcc   0x00000056   Code   RO         1328    .text.HAL_NVIC_SetPriority  stm32g4xx_hal_cortex.o
    0x08002022   0x08002022   0x00000002   PAD
    0x08002024   0x08002024   0x00000020   Code   RO         1326    .text.HAL_NVIC_SetPriorityGrouping  stm32g4xx_hal_cortex.o
    0x08002044   0x08002044   0x0000010e   Code   RO         1246    .text.HAL_PWREx_ControlVoltageScaling  stm32g4xx_hal_pwr_ex.o
    0x08002152   0x08002152   0x00000002   PAD
    0x08002154   0x08002154   0x00000012   Code   RO         1316    .text.HAL_PWREx_DisableUCPDDeadBattery  stm32g4xx_hal_pwr_ex.o
    0x08002166   0x08002166   0x00000002   PAD
    0x08002168   0x08002168   0x000002d6   Code   RO          985    .text.HAL_RCCEx_PeriphCLKConfig  stm32g4xx_hal_rcc_ex.o
    0x0800243e   0x0800243e   0x00000002   PAD
    0x08002440   0x08002440   0x00000304   Code   RO          951    .text.HAL_RCC_ClockConfig  stm32g4xx_hal_rcc.o
    0x08002744   0x08002744   0x00000042   Code   RO          965    .text.HAL_RCC_GetClockConfig  stm32g4xx_hal_rcc.o
    0x08002786   0x08002786   0x00000002   PAD
    0x08002788   0x08002788   0x0000000c   Code   RO          957    .text.HAL_RCC_GetHCLKFreq  stm32g4xx_hal_rcc.o
    0x08002794   0x08002794   0x0000002a   Code   RO          959    .text.HAL_RCC_GetPCLK1Freq  stm32g4xx_hal_rcc.o
    0x080027be   0x080027be   0x00000002   PAD
    0x080027c0   0x080027c0   0x0000002a   Code   RO          961    .text.HAL_RCC_GetPCLK2Freq  stm32g4xx_hal_rcc.o
    0x080027ea   0x080027ea   0x00000002   PAD
    0x080027ec   0x080027ec   0x00000082   Code   RO          953    .text.HAL_RCC_GetSysClockFreq  stm32g4xx_hal_rcc.o
    0x0800286e   0x0800286e   0x00000002   PAD
    0x08002870   0x08002870   0x000004ce   Code   RO          949    .text.HAL_RCC_OscConfig  stm32g4xx_hal_rcc.o
    0x08002d3e   0x08002d3e   0x00000002   PAD
    0x08002d40   0x08002d40   0x00000002   Code   RO          707    .text.HAL_TIMEx_Break2Callback  stm32g4xx_hal_tim_ex.o
    0x08002d42   0x08002d42   0x00000002   PAD
    0x08002d44   0x08002d44   0x00000002   Code   RO          705    .text.HAL_TIMEx_BreakCallback  stm32g4xx_hal_tim_ex.o
    0x08002d46   0x08002d46   0x00000002   PAD
    0x08002d48   0x08002d48   0x00000002   Code   RO          701    .text.HAL_TIMEx_CommutCallback  stm32g4xx_hal_tim_ex.o
    0x08002d4a   0x08002d4a   0x00000002   PAD
    0x08002d4c   0x08002d4c   0x000000d4   Code   RO          653    .text.HAL_TIMEx_ConfigBreakDeadTime  stm32g4xx_hal_tim_ex.o
    0x08002e20   0x08002e20   0x00000002   Code   RO          711    .text.HAL_TIMEx_DirectionChangeCallback  stm32g4xx_hal_tim_ex.o
    0x08002e22   0x08002e22   0x00000002   PAD
    0x08002e24   0x08002e24   0x00000002   Code   RO          709    .text.HAL_TIMEx_EncoderIndexCallback  stm32g4xx_hal_tim_ex.o
    0x08002e26   0x08002e26   0x00000002   PAD
    0x08002e28   0x08002e28   0x00000002   Code   RO          713    .text.HAL_TIMEx_IndexErrorCallback  stm32g4xx_hal_tim_ex.o
    0x08002e2a   0x08002e2a   0x00000002   PAD
    0x08002e2c   0x08002e2c   0x000000de   Code   RO          651    .text.HAL_TIMEx_MasterConfigSynchronization  stm32g4xx_hal_tim_ex.o
    0x08002f0a   0x08002f0a   0x00000002   PAD
    0x08002f0c   0x08002f0c   0x00000002   Code   RO          715    .text.HAL_TIMEx_TransitionErrorCallback  stm32g4xx_hal_tim_ex.o
    0x08002f0e   0x08002f0e   0x00000002   PAD
    0x08002f10   0x08002f10   0x00000062   Code   RO          356    .text.HAL_TIM_Base_Init  stm32g4xx_hal_tim.o
    0x08002f72   0x08002f72   0x00000002   PAD
    0x08002f74   0x08002f74   0x000000b0   Code   RO          182    .text.HAL_TIM_Base_MspInit  tim.o
    0x08003024   0x08003024   0x000000ba   Code   RO          370    .text.HAL_TIM_Base_Start_IT  stm32g4xx_hal_tim.o
    0x080030de   0x080030de   0x00000002   PAD
    0x080030e0   0x080030e0   0x00000002   Code   RO          492    .text.HAL_TIM_IC_CaptureCallback  stm32g4xx_hal_tim.o
    0x080030e2   0x080030e2   0x00000002   PAD
    0x080030e4   0x080030e4   0x000001ca   Code   RO          506    .text.HAL_TIM_IC_ConfigChannel  stm32g4xx_hal_tim.o
    0x080032ae   0x080032ae   0x00000002   PAD
    0x080032b0   0x080032b0   0x00000062   Code   RO          430    .text.HAL_TIM_IC_Init  stm32g4xx_hal_tim.o
    0x08003312   0x08003312   0x00000002   PAD
    0x08003314   0x08003314   0x00000002   Code   RO          432    .text.HAL_TIM_IC_MspInit  stm32g4xx_hal_tim.o
    0x08003316   0x08003316   0x00000002   PAD
    0x08003318   0x08003318   0x000001cc   Code   RO          490    .text.HAL_TIM_IRQHandler  stm32g4xx_hal_tim.o
    0x080034e4   0x080034e4   0x00000364   Code   RO          502    .text.HAL_TIM_OC_ConfigChannel  stm32g4xx_hal_tim.o
    0x08003848   0x08003848   0x00000002   Code   RO          494    .text.HAL_TIM_OC_DelayElapsedCallback  stm32g4xx_hal_tim.o
    0x0800384a   0x0800384a   0x00000002   PAD
    0x0800384c   0x0800384c   0x00000062   Code   RO          384    .text.HAL_TIM_OC_Init  stm32g4xx_hal_tim.o
    0x080038ae   0x080038ae   0x00000002   PAD
    0x080038b0   0x080038b0   0x00000030   Code   RO          178    .text.HAL_TIM_OC_MspInit  tim.o
    0x080038e0   0x080038e0   0x000003fc   Code   RO          510    .text.HAL_TIM_PWM_ConfigChannel  stm32g4xx_hal_tim.o
    0x08003cdc   0x08003cdc   0x00000062   Code   RO          410    .text.HAL_TIM_PWM_Init  stm32g4xx_hal_tim.o
    0x08003d3e   0x08003d3e   0x00000002   PAD
    0x08003d40   0x08003d40   0x0000005a   Code   RO          180    .text.HAL_TIM_PWM_MspInit  tim.o
    0x08003d9a   0x08003d9a   0x00000002   PAD
    0x08003d9c   0x08003d9c   0x00000002   Code   RO          496    .text.HAL_TIM_PWM_PulseFinishedCallback  stm32g4xx_hal_tim.o
    0x08003d9e   0x08003d9e   0x00000002   PAD
    0x08003da0   0x08003da0   0x00000014   Code   RO           17    .text.HAL_TIM_PeriodElapsedCallback  main.o
    0x08003db4   0x08003db4   0x00000002   Code   RO          500    .text.HAL_TIM_TriggerCallback  stm32g4xx_hal_tim.o
    0x08003db6   0x08003db6   0x00000002   PAD
    0x08003db8   0x08003db8   0x00000036   Code   RO         1941    .text.HAL_UARTEx_DisableFifoMode  stm32g4xx_hal_uart_ex.o
    0x08003dee   0x08003dee   0x00000002   PAD
    0x08003df0   0x08003df0   0x0000008c   Code   RO         1945    .text.HAL_UARTEx_SetRxFifoThreshold  stm32g4xx_hal_uart_ex.o
    0x08003e7c   0x08003e7c   0x0000008c   Code   RO         1943    .text.HAL_UARTEx_SetTxFifoThreshold  stm32g4xx_hal_uart_ex.o
    0x08003f08   0x08003f08   0x00000064   Code   RO         1779    .text.HAL_UART_Init  stm32g4xx_hal_uart.o
    0x08003f6c   0x08003f6c   0x000000e8   Code   RO          145    .text.HAL_UART_MspInit  usart.o
    0x08004054   0x08004054   0x00000002   Code   RO          207    .text.HardFault_Handler  stm32g4xx_it.o
    0x08004056   0x08004056   0x00000002   PAD
    0x08004058   0x08004058   0x0000011e   Code   RO           51    .text.MX_ADC1_Init  adc.o
    0x08004176   0x08004176   0x00000002   PAD
    0x08004178   0x08004178   0x000000e0   Code   RO           53    .text.MX_ADC2_Init  adc.o
    0x08004258   0x08004258   0x000000ac   Code   RO           55    .text.MX_ADC3_Init  adc.o
    0x08004304   0x08004304   0x00000060   Code   RO           75    .text.MX_DAC1_Init  dac.o
    0x08004364   0x08004364   0x00000078   Code   RO           90    .text.MX_DMA_Init   dma.o
    0x080043dc   0x080043dc   0x0000004c   Code   RO           99    .text.MX_FDCAN1_Init  fdcan.o
    0x08004428   0x08004428   0x00000024   Code   RO           37    .text.MX_FREERTOS_Init  app_freertos.o
    0x0800444c   0x0800444c   0x0000013a   Code   RO           28    .text.MX_GPIO_Init  gpio.o
    0x08004586   0x08004586   0x00000002   PAD
    0x08004588   0x08004588   0x0000006c   Code   RO          124    .text.MX_I2C1_Init  i2c.o
    0x080045f4   0x080045f4   0x00000084   Code   RO          141    .text.MX_LPUART1_UART_Init  usart.o
    0x08004678   0x08004678   0x00000070   Code   RO          172    .text.MX_TIM16_Init  tim.o
    0x080046e8   0x080046e8   0x00000070   Code   RO          174    .text.MX_TIM17_Init  tim.o
    0x08004758   0x08004758   0x00000174   Code   RO          176    .text.MX_TIM20_Init  tim.o
    0x080048cc   0x080048cc   0x00000128   Code   RO          166    .text.MX_TIM3_Init  tim.o
    0x080049f4   0x080049f4   0x00000178   Code   RO          170    .text.MX_TIM8_Init  tim.o
    0x08004b6c   0x08004b6c   0x00000082   Code   RO          143    .text.MX_USART3_UART_Init  usart.o
    0x08004bee   0x08004bee   0x00000002   PAD
    0x08004bf0   0x08004bf0   0x00000002   Code   RO          209    .text.MemManage_Handler  stm32g4xx_it.o
    0x08004bf2   0x08004bf2   0x00000002   PAD
    0x08004bf4   0x08004bf4   0x00000002   Code   RO          205    .text.NMI_Handler   stm32g4xx_it.o
    0x08004bf6   0x08004bf6   0x0000000a   PAD
    0x08004c00   0x08004c00   0x00000064   Code   RO         2531    .text.PendSV_Handler  port.o
    0x08004c64   0x08004c64   0x0000000c   PAD
    0x08004c70   0x08004c70   0x00000024   Code   RO         2515    .text.SVC_Handler   port.o
    0x08004c94   0x08004c94   0x00000008   Code   RO           39    .text.StartDefaultTask  app_freertos.o
    0x08004c9c   0x08004c9c   0x0000001e   Code   RO         2326    .text.SysTick_Handler  cmsis_os2.o
    0x08004cba   0x08004cba   0x00000002   PAD
    0x08004cbc   0x08004cbc   0x00000012   Code   RO         1964    .text.SystemInit    system_stm32g4xx.o
    0x08004cce   0x08004cce   0x00000002   PAD
    0x08004cd0   0x08004cd0   0x0000001e   Code   RO          225    .text.TIM6_DAC_IRQHandler  stm32g4xx_it.o
    0x08004cee   0x08004cee   0x00000002   PAD
    0x08004cf0   0x08004cf0   0x00000152   Code   RO          360    .text.TIM_Base_SetConfig  stm32g4xx_hal_tim.o
    0x08004e42   0x08004e42   0x00000002   PAD
    0x08004e44   0x08004e44   0x000000e6   Code   RO         1783    .text.UART_AdvFeatureConfig  stm32g4xx_hal_uart.o
    0x08004f2a   0x08004f2a   0x00000002   PAD
    0x08004f2c   0x08004f2c   0x0000016a   Code   RO         1787    .text.UART_CheckIdleState  stm32g4xx_hal_uart.o
    0x08005096   0x08005096   0x00000002   PAD
    0x08005098   0x08005098   0x000002b4   Code   RO         1785    .text.UART_SetConfig  stm32g4xx_hal_uart.o
    0x0800534c   0x0800534c   0x00000336   Code   RO         1801    .text.UART_WaitOnFlagUntilTimeout  stm32g4xx_hal_uart.o
    0x08005682   0x08005682   0x00000002   PAD
    0x08005684   0x08005684   0x00000002   Code   RO          213    .text.UsageFault_Handler  stm32g4xx_it.o
    0x08005686   0x08005686   0x00000002   PAD
    0x08005688   0x08005688   0x00000002   Code   RO          149    .text._sys_exit     usart.o
    0x0800568a   0x0800568a   0x00000002   PAD
    0x0800568c   0x0800568c   0x000000b2   Code   RO           11    .text.main          main.o
    0x0800573e   0x0800573e   0x00000002   PAD
    0x08005740   0x08005740   0x00000020   Code   RO         2386    .text.osDelay       cmsis_os2.o
    0x08005760   0x08005760   0x00000028   Code   RO         2328    .text.osKernelInitialize  cmsis_os2.o
    0x08005788   0x08005788   0x0000003c   Code   RO         2334    .text.osKernelStart  cmsis_os2.o
    0x080057c4   0x080057c4   0x00000094   Code   RO         2350    .text.osThreadNew   cmsis_os2.o
    0x08005858   0x08005858   0x0000028a   Code   RO         2161    .text.prvAddNewTaskToReadyList  tasks.o
    0x08005ae2   0x08005ae2   0x00000002   PAD
    0x08005ae4   0x08005ae4   0x00000086   Code   RO         2193    .text.prvIdleTask   tasks.o
    0x08005b6a   0x08005b6a   0x00000002   PAD
    0x08005b6c   0x08005b6c   0x00000104   Code   RO         2159    .text.prvInitialiseNewTask  tasks.o
    0x08005c70   0x08005c70   0x00000028   Code   RO         2523    .text.prvPortStartFirstTask  port.o
    0x08005c98   0x08005c98   0x0000003e   Code   RO         2513    .text.prvTaskExitError  port.o
    0x08005cd6   0x08005cd6   0x00000002   PAD
    0x08005cd8   0x08005cd8   0x0000037a   Code   RO         2278    .text.prvTimerTask  timers.o
    0x08006052   0x08006052   0x00000002   PAD
    0x08006054   0x08006054   0x00000074   Code   RO         2060    .text.prvUnlockQueue  queue.o
    0x080060c8   0x080060c8   0x000001e8   Code   RO         2489    .text.pvPortMalloc  heap_4.o
    0x080062b0   0x080062b0   0x00000024   Code   RO         2511    .text.pxPortInitialiseStack  port.o
    0x080062d4   0x080062d4   0x00000022   Code   RO         2024    .text.uxListRemove  list.o
    0x080062f6   0x080062f6   0x00000002   PAD
    0x080062f8   0x080062f8   0x0000001a   Code   RO         2472    .text.vApplicationGetIdleTaskMemory  cmsis_os2.o
    0x08006312   0x08006312   0x00000002   PAD
    0x08006314   0x08006314   0x0000001c   Code   RO         2474    .text.vApplicationGetTimerTaskMemory  cmsis_os2.o
    0x08006330   0x08006330   0x00000016   Code   RO         2016    .text.vListInitialise  list.o
    0x08006346   0x08006346   0x00000002   PAD
    0x08006348   0x08006348   0x00000006   Code   RO         2018    .text.vListInitialiseItem  list.o
    0x0800634e   0x0800634e   0x00000002   PAD
    0x08006350   0x08006350   0x00000062   Code   RO         2022    .text.vListInsert   list.o
    0x080063b2   0x080063b2   0x00000002   PAD
    0x080063b4   0x080063b4   0x0000001a   Code   RO         2020    .text.vListInsertEnd  list.o
    0x080063ce   0x080063ce   0x00000002   PAD
    0x080063d0   0x080063d0   0x00000014   Code   RO         2521    .text.vPortEnableVFP  port.o
    0x080063e4   0x080063e4   0x00000046   Code   RO         2527    .text.vPortEnterCritical  port.o
    0x0800642a   0x0800642a   0x00000002   PAD
    0x0800642c   0x0800642c   0x0000002e   Code   RO         2529    .text.vPortExitCritical  port.o
    0x0800645a   0x0800645a   0x00000002   PAD
    0x0800645c   0x0800645c   0x000000de   Code   RO         2491    .text.vPortFree     heap_4.o
    0x0800653a   0x0800653a   0x00000002   PAD
    0x0800653c   0x0800653c   0x00000034   Code   RO         2519    .text.vPortSetupTimerInterrupt  port.o
    0x08006570   0x08006570   0x00000058   Code   RO         2094    .text.vQueueAddToRegistry  queue.o
    0x080065c8   0x080065c8   0x00000052   Code   RO         2098    .text.vQueueWaitForMessageRestricted  queue.o
    0x0800661a   0x0800661a   0x00000002   PAD
    0x0800661c   0x0800661c   0x00000080   Code   RO         2173    .text.vTaskDelay    tasks.o
    0x0800669c   0x0800669c   0x00000012   Code   RO         2223    .text.vTaskInternalSetTimeOutState  tasks.o
    0x080066ae   0x080066ae   0x00000002   PAD
    0x080066b0   0x080066b0   0x0000000e   Code   RO         2227    .text.vTaskMissedYield  tasks.o
    0x080066be   0x080066be   0x00000002   PAD
    0x080066c0   0x080066c0   0x00000074   Code   RO         2211    .text.vTaskPlaceOnEventList  tasks.o
    0x08006734   0x08006734   0x0000007a   Code   RO         2215    .text.vTaskPlaceOnEventListRestricted  tasks.o
    0x080067ae   0x080067ae   0x00000002   PAD
    0x080067b0   0x080067b0   0x000000f0   Code   RO         2191    .text.vTaskStartScheduler  tasks.o
    0x080068a0   0x080068a0   0x00000010   Code   RO         2169    .text.vTaskSuspendAll  tasks.o
    0x080068b0   0x080068b0   0x000000cc   Code   RO         2185    .text.vTaskSwitchContext  tasks.o
    0x0800697c   0x0800697c   0x00000188   Code   RO         2517    .text.xPortStartScheduler  port.o
    0x08006b04   0x08006b04   0x0000002e   Code   RO         2533    .text.xPortSysTickHandler  port.o
    0x08006b32   0x08006b32   0x00000002   PAD
    0x08006b34   0x08006b34   0x000000da   Code   RO         2036    .text.xQueueGenericCreateStatic  queue.o
    0x08006c0e   0x08006c0e   0x00000002   PAD
    0x08006c10   0x08006c10   0x000002c0   Code   RO         2050    .text.xQueueGenericSend  queue.o
    0x08006ed0   0x08006ed0   0x0000023e   Code   RO         2066    .text.xQueueReceive  queue.o
    0x0800710e   0x0800710e   0x00000002   PAD
    0x08007110   0x08007110   0x0000009a   Code   RO         2225    .text.xTaskCheckForTimeOut  tasks.o
    0x080071aa   0x080071aa   0x00000002   PAD
    0x080071ac   0x080071ac   0x00000060   Code   RO         2163    .text.xTaskCreate   tasks.o
    0x0800720c   0x0800720c   0x00000076   Code   RO         2157    .text.xTaskCreateStatic  tasks.o
    0x08007282   0x08007282   0x00000002   PAD
    0x08007284   0x08007284   0x0000001e   Code   RO         2239    .text.xTaskGetSchedulerState  tasks.o
    0x080072a2   0x080072a2   0x00000002   PAD
    0x080072a4   0x080072a4   0x0000000c   Code   RO         2199    .text.xTaskGetTickCount  tasks.o
    0x080072b0   0x080072b0   0x00000104   Code   RO         2197    .text.xTaskIncrementTick  tasks.o
    0x080073b4   0x080073b4   0x0000008e   Code   RO         2243    .text.xTaskPriorityDisinherit  tasks.o
    0x08007442   0x08007442   0x00000002   PAD
    0x08007444   0x08007444   0x00000072   Code   RO         2217    .text.xTaskRemoveFromEventList  tasks.o
    0x080074b6   0x080074b6   0x00000002   PAD
    0x080074b8   0x080074b8   0x000000ee   Code   RO         2171    .text.xTaskResumeAll  tasks.o
    0x080075a6   0x080075a6   0x00000002   PAD
    0x080075a8   0x080075a8   0x000000b4   Code   RO         2276    .text.xTimerCreateTimerTask  timers.o
    0x0800765c   0x0800765c   0x0000001a   Code   RO         2694    x$fpl$fpinit        fz_wm.l(fpinit.o)
    0x08007676   0x08007676   0x00000010   Data   RO         1969    .rodata.AHBPrescTable  system_stm32g4xx.o
    0x08007686   0x08007686   0x00000008   Data   RO         1970    .rodata.APBPrescTable  system_stm32g4xx.o
    0x0800768e   0x0800768e   0x00000018   Data   RO         1913    .rodata.UARTPrescTable  stm32g4xx_hal_uart.o
    0x080076a6   0x080076a6   0x00000002   PAD
    0x080076a8   0x080076a8   0x00000010   Data   RO         1914    .rodata.cst16       stm32g4xx_hal_uart.o
    0x080076b8   0x080076b8   0x00000010   Data   RO         1955    .rodata.cst8        stm32g4xx_hal_uart_ex.o
    0x080076c8   0x080076c8   0x00000024   Data   RO           42    .rodata.defaultTask_attributes  app_freertos.o
    0x080076ec   0x080076ec   0x0000000c   Data   RO           41    .rodata.str1.1      app_freertos.o
    0x080076f8   0x080076f8   0x00000005   Data   RO         2316    .rodata.str1.1      timers.o
    0x080076fd   0x080076fd   0x00000003   PAD
    0x08007700   0x08007700   0x00000020   Data   RO         2749    Region$$Table       anon$$obj.o


    Execution Region RW_IRAM1 (Exec base: 0x20000000, Load base: 0x08007720, Size: 0x000025f0, Max: 0x00020000, ABSOLUTE)

    Exec Addr    Load Addr    Size         Type   Attr      Idx    E Section Name        Object

    0x20000000   0x08007720   0x00000008   Data   RW          938    .data..L_MergedGlobals  stm32g4xx_hal.o
    0x20000008   0x08007728   0x00000004   Data   RW         1968    .data.SystemCoreClock  system_stm32g4xx.o
    0x2000000c   0x0800772c   0x00000004   Data   RW         2537    .data.uxCriticalNesting  port.o
    0x20000010        -       0x00000060   Zero   RW         2624    .bss                c_w.l(libspace.o)
    0x20000070        -       0x00000064   Zero   RW           66    .bss..L_MergedGlobals  adc.o
    0x200000d4        -       0x00000078   Zero   RW         2266    .bss..L_MergedGlobals  tasks.o
    0x2000014c        -       0x0000003c   Zero   RW         2317    .bss..L_MergedGlobals  timers.o
    0x20000188        -       0x00000020   Zero   RW         2502    .bss..L_MergedGlobals  heap_4.o
    0x200001a8        -       0x00000008   Zero   RW         2538    .bss..L_MergedGlobals  port.o
    0x200001b0        -       0x00000028   Zero   RW         2267    .bss..L_MergedGlobals.2  tasks.o
    0x200001d8        -       0x00000004   Zero   RW         2476    .bss.KernelState    cmsis_os2.o
    0x200001dc        -       0x00000004   Zero   RW           43    .bss.defaultTaskHandle  app_freertos.o
    0x200001e0        -       0x0000006c   Zero   RW           61    .bss.hadc1          adc.o
    0x2000024c        -       0x0000006c   Zero   RW           62    .bss.hadc2          adc.o
    0x200002b8        -       0x0000006c   Zero   RW           63    .bss.hadc3          adc.o
    0x20000324        -       0x00000014   Zero   RW           81    .bss.hdac1          dac.o
    0x20000338        -       0x00000060   Zero   RW           64    .bss.hdma_adc2      adc.o
    0x20000398        -       0x00000060   Zero   RW           65    .bss.hdma_adc3      adc.o
    0x200003f8        -       0x00000064   Zero   RW          114    .bss.hfdcan1        fdcan.o
    0x2000045c        -       0x00000054   Zero   RW          132    .bss.hi2c1          i2c.o
    0x200004b0        -       0x00000094   Zero   RW          155    .bss.hlpuart1       usart.o
    0x20000544        -       0x0000004c   Zero   RW          194    .bss.htim16         tim.o
    0x20000590        -       0x0000004c   Zero   RW          195    .bss.htim17         tim.o
    0x200005dc        -       0x0000004c   Zero   RW          196    .bss.htim20         tim.o
    0x20000628        -       0x0000004c   Zero   RW          192    .bss.htim3          tim.o
    0x20000674        -       0x0000004c   Zero   RW          251    .bss.htim6          stm32g4xx_hal_timebase_tim.o
    0x200006c0        -       0x0000004c   Zero   RW          193    .bss.htim8          tim.o
    0x2000070c        -       0x00000094   Zero   RW          156    .bss.huart3         usart.o
    0x200007a0        -       0x000000a0   Zero   RW         2315    .bss.prvCheckForValidListAndQueue.ucStaticTimerQueueStorage  timers.o
    0x20000840        -       0x00000050   Zero   RW         2314    .bss.prvCheckForValidListAndQueue.xStaticTimerQueue  timers.o
    0x20000890        -       0x00000460   Zero   RW         2265    .bss.pxReadyTasksLists  tasks.o
    0x20000cf0        -       0x00000c00   Zero   RW         2501    .bss.ucHeap         heap_4.o
    0x200018f0        -       0x00000004   Zero   RW          937    .bss.uwTick         stm32g4xx_hal.o
    0x200018f4        -       0x00000200   Zero   RW         2478    .bss.vApplicationGetIdleTaskMemory.Idle_Stack  cmsis_os2.o
    0x20001af4        -       0x0000005c   Zero   RW         2477    .bss.vApplicationGetIdleTaskMemory.Idle_TCB  cmsis_os2.o
    0x20001b50        -       0x00000400   Zero   RW         2480    .bss.vApplicationGetTimerTaskMemory.Timer_Stack  cmsis_os2.o
    0x20001f50        -       0x0000005c   Zero   RW         2479    .bss.vApplicationGetTimerTaskMemory.Timer_TCB  cmsis_os2.o
    0x20001fac        -       0x00000040   Zero   RW         2100    .bss.xQueueRegistry  queue.o
    0x20001fec   0x08007730   0x00000004   PAD
    0x20001ff0        -       0x00000200   Zero   RW            2    HEAP                startup_stm32g474xx.o
    0x200021f0        -       0x00000400   Zero   RW            1    STACK               startup_stm32g474xx.o


==============================================================================

Image component sizes


      Code (inc. data)   RO Data    RW Data    ZI Data      Debug   Object Name

      1260          0          0          0        616      11074   adc.o
        44          0         48          0          4       2812   app_freertos.o
       364          0          0          0       1724      43696   cmsis_os2.o
       216          0          0          0         20       8314   dac.o
       120          0          0          0          0       4141   dma.o
       228          0          0          0        100       8459   fdcan.o
       314          0          0          0          0       2518   gpio.o
       710          0          0          0       3104       5863   heap_4.o
       308          0          0          0         84       6959   i2c.o
       186          0          0          0          0       2340   list.o
       208          0          0          0          0       7112   main.o
       900         16          0          4          8       4369   port.o
      1782          0          0          0         64      30794   queue.o
        64         26        472          0       1536        824   startup_stm32g474xx.o
        68          0          0          8          4       9581   stm32g4xx_hal.o
      2380          0          0          0          0      28731   stm32g4xx_hal_adc.o
       318          0          0          0          0      24094   stm32g4xx_hal_adc_ex.o
       152          0          0          0          0      11071   stm32g4xx_hal_cortex.o
       646          0          0          0          0      10176   stm32g4xx_hal_dac.o
         2          0          0          0          0      11262   stm32g4xx_hal_dac_ex.o
       450          0          0          0          0       9151   stm32g4xx_hal_dma.o
       614          0          0          0          0      23484   stm32g4xx_hal_fdcan.o
       446          0          0          0          0       5235   stm32g4xx_hal_gpio.o
       176          0          0          0          0      63245   stm32g4xx_hal_i2c.o
       146          0          0          0          0       6533   stm32g4xx_hal_i2c_ex.o
        70          0          0          0          0       4106   stm32g4xx_hal_msp.o
       288          0          0          0          0       9269   stm32g4xx_hal_pwr_ex.o
      2294          0          0          0          0      10301   stm32g4xx_hal_rcc.o
       726          0          0          0          0      11394   stm32g4xx_hal_rcc_ex.o
      3732         30          0          0          0      63873   stm32g4xx_hal_tim.o
       448          0          0          0          0      30981   stm32g4xx_hal_tim_ex.o
       166          0          0          0         76       8436   stm32g4xx_hal_timebase_tim.o
      2206         48         40          0          0      42866   stm32g4xx_hal_uart.o
       334          0         16          0          0      11272   stm32g4xx_hal_uart_ex.o
       120          0          0          0          0       6769   stm32g4xx_it.o
        18          0         24          4          0       2766   system_stm32g4xx.o
      3066          8          0          0       1280      44738   tasks.o
      1582          0          0          0        380      13364   tim.o
      1070         18          5          0        300      16616   timers.o
       496          0          0          0        296       8093   usart.o

    ----------------------------------------------------------------------
     28940        158        642         16       9600     626682   Object Totals
         0          0         32          0          0          0   (incl. Generated)
       222         12          5          0          4          0   (incl. Padding)

    ----------------------------------------------------------------------

      Code (inc. data)   RO Data    RW Data    ZI Data      Debug   Library Member Name

         8          0          0          0          0         68   __main.o
         0          0          0          0          0          0   __rtentry.o
        12          0          0          0          0          0   __rtentry2.o
         6          0          0          0          0          0   __rtentry4.o
        94          8          0          0          0          0   __scatter.o
        26          0          0          0          0          0   __scatter_copy.o
        28          0          0          0          0          0   __scatter_zi.o
        16          0          0          0          0         68   aeabi_memset4.o
        18          0          0          0          0         80   exit.o
         6          0          0          0          0        152   heapauxi.o
         2          0          0          0          0          0   libinit.o
         6          0          0          0          0          0   libinit2.o
         2          0          0          0          0          0   libshutdown.o
         2          0          0          0          0          0   libshutdown2.o
         8          4          0          0         96         68   libspace.o
       240          0          0          0          0        100   lludivv7m.o
        78          0          0          0          0         80   rt_memclr_w.o
       138          0          0          0          0         68   rt_memcpy_v6.o
       100          0          0          0          0         80   rt_memcpy_w.o
         2          0          0          0          0          0   rtexit.o
        10          0          0          0          0          0   rtexit2.o
        74          0          0          0          0         80   sys_stackheap_outer.o
         2          0          0          0          0         68   use_no_semi.o
         2          0          0          0          0         68   use_no_semi_2.o
        26          0          0          0          0        116   fpinit.o

    ----------------------------------------------------------------------
       914         12          0          0         96       1096   Library Totals
         8          0          0          0          0          0   (incl. Padding)

    ----------------------------------------------------------------------

      Code (inc. data)   RO Data    RW Data    ZI Data      Debug   Library Name

       880         12          0          0         96        980   c_w.l
        26          0          0          0          0        116   fz_wm.l

    ----------------------------------------------------------------------
       914         12          0          0         96       1096   Library Totals

    ----------------------------------------------------------------------

==============================================================================


      Code (inc. data)   RO Data    RW Data    ZI Data      Debug   

     29854        170        642         16       9696     626670   Grand Totals
     29854        170        642         16       9696     626670   ELF Image Totals
     29854        170        642         16          0          0   ROM Totals

==============================================================================

    Total RO  Size (Code + RO Data)                30496 (  29.78kB)
    Total RW  Size (RW Data + ZI Data)              9712 (   9.48kB)
    Total ROM Size (Code + RO Data + RW Data)      30512 (  29.80kB)

==============================================================================

