Component: Arm Compiler for Embedded 6.23 Tool: armlink [5f102400]

==============================================================================

Section Cross References

    startup_stm32g474xx.o(RESET) refers to startup_stm32g474xx.o(STACK) for __initial_sp
    startup_stm32g474xx.o(RESET) refers to startup_stm32g474xx.o(.text) for Reset_Handler
    startup_stm32g474xx.o(RESET) refers to stm32g4xx_it.o(.text.NMI_Handler) for NMI_Handler
    startup_stm32g474xx.o(RESET) refers to stm32g4xx_it.o(.text.HardFault_Handler) for HardFault_Handler
    startup_stm32g474xx.o(RESET) refers to stm32g4xx_it.o(.text.MemManage_Handler) for MemManage_Handler
    startup_stm32g474xx.o(RESET) refers to stm32g4xx_it.o(.text.BusFault_Handler) for BusFault_Handler
    startup_stm32g474xx.o(RESET) refers to stm32g4xx_it.o(.text.UsageFault_Handler) for UsageFault_Handler
    startup_stm32g474xx.o(RESET) refers to port.o(.text.SVC_Handler) for SVC_Handler
    startup_stm32g474xx.o(RESET) refers to stm32g4xx_it.o(.text.DebugMon_Handler) for DebugMon_Handler
    startup_stm32g474xx.o(RESET) refers to port.o(.text.PendSV_Handler) for PendSV_Handler
    startup_stm32g474xx.o(RESET) refers to cmsis_os2.o(.text.SysTick_Handler) for SysTick_Handler
    startup_stm32g474xx.o(RESET) refers to stm32g4xx_it.o(.text.EXTI2_IRQHandler) for EXTI2_IRQHandler
    startup_stm32g474xx.o(RESET) refers to stm32g4xx_it.o(.text.DMA1_Channel1_IRQHandler) for DMA1_Channel1_IRQHandler
    startup_stm32g474xx.o(RESET) refers to stm32g4xx_it.o(.text.DMA1_Channel2_IRQHandler) for DMA1_Channel2_IRQHandler
    startup_stm32g474xx.o(RESET) refers to stm32g4xx_it.o(.text.TIM2_IRQHandler) for TIM2_IRQHandler
    startup_stm32g474xx.o(RESET) refers to stm32g4xx_it.o(.text.TIM3_IRQHandler) for TIM3_IRQHandler
    startup_stm32g474xx.o(RESET) refers to stm32g4xx_it.o(.text.TIM4_IRQHandler) for TIM4_IRQHandler
    startup_stm32g474xx.o(RESET) refers to stm32g4xx_it.o(.text.TIM6_DAC_IRQHandler) for TIM6_DAC_IRQHandler
    startup_stm32g474xx.o(RESET) refers to stm32g4xx_it.o(.text.DMA2_Channel1_IRQHandler) for DMA2_Channel1_IRQHandler
    startup_stm32g474xx.o(.text) refers to system_stm32g4xx.o(.text.SystemInit) for SystemInit
    startup_stm32g474xx.o(.text) refers to entry.o(.ARM.Collect$$$$00000000) for __main
    main.o(.text.main) refers to stm32g4xx_hal.o(.text.HAL_Init) for HAL_Init
    main.o(.text.main) refers to stm32g4xx_hal_pwr_ex.o(.text.HAL_PWREx_ControlVoltageScaling) for HAL_PWREx_ControlVoltageScaling
    main.o(.text.main) refers to stm32g4xx_hal_rcc.o(.text.HAL_RCC_OscConfig) for HAL_RCC_OscConfig
    main.o(.text.main) refers to stm32g4xx_hal_rcc.o(.text.HAL_RCC_ClockConfig) for HAL_RCC_ClockConfig
    main.o(.text.main) refers to gpio.o(.text.MX_GPIO_Init) for MX_GPIO_Init
    main.o(.text.main) refers to dma.o(.text.MX_DMA_Init) for MX_DMA_Init
    main.o(.text.main) refers to adc.o(.text.MX_ADC1_Init) for MX_ADC1_Init
    main.o(.text.main) refers to adc.o(.text.MX_ADC2_Init) for MX_ADC2_Init
    main.o(.text.main) refers to adc.o(.text.MX_ADC3_Init) for MX_ADC3_Init
    main.o(.text.main) refers to dac.o(.text.MX_DAC1_Init) for MX_DAC1_Init
    main.o(.text.main) refers to fdcan.o(.text.MX_FDCAN1_Init) for MX_FDCAN1_Init
    main.o(.text.main) refers to i2c.o(.text.MX_I2C1_Init) for MX_I2C1_Init
    main.o(.text.main) refers to usart.o(.text.MX_LPUART1_UART_Init) for MX_LPUART1_UART_Init
    main.o(.text.main) refers to tim.o(.text.MX_TIM3_Init) for MX_TIM3_Init
    main.o(.text.main) refers to tim.o(.text.MX_TIM8_Init) for MX_TIM8_Init
    main.o(.text.main) refers to tim.o(.text.MX_TIM20_Init) for MX_TIM20_Init
    main.o(.text.main) refers to usart.o(.text.MX_USART3_UART_Init) for MX_USART3_UART_Init
    main.o(.text.main) refers to tim.o(.text.MX_TIM4_Init) for MX_TIM4_Init
    main.o(.text.main) refers to tim.o(.text.MX_TIM7_Init) for MX_TIM7_Init
    main.o(.text.main) refers to tim.o(.text.MX_TIM2_Init) for MX_TIM2_Init
    main.o(.text.main) refers to common_function.o(.text.DWT_Init) for DWT_Init
    main.o(.text.main) refers to printfa.o(i.__0printf) for __2printf
    main.o(.text.main) refers to cmsis_os2.o(.text.osKernelInitialize) for osKernelInitialize
    main.o(.text.main) refers to app_freertos.o(.text.MX_FREERTOS_Init) for MX_FREERTOS_Init
    main.o(.text.main) refers to cmsis_os2.o(.text.osKernelStart) for osKernelStart
    main.o(.ARM.exidx.text.main) refers to main.o(.text.main) for [Anonymous Symbol]
    main.o(.text.SystemClock_Config) refers to stm32g4xx_hal_pwr_ex.o(.text.HAL_PWREx_ControlVoltageScaling) for HAL_PWREx_ControlVoltageScaling
    main.o(.text.SystemClock_Config) refers to stm32g4xx_hal_rcc.o(.text.HAL_RCC_OscConfig) for HAL_RCC_OscConfig
    main.o(.text.SystemClock_Config) refers to stm32g4xx_hal_rcc.o(.text.HAL_RCC_ClockConfig) for HAL_RCC_ClockConfig
    main.o(.ARM.exidx.text.SystemClock_Config) refers to main.o(.text.SystemClock_Config) for [Anonymous Symbol]
[...]
    HAL_TIMEx_DirectionChangeCallback        0x08004201   Thumb Code     2  stm32g4xx_hal_tim_ex.o(.text.HAL_TIMEx_DirectionChangeCallback)
    HAL_TIMEx_EncoderIndexCallback           0x08004205   Thumb Code     2  stm32g4xx_hal_tim_ex.o(.text.HAL_TIMEx_EncoderIndexCallback)
    HAL_TIMEx_IndexErrorCallback             0x08004209   Thumb Code     2  stm32g4xx_hal_tim_ex.o(.text.HAL_TIMEx_IndexErrorCallback)
    HAL_TIMEx_MasterConfigSynchronization    0x0800420d   Thumb Code   222  stm32g4xx_hal_tim_ex.o(.text.HAL_TIMEx_MasterConfigSynchronization)
    HAL_TIMEx_TransitionErrorCallback        0x080042ed   Thumb Code     2  stm32g4xx_hal_tim_ex.o(.text.HAL_TIMEx_TransitionErrorCallback)
    HAL_TIM_Base_Init                        0x080042f1   Thumb Code    98  stm32g4xx_hal_tim.o(.text.HAL_TIM_Base_Init)
    HAL_TIM_Base_MspInit                     0x08004355   Thumb Code   162  tim.o(.text.HAL_TIM_Base_MspInit)
    HAL_TIM_Base_Start                       0x080043f9   Thumb Code   178  stm32g4xx_hal_tim.o(.text.HAL_TIM_Base_Start)
    HAL_TIM_Base_Start_IT                    0x080044ad   Thumb Code   186  stm32g4xx_hal_tim.o(.text.HAL_TIM_Base_Start_IT)
    HAL_TIM_Base_Stop_IT                     0x08004569   Thumb Code    60  stm32g4xx_hal_tim.o(.text.HAL_TIM_Base_Stop_IT)
    HAL_TIM_Encoder_Init                     0x080045a5   Thumb Code   182  stm32g4xx_hal_tim.o(.text.HAL_TIM_Encoder_Init)
    HAL_TIM_Encoder_MspInit                  0x0800465d   Thumb Code     2  stm32g4xx_hal_tim.o(.text.HAL_TIM_Encoder_MspInit)
    HAL_TIM_Encoder_Start                    0x08004661   Thumb Code   188  stm32g4xx_hal_tim.o(.text.HAL_TIM_Encoder_Start)
    HAL_TIM_Encoder_Stop                     0x0800471d   Thumb Code   130  stm32g4xx_hal_tim.o(.text.HAL_TIM_Encoder_Stop)
    HAL_TIM_IC_CaptureCallback               0x080047a1   Thumb Code     2  stm32g4xx_hal_tim.o(.text.HAL_TIM_IC_CaptureCallback)
    HAL_TIM_IRQHandler                       0x080047a5   Thumb Code   460  stm32g4xx_hal_tim.o(.text.HAL_TIM_IRQHandler)
    HAL_TIM_OC_ConfigChannel                 0x08004971   Thumb Code   868  stm32g4xx_hal_tim.o(.text.HAL_TIM_OC_ConfigChannel)
    HAL_TIM_OC_DelayElapsedCallback          0x08004cd5   Thumb Code    44  tmc2226_step_bsp.o(.text.HAL_TIM_OC_DelayElapsedCallback)
    HAL_TIM_OC_Init                          0x08004d11   Thumb Code    98  stm32g4xx_hal_tim.o(.text.HAL_TIM_OC_Init)
    HAL_TIM_OC_MspInit                       0x08004d75   Thumb Code   128  tim.o(.text.HAL_TIM_OC_MspInit)
    HAL_TIM_PWM_ConfigChannel                0x08004df5   Thumb Code  1020  stm32g4xx_hal_tim.o(.text.HAL_TIM_PWM_ConfigChannel)
    HAL_TIM_PWM_Init                         0x080051f1   Thumb Code    98  stm32g4xx_hal_tim.o(.text.HAL_TIM_PWM_Init)
    HAL_TIM_PWM_MspInit                      0x08005255   Thumb Code    90  tim.o(.text.HAL_TIM_PWM_MspInit)
    HAL_TIM_PWM_PulseFinishedCallback        0x080052b1   Thumb Code     2  stm32g4xx_hal_tim.o(.text.HAL_TIM_PWM_PulseFinishedCallback)
    HAL_TIM_PWM_Start                        0x080052b5   Thumb Code   386  stm32g4xx_hal_tim.o(.text.HAL_TIM_PWM_Start)
    HAL_TIM_PWM_Stop                         0x08005439   Thumb Code   214  stm32g4xx_hal_tim.o(.text.HAL_TIM_PWM_Stop)
    HAL_TIM_PeriodElapsedCallback            0x08005511   Thumb Code    72  main.o(.text.HAL_TIM_PeriodElapsedCallback)
    HAL_TIM_SlaveConfigSynchro               0x0800557d   Thumb Code    88  stm32g4xx_hal_tim.o(.text.HAL_TIM_SlaveConfigSynchro)
    HAL_TIM_TriggerCallback                  0x080055d5   Thumb Code     2  stm32g4xx_hal_tim.o(.text.HAL_TIM_TriggerCallback)
    HAL_UARTEx_DisableFifoMode               0x080055d9   Thumb Code    54  stm32g4xx_hal_uart_ex.o(.text.HAL_UARTEx_DisableFifoMode)
    HAL_UARTEx_SetRxFifoThreshold            0x08005611   Thumb Code   140  stm32g4xx_hal_uart_ex.o(.text.HAL_UARTEx_SetRxFifoThreshold)
    HAL_UARTEx_SetTxFifoThreshold            0x0800569d   Thumb Code   140  stm32g4xx_hal_uart_ex.o(.text.HAL_UARTEx_SetTxFifoThreshold)
    HAL_UART_Init                            0x08005729   Thumb Code   100  stm32g4xx_hal_uart.o(.text.HAL_UART_Init)
    HAL_UART_MspInit                         0x0800578d   Thumb Code   232  usart.o(.text.HAL_UART_MspInit)
    HAL_UART_Transmit                        0x08005875   Thumb Code   430  stm32g4xx_hal_uart.o(.text.HAL_UART_Transmit)
    HardFault_Handler                        0x08005a25   Thumb Code     2  stm32g4xx_it.o(.text.HardFault_Handler)
    L980_appReadAck                          0x08005a29   Thumb Code   272  can_modbusrtu_bsp.o(.text.L980_appReadAck)
    L980_appWriteAck                         0x08005b39   Thumb Code   460  can_modbusrtu_bsp.o(.text.L980_appWriteAck)
    MX_ADC1_Init                             0x08005d95   Thumb Code   300  adc.o(.text.MX_ADC1_Init)
    MX_ADC2_Init                             0x08005ec1   Thumb Code   204  adc.o(.text.MX_ADC2_Init)
    MX_ADC3_Init                             0x08005f8d   Thumb Code   186  adc.o(.text.MX_ADC3_Init)
    MX_DAC1_Init                             0x08006049   Thumb Code    96  dac.o(.text.MX_DAC1_Init)
    MX_DMA_Init                              0x080060a9   Thumb Code   120  dma.o(.text.MX_DMA_Init)
    MX_FDCAN1_Init                           0x08006121   Thumb Code   178  fdcan.o(.text.MX_FDCAN1_Init)
    MX_FREERTOS_Init                         0x080061d5   Thumb Code   304  app_freertos.o(.text.MX_FREERTOS_Init)
    MX_GPIO_Init                             0x08006305   Thumb Code   352  gpio.o(.text.MX_GPIO_Init)
    MX_I2C1_Init                             0x08006465   Thumb Code   108  i2c.o(.text.MX_I2C1_Init)
    MX_LPUART1_UART_Init                     0x080064d1   Thumb Code   128  usart.o(.text.MX_LPUART1_UART_Init)
    MX_TIM20_Init                            0x08006551   Thumb Code   332  tim.o(.text.MX_TIM20_Init)
    MX_TIM2_Init                             0x0800669d   Thumb Code   124  tim.o(.text.MX_TIM2_Init)
    MX_TIM3_Init                             0x08006719   Thumb Code   182  tim.o(.text.MX_TIM3_Init)
    MX_TIM4_Init                             0x080067d1   Thumb Code   126  tim.o(.text.MX_TIM4_Init)
    MX_TIM7_Init                             0x08006851   Thumb Code    86  tim.o(.text.MX_TIM7_Init)
    MX_TIM8_Init                             0x080068a9   Thumb Code   368  tim.o(.text.MX_TIM8_Init)
    MX_USART3_UART_Init                      0x08006a19   Thumb Code   130  usart.o(.text.MX_USART3_UART_Init)
    MemManage_Handler                        0x08006a9d   Thumb Code     2  stm32g4xx_it.o(.text.MemManage_Handler)
    NMI_Handler                              0x08006aa1   Thumb Code     2  stm32g4xx_it.o(.text.NMI_Handler)
    PendSV_Handler                           0x08006ab1   Thumb Code   100  port.o(.text.PendSV_Handler)
    SVC_Handler                              0x08006b21   Thumb Code    36  port.o(.text.SVC_Handler)
    StartDefaultTask                         0x08006b49   Thumb Code   336  app_freertos.o(.text.StartDefaultTask)
    SysTick_Handler                          0x08006d15   Thumb Code    30  cmsis_os2.o(.text.SysTick_Handler)
    SystemInit                               0x08006d35   Thumb Code    18  system_stm32g4xx.o(.text.SystemInit)
    TIM2_IRQHandler                          0x08006d49   Thumb Code    12  stm32g4xx_it.o(.text.TIM2_IRQHandler)
    TIM3_IRQHandler                          0x08006d55   Thumb Code    12  stm32g4xx_it.o(.text.TIM3_IRQHandler)
    TIM4_IRQHandler                          0x08006d61   Thumb Code    12  stm32g4xx_it.o(.text.TIM4_IRQHandler)
    TIM6_DAC_IRQHandler                      0x08006d6d   Thumb Code    30  stm32g4xx_it.o(.text.TIM6_DAC_IRQHandler)
    TIM_Base_SetConfig                       0x08006d8d   Thumb Code   338  stm32g4xx_hal_tim.o(.text.TIM_Base_SetConfig)
    UART_AdvFeatureConfig                    0x0800708d   Thumb Code   230  stm32g4xx_hal_uart.o(.text.UART_AdvFeatureConfig)
    UART_CheckIdleState                      0x08007175   Thumb Code   362  stm32g4xx_hal_uart.o(.text.UART_CheckIdleState)
    UART_SetConfig                           0x080072e1   Thumb Code   676  stm32g4xx_hal_uart.o(.text.UART_SetConfig)
    UART_WaitOnFlagUntilTimeout              0x08007595   Thumb Code   822  stm32g4xx_hal_uart.o(.text.UART_WaitOnFlagUntilTimeout)
    UsageFault_Handler                       0x080078cd   Thumb Code     2  stm32g4xx_it.o(.text.UsageFault_Handler)
    app_980_pwr_en                           0x080078d1   Thumb Code    24  gpio.o(.text.app_980_pwr_en)
    app_auxiliary_bulb_pwm                   0x080078e9   Thumb Code    70  tim.o(.text.app_auxiliary_bulb_pwm)
    app_dac_out                              0x08007931   Thumb Code   108  dac.o(.text.app_dac_out)
    app_get_adc_value                        0x080079a1   Thumb Code   512  adc.o(.text.app_get_adc_value)
    app_get_motor_real_position              0x08007c41   Thumb Code    16  tmc2226_step_bsp.o(.text.app_get_motor_real_position)
    app_laser_prohot_semo                    0x08007c51   Thumb Code    14  app_freertos.o(.text.app_laser_prohot_semo)
    app_load_power_switch                    0x08007c61   Thumb Code    24  gpio.o(.text.app_load_power_switch)
    app_motor_move_to_sem                    0x08007c79   Thumb Code   152  app_freertos.o(.text.app_motor_move_to_sem)
    app_motor_run_sta                        0x08007d45   Thumb Code    26  app_freertos.o(.text.app_motor_run_sta)
    app_motor_slide_position                 0x08007d61   Thumb Code   282  tmc2226_step_bsp.o(.text.app_motor_slide_position)
    app_motor_stop_fresh_status              0x08007e7d   Thumb Code    60  app_freertos.o(.text.app_motor_stop_fresh_status)
    app_start_multi_channel_adc              0x08007eb9   Thumb Code    66  adc.o(.text.app_start_multi_channel_adc)
    app_tec_auto_manage                      0x08007f01   Thumb Code   312  app_freertos.o(.text.app_tec_auto_manage)
    app_tec_ctr_semo                         0x08008049   Thumb Code    14  app_freertos.o(.text.app_tec_ctr_semo)
    filter_ad                                0x08008059   Thumb Code   638  adc.o(.text.filter_ad)
    fputc                                    0x080082d9   Thumb Code    40  usart.o(.text.fputc)
    laserProhotTask05                        0x08008301   Thumb Code   448  app_freertos.o(.text.laserProhotTask05)
    laserWorkTask04                          0x08008529   Thumb Code   528  app_freertos.o(.text.laserWorkTask04)
    laserWorkTimerCallback01                 0x080087a5   Thumb Code    22  app_freertos.o(.text.laserWorkTimerCallback01)
    main                                     0x080087bd   Thumb Code   236  main.o(.text.main)
    motorTask02                              0x080088e9   Thumb Code   624  app_freertos.o(.text.motorTask02)
    osDelay                                  0x08008b91   Thumb Code    32  cmsis_os2.o(.text.osDelay)
    osEventFlagsClear                        0x08008bb1   Thumb Code    70  cmsis_os2.o(.text.osEventFlagsClear)
    osEventFlagsGet                          0x08008bf9   Thumb Code    26  cmsis_os2.o(.text.osEventFlagsGet)
    osEventFlagsNew                          0x08008c15   Thumb Code    40  cmsis_os2.o(.text.osEventFlagsNew)
    osEventFlagsSet                          0x08008c3d   Thumb Code    94  cmsis_os2.o(.text.osEventFlagsSet)
    osEventFlagsWait                         0x08008c9d   Thumb Code   108  cmsis_os2.o(.text.osEventFlagsWait)
    osKernelInitialize                       0x08008d09   Thumb Code    40  cmsis_os2.o(.text.osKernelInitialize)
    osKernelStart                            0x08008d31   Thumb Code    60  cmsis_os2.o(.text.osKernelStart)
    osMessageQueueGet                        0x08008d6d   Thumb Code   144  cmsis_os2.o(.text.osMessageQueueGet)
    osMessageQueueNew                        0x08008dfd   Thumb Code   146  cmsis_os2.o(.text.osMessageQueueNew)
    osMessageQueuePut                        0x08008e91   Thumb Code   144  cmsis_os2.o(.text.osMessageQueuePut)
    osMutexAcquire                           0x08008f21   Thumb Code    70  cmsis_os2.o(.text.osMutexAcquire)
    osMutexNew                               0x08008f69   Thumb Code   116  cmsis_os2.o(.text.osMutexNew)
    osMutexRelease                           0x08008fdd   Thumb Code    70  cmsis_os2.o(.text.osMutexRelease)
    osSemaphoreAcquire                       0x08009025   Thumb Code   108  cmsis_os2.o(.text.osSemaphoreAcquire)
    osSemaphoreNew                           0x08009091   Thumb Code   182  cmsis_os2.o(.text.osSemaphoreNew)
    osSemaphoreRelease                       0x08009149   Thumb Code   100  cmsis_os2.o(.text.osSemaphoreRelease)
    osThreadNew                              0x080091ad   Thumb Code   148  cmsis_os2.o(.text.osThreadNew)
    osTimerNew                               0x08009241   Thumb Code   138  cmsis_os2.o(.text.osTimerNew)
    osTimerStart                             0x080092cd   Thumb Code    58  cmsis_os2.o(.text.osTimerStart)
    osTimerStop                              0x08009309   Thumb Code    76  cmsis_os2.o(.text.osTimerStop)
    pvPortMalloc                             0x08009c79   Thumb Code   488  heap_4.o(.text.pvPortMalloc)
    pvTaskIncrementMutexHeldCount            0x08009e61   Thumb Code    24  tasks.o(.text.pvTaskIncrementMutexHeldCount)
    pvTimerGetTimerID                        0x08009e79   Thumb Code    38  timers.o(.text.pvTimerGetTimerID)
    pxPortInitialiseStack                    0x08009ea1   Thumb Code    36  port.o(.text.pxPortInitialiseStack)
    tec_start                                0x08009ec5   Thumb Code   176  tec_control_bsp.o(.text.tec_start)
    tec_stop                                 0x08009f75   Thumb Code    36  tec_control_bsp.o(.text.tec_stop)
    tmc2226_init                             0x08009f99   Thumb Code    94  tmc2226_step_bsp.o(.text.tmc2226_init)
    tmc2226_start                            0x08009ff9   Thumb Code   420  tmc2226_step_bsp.o(.text.tmc2226_start)
    tmc2226_stop                             0x0800a19d   Thumb Code    82  tmc2226_step_bsp.o(.text.tmc2226_stop)
    uxListRemove                             0x0800a1f1   Thumb Code    34  list.o(.text.uxListRemove)
    uxTaskResetEventItemValue                0x0800a215   Thumb Code    26  tasks.o(.text.uxTaskResetEventItemValue)
    vApplicationGetIdleTaskMemory            0x0800a231   Thumb Code    26  cmsis_os2.o(.text.vApplicationGetIdleTaskMemory)
    vApplicationGetTimerTaskMemory           0x0800a24d   Thumb Code    28  cmsis_os2.o(.text.vApplicationGetTimerTaskMemory)
    vApplicationIdleHook                     0x0800a269   Thumb Code     2  app_freertos.o(.text.vApplicationIdleHook)
    vEventGroupClearBitsCallback             0x0800a26d   Thumb Code    72  event_groups.o(.text.vEventGroupClearBitsCallback)
    vEventGroupSetBitsCallback               0x0800a2b5   Thumb Code     4  event_groups.o(.text.vEventGroupSetBitsCallback)
    vListInitialise                          0x0800a2b9   Thumb Code    22  list.o(.text.vListInitialise)
    vListInitialiseItem                      0x0800a2d1   Thumb Code     6  list.o(.text.vListInitialiseItem)
    vListInsert                              0x0800a2d9   Thumb Code    98  list.o(.text.vListInsert)
    vListInsertEnd                           0x0800a33d   Thumb Code    26  list.o(.text.vListInsertEnd)
    vPortEnterCritical                       0x0800a36d   Thumb Code    70  port.o(.text.vPortEnterCritical)
    vPortExitCritical                        0x0800a3b5   Thumb Code    46  port.o(.text.vPortExitCritical)
    vPortFree                                0x0800a3e5   Thumb Code   222  heap_4.o(.text.vPortFree)
    vPortSetupTimerInterrupt                 0x0800a4c5   Thumb Code    52  port.o(.text.vPortSetupTimerInterrupt)
    vPortValidateInterruptPriority           0x0800a4f9   Thumb Code    94  port.o(.text.vPortValidateInterruptPriority)
    vQueueAddToRegistry                      0x0800a559   Thumb Code    88  queue.o(.text.vQueueAddToRegistry)
    vQueueDelete                             0x0800a5b1   Thumb Code   126  queue.o(.text.vQueueDelete)
    vQueueWaitForMessageRestricted           0x0800a631   Thumb Code    82  queue.o(.text.vQueueWaitForMessageRestricted)
    vTaskDelay                               0x0800a685   Thumb Code   128  tasks.o(.text.vTaskDelay)
    vTaskInternalSetTimeOutState             0x0800a705   Thumb Code    18  tasks.o(.text.vTaskInternalSetTimeOutState)
    vTaskMissedYield                         0x0800a719   Thumb Code    14  tasks.o(.text.vTaskMissedYield)
    vTaskPlaceOnEventList                    0x0800a729   Thumb Code   116  tasks.o(.text.vTaskPlaceOnEventList)
    vTaskPlaceOnEventListRestricted          0x0800a79d   Thumb Code   122  tasks.o(.text.vTaskPlaceOnEventListRestricted)
    vTaskPlaceOnUnorderedEventList           0x0800a819   Thumb Code   148  tasks.o(.text.vTaskPlaceOnUnorderedEventList)
    vTaskPriorityDisinheritAfterTimeout      0x0800a8ad   Thumb Code   164  tasks.o(.text.vTaskPriorityDisinheritAfterTimeout)
    vTaskRemoveFromUnorderedEventList        0x0800a951   Thumb Code   122  tasks.o(.text.vTaskRemoveFromUnorderedEventList)
    vTaskStartScheduler                      0x0800a9cd   Thumb Code   232  tasks.o(.text.vTaskStartScheduler)
    vTaskSuspendAll                          0x0800aabd   Thumb Code    16  tasks.o(.text.vTaskSuspendAll)
    vTaskSwitchContext                       0x0800aacd   Thumb Code   204  tasks.o(.text.vTaskSwitchContext)
    xEventGroupClearBits                     0x0800ab99   Thumb Code    74  event_groups.o(.text.xEventGroupClearBits)
    xEventGroupClearBitsFromISR              0x0800abe5   Thumb Code    18  event_groups.o(.text.xEventGroupClearBitsFromISR)
    xEventGroupCreate                        0x0800abf9   Thumb Code    34  event_groups.o(.text.xEventGroupCreate)
    xEventGroupCreateStatic                  0x0800ac1d   Thumb Code    78  event_groups.o(.text.xEventGroupCreateStatic)
    xEventGroupGetBitsFromISR                0x0800ac6d   Thumb Code    28  event_groups.o(.text.xEventGroupGetBitsFromISR)
    xEventGroupSetBits                       0x0800ac89   Thumb Code   154  event_groups.o(.text.xEventGroupSetBits)
    xEventGroupSetBitsFromISR                0x0800ad25   Thumb Code    18  event_groups.o(.text.xEventGroupSetBitsFromISR)
    xEventGroupWaitBits                      0x0800ad39   Thumb Code   320  event_groups.o(.text.xEventGroupWaitBits)
    xPortStartScheduler                      0x0800ae79   Thumb Code   392  port.o(.text.xPortStartScheduler)
    xPortSysTickHandler                      0x0800b001   Thumb Code    46  port.o(.text.xPortSysTickHandler)
    xQueueCreateCountingSemaphore            0x0800b031   Thumb Code   150  queue.o(.text.xQueueCreateCountingSemaphore)
    xQueueCreateCountingSemaphoreStatic      0x0800b0c9   Thumb Code   194  queue.o(.text.xQueueCreateCountingSemaphoreStatic)
    xQueueCreateMutex                        0x0800b18d   Thumb Code   112  queue.o(.text.xQueueCreateMutex)
    xQueueCreateMutexStatic                  0x0800b1fd   Thumb Code   162  queue.o(.text.xQueueCreateMutexStatic)
    xQueueGenericCreate                      0x0800b2a1   Thumb Code   130  queue.o(.text.xQueueGenericCreate)
    xQueueGenericCreateStatic                0x0800b325   Thumb Code   218  queue.o(.text.xQueueGenericCreateStatic)
    xQueueGenericSend                        0x0800b401   Thumb Code   704  queue.o(.text.xQueueGenericSend)
    xQueueGenericSendFromISR                 0x0800b6c1   Thumb Code   328  queue.o(.text.xQueueGenericSendFromISR)
    xQueueGiveFromISR                        0x0800b809   Thumb Code   186  queue.o(.text.xQueueGiveFromISR)
    xQueueGiveMutexRecursive                 0x0800b8c5   Thumb Code    68  queue.o(.text.xQueueGiveMutexRecursive)
    xQueueReceive                            0x0800b909   Thumb Code   574  queue.o(.text.xQueueReceive)
    xQueueReceiveFromISR                     0x0800bb49   Thumb Code   210  queue.o(.text.xQueueReceiveFromISR)
    xQueueSemaphoreTake                      0x0800bc1d   Thumb Code   650  queue.o(.text.xQueueSemaphoreTake)
    xQueueTakeMutexRecursive                 0x0800bea9   Thumb Code    72  queue.o(.text.xQueueTakeMutexRecursive)
    xTaskCheckForTimeOut                     0x0800bef1   Thumb Code   154  tasks.o(.text.xTaskCheckForTimeOut)
    xTaskCreate                              0x0800bf8d   Thumb Code    96  tasks.o(.text.xTaskCreate)
    xTaskCreateStatic                        0x0800bfed   Thumb Code   118  tasks.o(.text.xTaskCreateStatic)
    xTaskGetCurrentTaskHandle                0x0800c065   Thumb Code    12  tasks.o(.text.xTaskGetCurrentTaskHandle)
    xTaskGetSchedulerState                   0x0800c071   Thumb Code    30  tasks.o(.text.xTaskGetSchedulerState)
    xTaskGetTickCount                        0x0800c091   Thumb Code    12  tasks.o(.text.xTaskGetTickCount)
    xTaskIncrementTick                       0x0800c09d   Thumb Code   260  tasks.o(.text.xTaskIncrementTick)
    xTaskPriorityDisinherit                  0x0800c1a1   Thumb Code   142  tasks.o(.text.xTaskPriorityDisinherit)
    xTaskPriorityInherit                     0x0800c231   Thumb Code   144  tasks.o(.text.xTaskPriorityInherit)
    xTaskRemoveFromEventList                 0x0800c2c1   Thumb Code   114  tasks.o(.text.xTaskRemoveFromEventList)
    xTaskResumeAll                           0x0800c335   Thumb Code   238  tasks.o(.text.xTaskResumeAll)
    xTimerCreate                             0x0800c425   Thumb Code    58  timers.o(.text.xTimerCreate)
    xTimerCreateStatic                       0x0800c461   Thumb Code    82  timers.o(.text.xTimerCreateStatic)
    xTimerCreateTimerTask                    0x0800c4b5   Thumb Code   172  timers.o(.text.xTimerCreateTimerTask)
    xTimerGenericCommand                     0x0800c569   Thumb Code   118  timers.o(.text.xTimerGenericCommand)
    xTimerIsTimerActive                      0x0800c5e1   Thumb Code    46  timers.o(.text.xTimerIsTimerActive)
    xTimerPendFunctionCallFromISR            0x0800c611   Thumb Code    42  timers.o(.text.xTimerPendFunctionCallFromISR)
    __0printf                                0x0800c63d   Thumb Code    22  printfa.o(i.__0printf)
    __1printf                                0x0800c63d   Thumb Code     0  printfa.o(i.__0printf)
    __2printf                                0x0800c63d   Thumb Code     0  printfa.o(i.__0printf)
    __c89printf                              0x0800c63d   Thumb Code     0  printfa.o(i.__0printf)
    printf                                   0x0800c63d   Thumb Code     0  printfa.o(i.__0printf)
    __hardfp_log                             0x0800c661   Thumb Code   872  log.o(i.__hardfp_log)
    __kernel_poly                            0x0800ca25   Thumb Code   248  poly.o(i.__kernel_poly)
    __mathlib_dbl_divzero                    0x0800cb21   Thumb Code    28  dunder.o(i.__mathlib_dbl_divzero)
    __mathlib_dbl_infnan                     0x0800cb51   Thumb Code    20  dunder.o(i.__mathlib_dbl_infnan)
    __mathlib_dbl_invalid                    0x0800cb69   Thumb Code    24  dunder.o(i.__mathlib_dbl_invalid)
    __scatterload_copy                       0x0800cb89   Thumb Code    14  handlers.o(i.__scatterload_copy)
    __scatterload_null                       0x0800cb97   Thumb Code     2  handlers.o(i.__scatterload_null)
    __scatterload_zeroinit                   0x0800cb99   Thumb Code    14  handlers.o(i.__scatterload_zeroinit)
    __set_errno                              0x0800cba9   Thumb Code     6  errno.o(i.__set_errno)
    puts                                     0x0800d469   Thumb Code    30  puts.o(i.puts)
    __mathlib_zero                           0x0800d4c8   Data           8  qnan.o(.constdata)
    AHBPrescTable                            0x0800d4d0   Data          16  system_stm32g4xx.o(.rodata.AHBPrescTable)
    APBPrescTable                            0x0800d4e0   Data           8  system_stm32g4xx.o(.rodata.APBPrescTable)
    UARTPrescTable                           0x0800d4e8   Data          24  stm32g4xx_hal_uart.o(.rodata.UARTPrescTable)
    defaultTask_attributes                   0x0800d530   Data          36  app_freertos.o(.rodata.defaultTask_attributes)
    deviceErrorEvent03_attributes            0x0800d554   Data          16  app_freertos.o(.rodata.deviceErrorEvent03_attributes)
    laserCloseBinarySem03_attributes         0x0800d564   Data          16  app_freertos.o(.rodata.laserCloseBinarySem03_attributes)
    laserEvent02_attributes                  0x0800d574   Data          16  app_freertos.o(.rodata.laserEvent02_attributes)
    laserWorkTimer01_attributes              0x0800d584   Data          16  app_freertos.o(.rodata.laserWorkTimer01_attributes)
    motorEvent01_attributes                  0x0800d594   Data          16  app_freertos.o(.rodata.motorEvent01_attributes)
    motorMutex01_attributes                  0x0800d5a4   Data          16  app_freertos.o(.rodata.motorMutex01_attributes)
    motorPositonQueue01_attributes           0x0800d5b4   Data          24  app_freertos.o(.rodata.motorPositonQueue01_attributes)
    myTask02_attributes                      0x0800d5cc   Data          36  app_freertos.o(.rodata.myTask02_attributes)
    myTask03_attributes                      0x0800d5f0   Data          36  app_freertos.o(.rodata.myTask03_attributes)
    myTask04_attributes                      0x0800d614   Data          36  app_freertos.o(.rodata.myTask04_attributes)
    myTask05_attributes                      0x0800d638   Data          36  app_freertos.o(.rodata.myTask05_attributes)
    poweroffBinarySem04_attributes           0x0800d65c   Data          16  app_freertos.o(.rodata.poweroffBinarySem04_attributes)
    prohotBinarySem02_attributes             0x0800d66c   Data          16  app_freertos.o(.rodata.prohotBinarySem02_attributes)
    tecBinarySem01_attributes                0x0800d898   Data          16  app_freertos.o(.rodata.tecBinarySem01_attributes)
    Region$$Table$$Base                      0x0800d8a8   Number         0  anon$$obj.o(Region$$Table)
    Region$$Table$$Limit                     0x0800d8c8   Number         0  anon$$obj.o(Region$$Table)
    uwTickPrio                               0x20000004   Data           4  stm32g4xx_hal.o(.data..L_MergedGlobals)
    uwTickFreq                               0x20000008   Data           4  stm32g4xx_hal.o(.data..L_MergedGlobals)
    SystemCoreClock                          0x2000000c   Data           4  system_stm32g4xx.o(.data.SystemCoreClock)
    motorMutex01Handle                       0x20000018   Data           4  app_freertos.o(.bss..L_MergedGlobals)
    tecBinarySem01Handle                     0x2000001c   Data           4  app_freertos.o(.bss..L_MergedGlobals)
    prohotBinarySem02Handle                  0x20000020   Data           4  app_freertos.o(.bss..L_MergedGlobals)
    laserCloseBinarySem03Handle              0x20000024   Data           4  app_freertos.o(.bss..L_MergedGlobals)
    poweroffBinarySem04Handle                0x20000028   Data           4  app_freertos.o(.bss..L_MergedGlobals)
    laserWorkTimer01Handle                   0x2000002c   Data           4  app_freertos.o(.bss..L_MergedGlobals)
    motorPositonQueue01Handle                0x20000030   Data           4  app_freertos.o(.bss..L_MergedGlobals)
    defaultTaskHandle                        0x20000034   Data           4  app_freertos.o(.bss..L_MergedGlobals)
    myTask02Handle                           0x20000038   Data           4  app_freertos.o(.bss..L_MergedGlobals)
    myTask03Handle                           0x2000003c   Data           4  app_freertos.o(.bss..L_MergedGlobals)
    myTask04Handle                           0x20000040   Data           4  app_freertos.o(.bss..L_MergedGlobals)
    myTask05Handle                           0x20000044   Data           4  app_freertos.o(.bss..L_MergedGlobals)
    motorEvent01Handle                       0x20000048   Data           4  app_freertos.o(.bss..L_MergedGlobals)
    laserEvent02Handle                       0x2000004c   Data           4  app_freertos.o(.bss..L_MergedGlobals)
    deviceErrorEvent03Handle                 0x20000050   Data           4  app_freertos.o(.bss..L_MergedGlobals)
    laser_ctr_param                          0x20000054   Data           8  app_freertos.o(.bss..L_MergedGlobals)
    hsm_dl_sta                               0x2000005c   Data          19  app_freertos.o(.bss..L_MergedGlobals)
    fd_canRxLen                              0x200000c4   Data           2  fdcan.o(.bss..L_MergedGlobals)
    u_s_l980                                 0x20000104   Data          12  can_modbusrtu_bsp.o(.bss..L_MergedGlobals)
    u_l980                                   0x20000110   Data          12  can_modbusrtu_bsp.o(.bss..L_MergedGlobals)
    pxCurrentTCB                             0x20000164   Data           4  tasks.o(.bss..L_MergedGlobals)
    __stdout                                 0x2000026c   Data          84  usart.o(.bss.__stdout)
    hadc1                                    0x20000340   Data         108  adc.o(.bss.hadc1)
    hadc2                                    0x200003ac   Data         108  adc.o(.bss.hadc2)
    hadc3                                    0x20000418   Data         108  adc.o(.bss.hadc3)
    hdac1                                    0x20000484   Data          20  dac.o(.bss.hdac1)
    hdma_adc1                                0x20000498   Data          96  adc.o(.bss.hdma_adc1)
    hdma_adc2                                0x200004f8   Data          96  adc.o(.bss.hdma_adc2)
    hdma_adc3                                0x20000558   Data          96  adc.o(.bss.hdma_adc3)
    hfdcan1                                  0x200005b8   Data         100  fdcan.o(.bss.hfdcan1)
    hi2c1                                    0x2000061c   Data          84  i2c.o(.bss.hi2c1)
    hlpuart1                                 0x20000670   Data         148  usart.o(.bss.hlpuart1)
    htim2                                    0x20000704   Data          76  tim.o(.bss.htim2)
    htim20                                   0x20000750   Data          76  tim.o(.bss.htim20)
    htim3                                    0x2000079c   Data          76  tim.o(.bss.htim3)
    htim4                                    0x200007e8   Data          76  tim.o(.bss.htim4)
    htim6                                    0x20000834   Data          76  stm32g4xx_hal_timebase_tim.o(.bss.htim6)
    htim7                                    0x20000880   Data          76  tim.o(.bss.htim7)
    htim8                                    0x200008cc   Data          76  tim.o(.bss.htim8)
    huart3                                   0x20000918   Data         148  usart.o(.bss.huart3)
    laserWorkTimer01ControlBlock             0x200009ac   Data          44  app_freertos.o(.bss.laserWorkTimer01ControlBlock)
    positonQueue01Buffer                     0x200009d8   Data           4  app_freertos.o(.bss.positonQueue01Buffer)
    positonQueue01ControlBlock               0x200009dc   Data          80  app_freertos.o(.bss.positonQueue01ControlBlock)
    u_sys_param                              0x20000f7c   Data         100  app_freertos.o(.bss.u_sys_param)
    uwTick                                   0x20008fe0   Data           4  stm32g4xx_hal.o(.bss.uwTick)
    xQueueRegistry                           0x2000969c   Data          64  queue.o(.bss.xQueueRegistry)
    __initial_sp                             0x20009ae0   Data           0  startup_stm32g474xx.o(STACK)



==============================================================================

Memory Map of the image

  Image Entry point : 0x080001d9

  Load Region LR_IROM1 (Base: 0x08000000, Size: 0x0000d8e0, Max: 0x00080000, ABSOLUTE)

    Execution Region ER_IROM1 (Exec base: 0x08000000, Load base: 0x08000000, Size: 0x0000d8c8, Max: 0x00080000, ABSOLUTE)

    Exec Addr    Load Addr    Size         Type   Attr      Idx    E Section Name        Object

    0x08000000   0x08000000   0x000001d8   Data   RO            3    RESET               startup_stm32g474xx.o
    0x080001d8   0x080001d8   0x00000000   Code   RO         2697  * .ARM.Collect$$$$00000000  mc_w.l(entry.o)
    0x080001d8   0x080001d8   0x00000004   Code   RO         3010    .ARM.Collect$$$$00000001  mc_w.l(entry2.o)
    0x080001dc   0x080001dc   0x00000004   Code   RO         3013    .ARM.Collect$$$$00000004  mc_w.l(entry5.o)
    0x080001e0   0x080001e0   0x00000000   Code   RO         3015    .ARM.Collect$$$$00000008  mc_w.l(entry7b.o)
    0x080001e0   0x080001e0   0x00000000   Code   RO         3017    .ARM.Collect$$$$0000000A  mc_w.l(entry8b.o)
    0x080001e0   0x080001e0   0x00000008   Code   RO         3018    .ARM.Collect$$$$0000000B  mc_w.l(entry9a.o)
    0x080001e8   0x080001e8   0x00000000   Code   RO         3020    .ARM.Collect$$$$0000000D  mc_w.l(entry10a.o)
    0x080001e8   0x080001e8   0x00000000   Code   RO         3022    .ARM.Collect$$$$0000000F  mc_w.l(entry11a.o)
    0x080001e8   0x080001e8   0x00000004   Code   RO         3011    .ARM.Collect$$$$00002712  mc_w.l(entry2.o)
    0x080001ec   0x080001ec   0x00000024   Code   RO            4    .text               startup_stm32g474xx.o
    0x08000210   0x08000210   0x00000062   Code   RO         2704    .text               mc_w.l(uldiv.o)
    0x08000272   0x08000272   0x00000024   Code   RO         2706    .text               mc_w.l(memcpya.o)
    0x08000296   0x08000296   0x00000024   Code   RO         2708    .text               mc_w.l(memseta.o)
    0x080002ba   0x080002ba   0x0000014e   Code   RO         2973    .text               mf_w.l(dadd.o)
    0x08000408   0x08000408   0x000000e4   Code   RO         2975    .text               mf_w.l(dmul.o)
    0x080004ec   0x080004ec   0x000000de   Code   RO         2977    .text               mf_w.l(ddiv.o)
    0x080005ca   0x080005ca   0x00000036   Code   RO         2979    .text               mf_w.l(dcmpge.o)
    0x08000600   0x08000600   0x00000036   Code   RO         2981    .text               mf_w.l(dcmpgt.o)
    0x08000636   0x08000636   0x00000022   Code   RO         2983    .text               mf_w.l(dflti.o)
    0x08000658   0x08000658   0x0000001a   Code   RO         2985    .text               mf_w.l(dfltui.o)
    0x08000672   0x08000672   0x0000003e   Code   RO         2987    .text               mf_w.l(dfixi.o)
    0x080006b0   0x080006b0   0x00000026   Code   RO         2989    .text               mf_w.l(f2d.o)
    0x080006d6   0x080006d6   0x00000038   Code   RO         2991    .text               mf_w.l(d2f.o)
    0x0800070e   0x0800070e   0x0000002c   Code   RO         3033    .text               mc_w.l(uidiv.o)
    0x0800073a   0x0800073a   0x0000001e   Code   RO         3035    .text               mc_w.l(llshl.o)
    0x08000758   0x08000758   0x00000020   Code   RO         3037    .text               mc_w.l(llushr.o)
    0x08000778   0x08000778   0x00000024   Code   RO         3039    .text               mc_w.l(llsshr.o)
    0x0800079c   0x0800079c   0x00000000   Code   RO         3048    .text               mc_w.l(iusefp.o)
    0x0800079c   0x0800079c   0x0000006e   Code   RO         3049    .text               mf_w.l(fepilogue.o)
    0x0800080a   0x0800080a   0x000000ba   Code   RO         3051    .text               mf_w.l(depilogue.o)
    0x080008c4   0x080008c4   0x00000030   Code   RO         3055    .text               mf_w.l(dfixul.o)
    0x080008f4   0x080008f4   0x00000030   Code   RO         3057    .text               mf_w.l(cdcmple.o)
    0x08000924   0x08000924   0x00000030   Code   RO         3059    .text               mf_w.l(cdrcmple.o)
    0x08000954   0x08000954   0x00000030   Code   RO         3061    .text               mc_w.l(init.o)
    0x08000984   0x08000984   0x00000062   Code   RO          888    .text.ADC_DMAConvCplt  stm32g4xx_hal_adc.o
    0x080009e6   0x080009e6   0x00000002   PAD
    0x080009e8   0x080009e8   0x00000016   Code   RO          892    .text.ADC_DMAError  stm32g4xx_hal_adc.o
    0x080009fe   0x080009fe   0x00000002   PAD
    0x08000a00   0x08000a00   0x00000006   Code   RO          890    .text.ADC_DMAHalfConvCplt  stm32g4xx_hal_adc.o
    0x08000a06   0x08000a06   0x00000002   PAD
    0x08000a08   0x08000a08   0x0000007c   Code   RO          868    .text.ADC_Disable   stm32g4xx_hal_adc.o
    0x08000a84   0x08000a84   0x0000010e   Code   RO          874    .text.ADC_Enable    stm32g4xx_hal_adc.o
    0x08000b92   0x08000b92   0x00000002   PAD
    0x08000b94   0x08000b94   0x00000068   Code   RO          184    .text.APP_CAN_SEND_DATA  fdcan.o
    0x08000bfc   0x08000bfc   0x00000002   Code   RO          299    .text.BusFault_Handler  stm32g4xx_it.o
    0x08000bfe   0x08000bfe   0x00000002   PAD
    0x08000c00   0x08000c00   0x00000308   Code   RO          433    .text.CAN_r_w_ack   can_modbusrtu_bsp.o
    0x08000f08   0x08000f08   0x0000037c   Code   RO          445    .text.CAN_receivePackageHandle  can_modbusrtu_bsp.o
    0x08001284   0x08001284   0x00000070   Code   RO           58    .text.CANopenTask03  app_freertos.o
    0x080012f4   0x080012f4   0x0000000c   Code   RO          307    .text.DMA1_Channel1_IRQHandler  stm32g4xx_it.o
    0x08001300   0x08001300   0x0000000c   Code   RO          309    .text.DMA1_Channel2_IRQHandler  stm32g4xx_it.o
    0x0800130c   0x0800130c   0x0000000c   Code   RO          319    .text.DMA2_Channel1_IRQHandler  stm32g4xx_it.o
    0x08001318   0x08001318   0x00000026   Code   RO          463    .text.DWT_Init      common_function.o
    0x0800133e   0x0800133e   0x00000002   PAD
    0x08001340   0x08001340   0x00000002   Code   RO          303    .text.DebugMon_Handler  stm32g4xx_it.o
    0x08001342   0x08001342   0x00000002   PAD
    0x08001344   0x08001344   0x00000006   Code   RO          305    .text.EXTI2_IRQHandler  stm32g4xx_it.o
    0x0800134a   0x0800134a   0x00000002   PAD
    0x0800134c   0x0800134c   0x0000000a   Code   RO           15    .text.Error_Handler  main.o
    0x08001356   0x08001356   0x00000002   PAD
    0x08001358   0x08001358   0x0000005c   Code   RO          180    .text.FDCAN1_Receive_Msg  fdcan.o
    0x080013b4   0x080013b4   0x000000d4   Code   RO          928    .text.HAL_ADCEx_Calibration_Start  stm32g4xx_hal_adc_ex.o
    0x08001488   0x08001488   0x00000134   Code   RO          972    .text.HAL_ADCEx_MultiModeConfigChannel  stm32g4xx_hal_adc_ex.o
    0x080015bc   0x080015bc   0x000003b6   Code   RO          912    .text.HAL_ADC_ConfigChannel  stm32g4xx_hal_adc.o
    0x08001972   0x08001972   0x00000002   PAD
    0x08001974   0x08001974   0x00000004   Code   RO          126    .text.HAL_ADC_ConvCpltCallback  adc.o
    0x08001978   0x08001978   0x00000002   Code   RO          910    .text.HAL_ADC_ConvHalfCpltCallback  stm32g4xx_hal_adc.o
    0x0800197a   0x0800197a   0x00000002   PAD
    0x0800197c   0x0800197c   0x00000002   Code   RO          908    .text.HAL_ADC_ErrorCallback  stm32g4xx_hal_adc.o
    0x0800197e   0x0800197e   0x00000002   PAD
    0x08001980   0x08001980   0x00000256   Code   RO          860    .text.HAL_ADC_Init  stm32g4xx_hal_adc.o
    0x08001bd6   0x08001bd6   0x00000002   PAD
    0x08001bd8   0x08001bd8   0x000001ea   Code   RO          118    .text.HAL_ADC_MspInit  adc.o
    0x08001dc2   0x08001dc2   0x00000002   PAD
    0x08001dc4   0x08001dc4   0x0000012a   Code   RO          886    .text.HAL_ADC_Start_DMA  stm32g4xx_hal_adc.o
    0x08001eee   0x08001eee   0x00000002   PAD
    0x08001ef0   0x08001ef0   0x00000002   Code   RO         1588    .text.HAL_DACEx_DMAUnderrunCallbackCh2  stm32g4xx_hal_dac_ex.o
    0x08001ef2   0x08001ef2   0x00000002   PAD
    0x08001ef4   0x08001ef4   0x000001f0   Code   RO         1542    .text.HAL_DAC_ConfigChannel  stm32g4xx_hal_dac.o
    0x080020e4   0x080020e4   0x00000002   Code   RO         1530    .text.HAL_DAC_DMAUnderrunCallbackCh1  stm32g4xx_hal_dac.o
    0x080020e6   0x080020e6   0x00000002   PAD
    0x080020e8   0x080020e8   0x00000066   Code   RO         1528    .text.HAL_DAC_IRQHandler  stm32g4xx_hal_dac.o
    0x0800214e   0x0800214e   0x00000002   PAD
    0x08002150   0x08002150   0x0000002e   Code   RO         1506    .text.HAL_DAC_Init  stm32g4xx_hal_dac.o
    0x0800217e   0x0800217e   0x00000002   PAD
    0x08002180   0x08002180   0x00000078   Code   RO          148    .text.HAL_DAC_MspInit  dac.o
    0x080021f8   0x080021f8   0x0000003e   Code   RO         1532    .text.HAL_DAC_SetValue  stm32g4xx_hal_dac.o
    0x08002236   0x08002236   0x00000002   PAD
    0x08002238   0x08002238   0x000000b6   Code   RO         1514    .text.HAL_DAC_Start  stm32g4xx_hal_dac.o
    0x080022ee   0x080022ee   0x00000002   PAD
    0x080022f0   0x080022f0   0x00000026   Code   RO         1516    .text.HAL_DAC_Stop  stm32g4xx_hal_dac.o
    0x08002316   0x08002316   0x00000002   PAD
    0x08002318   0x08002318   0x000000aa   Code   RO         1298    .text.HAL_DMA_IRQHandler  stm32g4xx_hal_dma.o
    0x080023c2   0x080023c2   0x00000002   PAD
    0x080023c4   0x080023c4   0x00000118   Code   RO         1284    .text.HAL_DMA_Init  stm32g4xx_hal_dma.o
    0x080024dc   0x080024dc   0x000000e8   Code   RO         1290    .text.HAL_DMA_Start_IT  stm32g4xx_hal_dma.o
    0x080025c4   0x080025c4   0x00000028   Code   RO         1011    .text.HAL_Delay     stm32g4xx_hal.o
    0x080025ec   0x080025ec   0x0000010c   Code   RO         1694    .text.HAL_FDCAN_ActivateNotification  stm32g4xx_hal_fdcan.o
    0x080026f8   0x080026f8   0x000000b8   Code   RO         1666    .text.HAL_FDCAN_AddMessageToTxFifoQ  stm32g4xx_hal_fdcan.o
    0x080027b0   0x080027b0   0x00000060   Code   RO         1620    .text.HAL_FDCAN_ConfigFilter  stm32g4xx_hal_fdcan.o
    0x08002810   0x08002810   0x00000012   Code   RO         1684    .text.HAL_FDCAN_GetRxFifoFillLevel  stm32g4xx_hal_fdcan.o
    0x08002822   0x08002822   0x00000002   PAD
    0x08002824   0x08002824   0x00000156   Code   RO         1672    .text.HAL_FDCAN_GetRxMessage  stm32g4xx_hal_fdcan.o
    0x0800297a   0x0800297a   0x00000002   PAD
    0x0800297c   0x0800297c   0x00000266   Code   RO         1606    .text.HAL_FDCAN_Init  stm32g4xx_hal_fdcan.o
    0x08002be2   0x08002be2   0x00000002   PAD
    0x08002be4   0x08002be4   0x000000b8   Code   RO          174    .text.HAL_FDCAN_MspInit  fdcan.o
    0x08002c9c   0x08002c9c   0x0000002c   Code   RO         1664    .text.HAL_FDCAN_Start  stm32g4xx_hal_fdcan.o
    0x08002cc8   0x08002cc8   0x000000f8   Code   RO         1612    .text.HAL_FDCAN_Stop  stm32g4xx_hal_fdcan.o
    0x08002dc0   0x08002dc0   0x00000090   Code   RO           70    .text.HAL_GPIO_EXTI_Callback  app_freertos.o
    0x08002e50   0x08002e50   0x00000016   Code   RO         1246    .text.HAL_GPIO_EXTI_IRQHandler  stm32g4xx_hal_gpio.o
    0x08002e66   0x08002e66   0x00000002   PAD
    0x08002e68   0x08002e68   0x000001b2   Code   RO         1234    .text.HAL_GPIO_Init  stm32g4xx_hal_gpio.o
    0x0800301a   0x0800301a   0x00000002   PAD
    0x0800301c   0x0800301c   0x0000000a   Code   RO         1238    .text.HAL_GPIO_ReadPin  stm32g4xx_hal_gpio.o
    0x08003026   0x08003026   0x00000002   PAD
    0x08003028   0x08003028   0x00000010   Code   RO         1242    .text.HAL_GPIO_TogglePin  stm32g4xx_hal_gpio.o
    0x08003038   0x08003038   0x0000000c   Code   RO         1240    .text.HAL_GPIO_WritePin  stm32g4xx_hal_gpio.o
    0x08003044   0x08003044   0x0000000c   Code   RO         1003    .text.HAL_GetTick   stm32g4xx_hal.o
    0x08003050   0x08003050   0x0000004a   Code   RO         1889    .text.HAL_I2CEx_ConfigAnalogFilter  stm32g4xx_hal_i2c_ex.o
    0x0800309a   0x0800309a   0x00000002   PAD
    0x0800309c   0x0800309c   0x00000048   Code   RO         1891    .text.HAL_I2CEx_ConfigDigitalFilter  stm32g4xx_hal_i2c_ex.o
    0x080030e4   0x080030e4   0x000000b0   Code   RO         1735    .text.HAL_I2C_Init  stm32g4xx_hal_i2c.o
    0x08003194   0x08003194   0x000000c8   Code   RO          200    .text.HAL_I2C_MspInit  i2c.o
    0x0800325c   0x0800325c   0x0000001a   Code   RO         1001    .text.HAL_IncTick   stm32g4xx_hal.o
    0x08003276   0x08003276   0x00000002   PAD
    0x08003278   0x08003278   0x0000001e   Code   RO          991    .text.HAL_Init      stm32g4xx_hal.o
    0x08003296   0x08003296   0x00000002   PAD
    0x08003298   0x08003298   0x000000a6   Code   RO          337    .text.HAL_InitTick  stm32g4xx_hal_timebase_tim.o
    0x0800333e   0x0800333e   0x00000002   PAD
    0x08003340   0x08003340   0x00000046   Code   RO          328    .text.HAL_MspInit   stm32g4xx_hal_msp.o
    0x08003386   0x08003386   0x00000002   PAD
    0x08003388   0x08003388   0x00000022   Code   RO         1460    .text.HAL_NVIC_EnableIRQ  stm32g4xx_hal_cortex.o
    0x080033aa   0x080033aa   0x00000002   PAD
    0x080033ac   0x080033ac   0x00000056   Code   RO         1458    .text.HAL_NVIC_SetPriority  stm32g4xx_hal_cortex.o
    0x08003402   0x08003402   0x00000002   PAD
    0x08003404   0x08003404   0x00000020   Code   RO         1456    .text.HAL_NVIC_SetPriorityGrouping  stm32g4xx_hal_cortex.o
    0x08003424   0x08003424   0x0000010e   Code   RO         1376    .text.HAL_PWREx_ControlVoltageScaling  stm32g4xx_hal_pwr_ex.o
    0x08003532   0x08003532   0x00000002   PAD
    0x08003534   0x08003534   0x00000012   Code   RO         1446    .text.HAL_PWREx_DisableUCPDDeadBattery  stm32g4xx_hal_pwr_ex.o
    0x08003546   0x08003546   0x00000002   PAD
    0x08003548   0x08003548   0x000002d6   Code   RO         1115    .text.HAL_RCCEx_PeriphCLKConfig  stm32g4xx_hal_rcc_ex.o
    0x0800381e   0x0800381e   0x00000002   PAD
    0x08003820   0x08003820   0x00000304   Code   RO         1081    .text.HAL_RCC_ClockConfig  stm32g4xx_hal_rcc.o
    0x08003b24   0x08003b24   0x00000042   Code   RO         1095    .text.HAL_RCC_GetClockConfig  stm32g4xx_hal_rcc.o
    0x08003b66   0x08003b66   0x00000002   PAD
    0x08003b68   0x08003b68   0x0000000c   Code   RO         1087    .text.HAL_RCC_GetHCLKFreq  stm32g4xx_hal_rcc.o
    0x08003b74   0x08003b74   0x0000002a   Code   RO         1089    .text.HAL_RCC_GetPCLK1Freq  stm32g4xx_hal_rcc.o
    0x08003b9e   0x08003b9e   0x00000002   PAD
    0x08003ba0   0x08003ba0   0x0000002a   Code   RO         1091    .text.HAL_RCC_GetPCLK2Freq  stm32g4xx_hal_rcc.o
    0x08003bca   0x08003bca   0x00000002   PAD
    0x08003bcc   0x08003bcc   0x00000082   Code   RO         1083    .text.HAL_RCC_GetSysClockFreq  stm32g4xx_hal_rcc.o
    0x08003c4e   0x08003c4e   0x00000002   PAD
    0x08003c50   0x08003c50   0x000004ce   Code   RO         1079    .text.HAL_RCC_OscConfig  stm32g4xx_hal_rcc.o
    0x0800411e   0x0800411e   0x00000002   PAD
    0x08004120   0x08004120   0x00000002   Code   RO          837    .text.HAL_TIMEx_Break2Callback  stm32g4xx_hal_tim_ex.o
    0x08004122   0x08004122   0x00000002   PAD
    0x08004124   0x08004124   0x00000002   Code   RO          835    .text.HAL_TIMEx_BreakCallback  stm32g4xx_hal_tim_ex.o
    0x08004126   0x08004126   0x00000002   PAD
    0x08004128   0x08004128   0x00000002   Code   RO          831    .text.HAL_TIMEx_CommutCallback  stm32g4xx_hal_tim_ex.o
    0x0800412a   0x0800412a   0x00000002   PAD
    0x0800412c   0x0800412c   0x000000d4   Code   RO          783    .text.HAL_TIMEx_ConfigBreakDeadTime  stm32g4xx_hal_tim_ex.o
    0x08004200   0x08004200   0x00000002   Code   RO          841    .text.HAL_TIMEx_DirectionChangeCallback  stm32g4xx_hal_tim_ex.o
    0x08004202   0x08004202   0x00000002   PAD
    0x08004204   0x08004204   0x00000002   Code   RO          839    .text.HAL_TIMEx_EncoderIndexCallback  stm32g4xx_hal_tim_ex.o
    0x08004206   0x08004206   0x00000002   PAD
    0x08004208   0x08004208   0x00000002   Code   RO          843    .text.HAL_TIMEx_IndexErrorCallback  stm32g4xx_hal_tim_ex.o
    0x0800420a   0x0800420a   0x00000002   PAD
    0x0800420c   0x0800420c   0x000000de   Code   RO          781    .text.HAL_TIMEx_MasterConfigSynchronization  stm32g4xx_hal_tim_ex.o
    0x080042ea   0x080042ea   0x00000002   PAD
    0x080042ec   0x080042ec   0x00000002   Code   RO          845    .text.HAL_TIMEx_TransitionErrorCallback  stm32g4xx_hal_tim_ex.o
    0x080042ee   0x080042ee   0x00000002   PAD
    0x080042f0   0x080042f0   0x00000062   Code   RO          486    .text.HAL_TIM_Base_Init  stm32g4xx_hal_tim.o
    0x08004352   0x08004352   0x00000002   PAD
    0x08004354   0x08004354   0x000000a2   Code   RO          265    .text.HAL_TIM_Base_MspInit  tim.o
    0x080043f6   0x080043f6   0x00000002   PAD
    0x080043f8   0x080043f8   0x000000b2   Code   RO          496    .text.HAL_TIM_Base_Start  stm32g4xx_hal_tim.o
    0x080044aa   0x080044aa   0x00000002   PAD
    0x080044ac   0x080044ac   0x000000ba   Code   RO          500    .text.HAL_TIM_Base_Start_IT  stm32g4xx_hal_tim.o
    0x08004566   0x08004566   0x00000002   PAD
    0x08004568   0x08004568   0x0000003c   Code   RO          502    .text.HAL_TIM_Base_Stop_IT  stm32g4xx_hal_tim.o
    0x080045a4   0x080045a4   0x000000b6   Code   RO          600    .text.HAL_TIM_Encoder_Init  stm32g4xx_hal_tim.o
    0x0800465a   0x0800465a   0x00000002   PAD
    0x0800465c   0x0800465c   0x00000002   Code   RO          602    .text.HAL_TIM_Encoder_MspInit  stm32g4xx_hal_tim.o
    0x0800465e   0x0800465e   0x00000002   PAD
    0x08004660   0x08004660   0x000000bc   Code   RO          608    .text.HAL_TIM_Encoder_Start  stm32g4xx_hal_tim.o
    0x0800471c   0x0800471c   0x00000082   Code   RO          610    .text.HAL_TIM_Encoder_Stop  stm32g4xx_hal_tim.o
    0x0800479e   0x0800479e   0x00000002   PAD
    0x080047a0   0x080047a0   0x00000002   Code   RO          622    .text.HAL_TIM_IC_CaptureCallback  stm32g4xx_hal_tim.o
    0x080047a2   0x080047a2   0x00000002   PAD
    0x080047a4   0x080047a4   0x000001cc   Code   RO          620    .text.HAL_TIM_IRQHandler  stm32g4xx_hal_tim.o
    0x08004970   0x08004970   0x00000364   Code   RO          632    .text.HAL_TIM_OC_ConfigChannel  stm32g4xx_hal_tim.o
    0x08004cd4   0x08004cd4   0x0000003c   Code   RO          396    .text.HAL_TIM_OC_DelayElapsedCallback  tmc2226_step_bsp.o
    0x08004d10   0x08004d10   0x00000062   Code   RO          514    .text.HAL_TIM_OC_Init  stm32g4xx_hal_tim.o
    0x08004d72   0x08004d72   0x00000002   PAD
    0x08004d74   0x08004d74   0x00000080   Code   RO          267    .text.HAL_TIM_OC_MspInit  tim.o
    0x08004df4   0x08004df4   0x000003fc   Code   RO          640    .text.HAL_TIM_PWM_ConfigChannel  stm32g4xx_hal_tim.o
    0x080051f0   0x080051f0   0x00000062   Code   RO          540    .text.HAL_TIM_PWM_Init  stm32g4xx_hal_tim.o
    0x08005252   0x08005252   0x00000002   PAD
    0x08005254   0x08005254   0x0000005a   Code   RO          269    .text.HAL_TIM_PWM_MspInit  tim.o
    0x080052ae   0x080052ae   0x00000002   PAD
    0x080052b0   0x080052b0   0x00000002   Code   RO          626    .text.HAL_TIM_PWM_PulseFinishedCallback  stm32g4xx_hal_tim.o
    0x080052b2   0x080052b2   0x00000002   PAD
    0x080052b4   0x080052b4   0x00000182   Code   RO          548    .text.HAL_TIM_PWM_Start  stm32g4xx_hal_tim.o
    0x08005436   0x08005436   0x00000002   PAD
    0x08005438   0x08005438   0x000000d6   Code   RO          550    .text.HAL_TIM_PWM_Stop  stm32g4xx_hal_tim.o
    0x0800550e   0x0800550e   0x00000002   PAD
    0x08005510   0x08005510   0x0000006c   Code   RO           17    .text.HAL_TIM_PeriodElapsedCallback  main.o
    0x0800557c   0x0800557c   0x00000058   Code   RO          670    .text.HAL_TIM_SlaveConfigSynchro  stm32g4xx_hal_tim.o
    0x080055d4   0x080055d4   0x00000002   Code   RO          630    .text.HAL_TIM_TriggerCallback  stm32g4xx_hal_tim.o
    0x080055d6   0x080055d6   0x00000002   PAD
    0x080055d8   0x080055d8   0x00000036   Code   RO         2083    .text.HAL_UARTEx_DisableFifoMode  stm32g4xx_hal_uart_ex.o
    0x0800560e   0x0800560e   0x00000002   PAD
    0x08005610   0x08005610   0x0000008c   Code   RO         2087    .text.HAL_UARTEx_SetRxFifoThreshold  stm32g4xx_hal_uart_ex.o
    0x0800569c   0x0800569c   0x0000008c   Code   RO         2085    .text.HAL_UARTEx_SetTxFifoThreshold  stm32g4xx_hal_uart_ex.o
    0x08005728   0x08005728   0x00000064   Code   RO         1921    .text.HAL_UART_Init  stm32g4xx_hal_uart.o
    0x0800578c   0x0800578c   0x000000e8   Code   RO          228    .text.HAL_UART_MspInit  usart.o
    0x08005874   0x08005874   0x000001ae   Code   RO         1941    .text.HAL_UART_Transmit  stm32g4xx_hal_uart.o
    0x08005a22   0x08005a22   0x00000002   PAD
    0x08005a24   0x08005a24   0x00000002   Code   RO          295    .text.HardFault_Handler  stm32g4xx_it.o
    0x08005a26   0x08005a26   0x00000002   PAD
    0x08005a28   0x08005a28   0x00000110   Code   RO          439    .text.L980_appReadAck  can_modbusrtu_bsp.o
    0x08005b38   0x08005b38   0x0000025c   Code   RO          441    .text.L980_appWriteAck  can_modbusrtu_bsp.o
    0x08005d94   0x08005d94   0x0000012c   Code   RO          112    .text.MX_ADC1_Init  adc.o
    0x08005ec0   0x08005ec0   0x000000cc   Code   RO          114    .text.MX_ADC2_Init  adc.o
    0x08005f8c   0x08005f8c   0x000000ba   Code   RO          116    .text.MX_ADC3_Init  adc.o
    0x08006046   0x08006046   0x00000002   PAD
    0x08006048   0x08006048   0x00000060   Code   RO          146    .text.MX_DAC1_Init  dac.o
    0x080060a8   0x080060a8   0x00000078   Code   RO          163    .text.MX_DMA_Init   dma.o
    0x08006120   0x08006120   0x000000b2   Code   RO          172    .text.MX_FDCAN1_Init  fdcan.o
    0x080061d2   0x080061d2   0x00000002   PAD
    0x080061d4   0x080061d4   0x00000130   Code   RO           50    .text.MX_FREERTOS_Init  app_freertos.o
    0x08006304   0x08006304   0x00000160   Code   RO           28    .text.MX_GPIO_Init  gpio.o
    0x08006464   0x08006464   0x0000006c   Code   RO          198    .text.MX_I2C1_Init  i2c.o
    0x080064d0   0x080064d0   0x00000080   Code   RO          224    .text.MX_LPUART1_UART_Init  usart.o
    0x08006550   0x08006550   0x0000014c   Code   RO          263    .text.MX_TIM20_Init  tim.o
    0x0800669c   0x0800669c   0x0000007c   Code   RO          251    .text.MX_TIM2_Init  tim.o
    0x08006718   0x08006718   0x000000b6   Code   RO          253    .text.MX_TIM3_Init  tim.o
    0x080067ce   0x080067ce   0x00000002   PAD
    0x080067d0   0x080067d0   0x0000007e   Code   RO          255    .text.MX_TIM4_Init  tim.o
    0x0800684e   0x0800684e   0x00000002   PAD
    0x08006850   0x08006850   0x00000056   Code   RO          257    .text.MX_TIM7_Init  tim.o
    0x080068a6   0x080068a6   0x00000002   PAD
    0x080068a8   0x080068a8   0x00000170   Code   RO          259    .text.MX_TIM8_Init  tim.o
    0x08006a18   0x08006a18   0x00000082   Code   RO          226    .text.MX_USART3_UART_Init  usart.o
    0x08006a9a   0x08006a9a   0x00000002   PAD
    0x08006a9c   0x08006a9c   0x00000002   Code   RO          297    .text.MemManage_Handler  stm32g4xx_it.o
    0x08006a9e   0x08006a9e   0x00000002   PAD
    0x08006aa0   0x08006aa0   0x00000002   Code   RO          293    .text.NMI_Handler   stm32g4xx_it.o
    0x08006aa2   0x08006aa2   0x0000000e   PAD
    0x08006ab0   0x08006ab0   0x00000064   Code   RO         2675    .text.PendSV_Handler  port.o
    0x08006b14   0x08006b14   0x0000000c   PAD
    0x08006b20   0x08006b20   0x00000024   Code   RO         2659    .text.SVC_Handler   port.o
    0x08006b44   0x08006b44   0x00000004   PAD
    0x08006b48   0x08006b48   0x000001cc   Code   RO           54    .text.StartDefaultTask  app_freertos.o
    0x08006d14   0x08006d14   0x0000001e   Code   RO         2468    .text.SysTick_Handler  cmsis_os2.o
    0x08006d32   0x08006d32   0x00000002   PAD
    0x08006d34   0x08006d34   0x00000012   Code   RO         2106    .text.SystemInit    system_stm32g4xx.o
    0x08006d46   0x08006d46   0x00000002   PAD
    0x08006d48   0x08006d48   0x0000000c   Code   RO          311    .text.TIM2_IRQHandler  stm32g4xx_it.o
    0x08006d54   0x08006d54   0x0000000c   Code   RO          313    .text.TIM3_IRQHandler  stm32g4xx_it.o
    0x08006d60   0x08006d60   0x0000000c   Code   RO          315    .text.TIM4_IRQHandler  stm32g4xx_it.o
    0x08006d6c   0x08006d6c   0x0000001e   Code   RO          317    .text.TIM6_DAC_IRQHandler  stm32g4xx_it.o
    0x08006d8a   0x08006d8a   0x00000002   PAD
    0x08006d8c   0x08006d8c   0x00000152   Code   RO          490    .text.TIM_Base_SetConfig  stm32g4xx_hal_tim.o
    0x08006ede   0x08006ede   0x00000002   PAD
    0x08006ee0   0x08006ee0   0x00000194   Code   RO          672    .text.TIM_SlaveTimer_SetConfig  stm32g4xx_hal_tim.o
    0x08007074   0x08007074   0x00000016   Code   RO         2534    .text.TimerCallback  cmsis_os2.o
    0x0800708a   0x0800708a   0x00000002   PAD
    0x0800708c   0x0800708c   0x000000e6   Code   RO         1925    .text.UART_AdvFeatureConfig  stm32g4xx_hal_uart.o
    0x08007172   0x08007172   0x00000002   PAD
    0x08007174   0x08007174   0x0000016a   Code   RO         1929    .text.UART_CheckIdleState  stm32g4xx_hal_uart.o
    0x080072de   0x080072de   0x00000002   PAD
    0x080072e0   0x080072e0   0x000002b4   Code   RO         1927    .text.UART_SetConfig  stm32g4xx_hal_uart.o
    0x08007594   0x08007594   0x00000336   Code   RO         1943    .text.UART_WaitOnFlagUntilTimeout  stm32g4xx_hal_uart.o
    0x080078ca   0x080078ca   0x00000002   PAD
    0x080078cc   0x080078cc   0x00000002   Code   RO          301    .text.UsageFault_Handler  stm32g4xx_it.o
    0x080078ce   0x080078ce   0x00000002   PAD
    0x080078d0   0x080078d0   0x00000018   Code   RO           38    .text.app_980_pwr_en  gpio.o
    0x080078e8   0x080078e8   0x00000046   Code   RO          277    .text.app_auxiliary_bulb_pwm  tim.o
    0x0800792e   0x0800792e   0x00000002   PAD
    0x08007930   0x08007930   0x0000006c   Code   RO          152    .text.app_dac_out   dac.o
    0x0800799c   0x0800799c   0x00000004   PAD
    0x080079a0   0x080079a0   0x000002a0   Code   RO          128    .text.app_get_adc_value  adc.o
    0x08007c40   0x08007c40   0x00000010   Code   RO          400    .text.app_get_motor_real_position  tmc2226_step_bsp.o
    0x08007c50   0x08007c50   0x0000000e   Code   RO           74    .text.app_laser_prohot_semo  app_freertos.o
    0x08007c5e   0x08007c5e   0x00000002   PAD
    0x08007c60   0x08007c60   0x00000018   Code   RO           30    .text.app_load_power_switch  gpio.o
    0x08007c78   0x08007c78   0x000000cc   Code   RO           80    .text.app_motor_move_to_sem  app_freertos.o
    0x08007d44   0x08007d44   0x0000001a   Code   RO           76    .text.app_motor_run_sta  app_freertos.o
    0x08007d5e   0x08007d5e   0x00000002   PAD
    0x08007d60   0x08007d60   0x0000011a   Code   RO          398    .text.app_motor_slide_position  tmc2226_step_bsp.o
    0x08007e7a   0x08007e7a   0x00000002   PAD
    0x08007e7c   0x08007e7c   0x0000003c   Code   RO           78    .text.app_motor_stop_fresh_status  app_freertos.o
    0x08007eb8   0x08007eb8   0x00000042   Code   RO          122    .text.app_start_multi_channel_adc  adc.o
    0x08007efa   0x08007efa   0x00000006   PAD
    0x08007f00   0x08007f00   0x00000148   Code   RO           66    .text.app_tec_auto_manage  app_freertos.o
    0x08008048   0x08008048   0x0000000e   Code   RO           72    .text.app_tec_ctr_semo  app_freertos.o
    0x08008056   0x08008056   0x00000002   PAD
    0x08008058   0x08008058   0x0000027e   Code   RO          124    .text.filter_ad     adc.o
    0x080082d6   0x080082d6   0x00000002   PAD
    0x080082d8   0x080082d8   0x00000028   Code   RO          236    .text.fputc         usart.o
    0x08008300   0x08008300   0x00000228   Code   RO           62    .text.laserProhotTask05  app_freertos.o
    0x08008528   0x08008528   0x0000027c   Code   RO           60    .text.laserWorkTask04  app_freertos.o
    0x080087a4   0x080087a4   0x00000016   Code   RO           52    .text.laserWorkTimerCallback01  app_freertos.o
    0x080087ba   0x080087ba   0x00000002   PAD
    0x080087bc   0x080087bc   0x0000012c   Code   RO           11    .text.main          main.o
    0x080088e8   0x080088e8   0x000002a8   Code   RO           56    .text.motorTask02   app_freertos.o
    0x08008b90   0x08008b90   0x00000020   Code   RO         2528    .text.osDelay       cmsis_os2.o
    0x08008bb0   0x08008bb0   0x00000046   Code   RO         2550    .text.osEventFlagsClear  cmsis_os2.o
    0x08008bf6   0x08008bf6   0x00000002   PAD
    0x08008bf8   0x08008bf8   0x0000001a   Code   RO         2552    .text.osEventFlagsGet  cmsis_os2.o
    0x08008c12   0x08008c12   0x00000002   PAD
    0x08008c14   0x08008c14   0x00000028   Code   RO         2546    .text.osEventFlagsNew  cmsis_os2.o
    0x08008c3c   0x08008c3c   0x0000005e   Code   RO         2548    .text.osEventFlagsSet  cmsis_os2.o
    0x08008c9a   0x08008c9a   0x00000002   PAD
    0x08008c9c   0x08008c9c   0x0000006c   Code   RO         2554    .text.osEventFlagsWait  cmsis_os2.o
    0x08008d08   0x08008d08   0x00000028   Code   RO         2470    .text.osKernelInitialize  cmsis_os2.o
    0x08008d30   0x08008d30   0x0000003c   Code   RO         2476    .text.osKernelStart  cmsis_os2.o
    0x08008d6c   0x08008d6c   0x00000090   Code   RO         2582    .text.osMessageQueueGet  cmsis_os2.o
    0x08008dfc   0x08008dfc   0x00000092   Code   RO         2578    .text.osMessageQueueNew  cmsis_os2.o
    0x08008e8e   0x08008e8e   0x00000002   PAD
    0x08008e90   0x08008e90   0x00000090   Code   RO         2580    .text.osMessageQueuePut  cmsis_os2.o
    0x08008f20   0x08008f20   0x00000046   Code   RO         2560    .text.osMutexAcquire  cmsis_os2.o
    0x08008f66   0x08008f66   0x00000002   PAD
    0x08008f68   0x08008f68   0x00000074   Code   RO         2558    .text.osMutexNew    cmsis_os2.o
    0x08008fdc   0x08008fdc   0x00000046   Code   RO         2562    .text.osMutexRelease  cmsis_os2.o
    0x08009022   0x08009022   0x00000002   PAD
    0x08009024   0x08009024   0x0000006c   Code   RO         2570    .text.osSemaphoreAcquire  cmsis_os2.o
    0x08009090   0x08009090   0x000000b6   Code   RO         2568    .text.osSemaphoreNew  cmsis_os2.o
    0x08009146   0x08009146   0x00000002   PAD
    0x08009148   0x08009148   0x00000064   Code   RO         2572    .text.osSemaphoreRelease  cmsis_os2.o
    0x080091ac   0x080091ac   0x00000094   Code   RO         2492    .text.osThreadNew   cmsis_os2.o
    0x08009240   0x08009240   0x0000008a   Code   RO         2532    .text.osTimerNew    cmsis_os2.o
    0x080092ca   0x080092ca   0x00000002   PAD
    0x080092cc   0x080092cc   0x0000003a   Code   RO         2538    .text.osTimerStart  cmsis_os2.o
    0x08009306   0x08009306   0x00000002   PAD
    0x08009308   0x08009308   0x0000004c   Code   RO         2540    .text.osTimerStop   cmsis_os2.o
    0x08009354   0x08009354   0x0000028a   Code   RO         2303    .text.prvAddNewTaskToReadyList  tasks.o
    0x080095de   0x080095de   0x00000002   PAD
    0x080095e0   0x080095e0   0x0000008a   Code   RO         2335    .text.prvIdleTask   tasks.o
    0x0800966a   0x0800966a   0x00000002   PAD
    0x0800966c   0x0800966c   0x00000104   Code   RO         2301    .text.prvInitialiseNewTask  tasks.o
    0x08009770   0x08009770   0x000000ae   Code   RO         2424    .text.prvInitialiseNewTimer  timers.o
    0x0800981e   0x0800981e   0x00000002   PAD
    0x08009820   0x08009820   0x00000028   Code   RO         2667    .text.prvPortStartFirstTask  port.o
    0x08009848   0x08009848   0x0000003e   Code   RO         2657    .text.prvTaskExitError  port.o
    0x08009886   0x08009886   0x00000002   PAD
    0x08009888   0x08009888   0x0000037a   Code   RO         2420    .text.prvTimerTask  timers.o
    0x08009c02   0x08009c02   0x00000002   PAD
    0x08009c04   0x08009c04   0x00000074   Code   RO         2202    .text.prvUnlockQueue  queue.o
    0x08009c78   0x08009c78   0x000001e8   Code   RO         2633    .text.pvPortMalloc  heap_4.o
    0x08009e60   0x08009e60   0x00000018   Code   RO         2391    .text.pvTaskIncrementMutexHeldCount  tasks.o
    0x08009e78   0x08009e78   0x00000026   Code   RO         2444    .text.pvTimerGetTimerID  timers.o
    0x08009e9e   0x08009e9e   0x00000002   PAD
    0x08009ea0   0x08009ea0   0x00000024   Code   RO         2655    .text.pxPortInitialiseStack  port.o
    0x08009ec4   0x08009ec4   0x000000b0   Code   RO          419    .text.tec_start     tec_control_bsp.o
    0x08009f74   0x08009f74   0x00000024   Code   RO          421    .text.tec_stop      tec_control_bsp.o
    0x08009f98   0x08009f98   0x0000005e   Code   RO          386    .text.tmc2226_init  tmc2226_step_bsp.o
    0x08009ff6   0x08009ff6   0x00000002   PAD
    0x08009ff8   0x08009ff8   0x000001a4   Code   RO          394    .text.tmc2226_start  tmc2226_step_bsp.o
    0x0800a19c   0x0800a19c   0x00000052   Code   RO          388    .text.tmc2226_stop  tmc2226_step_bsp.o
    0x0800a1ee   0x0800a1ee   0x00000002   PAD
    0x0800a1f0   0x0800a1f0   0x00000022   Code   RO         2166    .text.uxListRemove  list.o
    0x0800a212   0x0800a212   0x00000002   PAD
    0x0800a214   0x0800a214   0x0000001a   Code   RO         2389    .text.uxTaskResetEventItemValue  tasks.o
    0x0800a22e   0x0800a22e   0x00000002   PAD
    0x0800a230   0x0800a230   0x0000001a   Code   RO         2616    .text.vApplicationGetIdleTaskMemory  cmsis_os2.o
    0x0800a24a   0x0800a24a   0x00000002   PAD
    0x0800a24c   0x0800a24c   0x0000001c   Code   RO         2618    .text.vApplicationGetTimerTaskMemory  cmsis_os2.o
    0x0800a268   0x0800a268   0x00000002   Code   RO           48    .text.vApplicationIdleHook  app_freertos.o
    0x0800a26a   0x0800a26a   0x00000002   PAD
    0x0800a26c   0x0800a26c   0x00000048   Code   RO         2136    .text.vEventGroupClearBitsCallback  event_groups.o
    0x0800a2b4   0x0800a2b4   0x00000004   Code   RO         2142    .text.vEventGroupSetBitsCallback  event_groups.o
    0x0800a2b8   0x0800a2b8   0x00000016   Code   RO         2158    .text.vListInitialise  list.o
    0x0800a2ce   0x0800a2ce   0x00000002   PAD
    0x0800a2d0   0x0800a2d0   0x00000006   Code   RO         2160    .text.vListInitialiseItem  list.o
    0x0800a2d6   0x0800a2d6   0x00000002   PAD
    0x0800a2d8   0x0800a2d8   0x00000062   Code   RO         2164    .text.vListInsert   list.o
    0x0800a33a   0x0800a33a   0x00000002   PAD
    0x0800a33c   0x0800a33c   0x0000001a   Code   RO         2162    .text.vListInsertEnd  list.o
    0x0800a356   0x0800a356   0x00000002   PAD
    0x0800a358   0x0800a358   0x00000014   Code   RO         2665    .text.vPortEnableVFP  port.o
    0x0800a36c   0x0800a36c   0x00000046   Code   RO         2671    .text.vPortEnterCritical  port.o
    0x0800a3b2   0x0800a3b2   0x00000002   PAD
    0x0800a3b4   0x0800a3b4   0x0000002e   Code   RO         2673    .text.vPortExitCritical  port.o
    0x0800a3e2   0x0800a3e2   0x00000002   PAD
    0x0800a3e4   0x0800a3e4   0x000000de   Code   RO         2635    .text.vPortFree     heap_4.o
    0x0800a4c2   0x0800a4c2   0x00000002   PAD
    0x0800a4c4   0x0800a4c4   0x00000034   Code   RO         2663    .text.vPortSetupTimerInterrupt  port.o
    0x0800a4f8   0x0800a4f8   0x0000005e   Code   RO         2679    .text.vPortValidateInterruptPriority  port.o
    0x0800a556   0x0800a556   0x00000002   PAD
    0x0800a558   0x0800a558   0x00000058   Code   RO         2236    .text.vQueueAddToRegistry  queue.o
    0x0800a5b0   0x0800a5b0   0x0000007e   Code   RO         2222    .text.vQueueDelete  queue.o
    0x0800a62e   0x0800a62e   0x00000002   PAD
    0x0800a630   0x0800a630   0x00000052   Code   RO         2240    .text.vQueueWaitForMessageRestricted  queue.o
    0x0800a682   0x0800a682   0x00000002   PAD
    0x0800a684   0x0800a684   0x00000080   Code   RO         2315    .text.vTaskDelay    tasks.o
    0x0800a704   0x0800a704   0x00000012   Code   RO         2365    .text.vTaskInternalSetTimeOutState  tasks.o
    0x0800a716   0x0800a716   0x00000002   PAD
    0x0800a718   0x0800a718   0x0000000e   Code   RO         2369    .text.vTaskMissedYield  tasks.o
    0x0800a726   0x0800a726   0x00000002   PAD
    0x0800a728   0x0800a728   0x00000074   Code   RO         2353    .text.vTaskPlaceOnEventList  tasks.o
    0x0800a79c   0x0800a79c   0x0000007a   Code   RO         2357    .text.vTaskPlaceOnEventListRestricted  tasks.o
    0x0800a816   0x0800a816   0x00000002   PAD
    0x0800a818   0x0800a818   0x00000094   Code   RO         2355    .text.vTaskPlaceOnUnorderedEventList  tasks.o
    0x0800a8ac   0x0800a8ac   0x000000a4   Code   RO         2387    .text.vTaskPriorityDisinheritAfterTimeout  tasks.o
    0x0800a950   0x0800a950   0x0000007a   Code   RO         2361    .text.vTaskRemoveFromUnorderedEventList  tasks.o
    0x0800a9ca   0x0800a9ca   0x00000002   PAD
    0x0800a9cc   0x0800a9cc   0x000000f0   Code   RO         2333    .text.vTaskStartScheduler  tasks.o
    0x0800aabc   0x0800aabc   0x00000010   Code   RO         2311    .text.vTaskSuspendAll  tasks.o
    0x0800aacc   0x0800aacc   0x000000cc   Code   RO         2327    .text.vTaskSwitchContext  tasks.o
    0x0800ab98   0x0800ab98   0x0000004a   Code   RO         2132    .text.xEventGroupClearBits  event_groups.o
    0x0800abe2   0x0800abe2   0x00000002   PAD
    0x0800abe4   0x0800abe4   0x00000012   Code   RO         2134    .text.xEventGroupClearBitsFromISR  event_groups.o
    0x0800abf6   0x0800abf6   0x00000002   PAD
    0x0800abf8   0x0800abf8   0x00000022   Code   RO         2124    .text.xEventGroupCreate  event_groups.o
    0x0800ac1a   0x0800ac1a   0x00000002   PAD
    0x0800ac1c   0x0800ac1c   0x0000004e   Code   RO         2122    .text.xEventGroupCreateStatic  event_groups.o
    0x0800ac6a   0x0800ac6a   0x00000002   PAD
    0x0800ac6c   0x0800ac6c   0x0000001c   Code   RO         2138    .text.xEventGroupGetBitsFromISR  event_groups.o
    0x0800ac88   0x0800ac88   0x0000009a   Code   RO         2128    .text.xEventGroupSetBits  event_groups.o
    0x0800ad22   0x0800ad22   0x00000002   PAD
    0x0800ad24   0x0800ad24   0x00000012   Code   RO         2144    .text.xEventGroupSetBitsFromISR  event_groups.o
    0x0800ad36   0x0800ad36   0x00000002   PAD
    0x0800ad38   0x0800ad38   0x00000140   Code   RO         2130    .text.xEventGroupWaitBits  event_groups.o
    0x0800ae78   0x0800ae78   0x00000188   Code   RO         2661    .text.xPortStartScheduler  port.o
    0x0800b000   0x0800b000   0x0000002e   Code   RO         2677    .text.xPortSysTickHandler  port.o
    0x0800b02e   0x0800b02e   0x00000002   PAD
    0x0800b030   0x0800b030   0x00000096   Code   RO         2200    .text.xQueueCreateCountingSemaphore  queue.o
    0x0800b0c6   0x0800b0c6   0x00000002   PAD
    0x0800b0c8   0x0800b0c8   0x000000c2   Code   RO         2198    .text.xQueueCreateCountingSemaphoreStatic  queue.o
    0x0800b18a   0x0800b18a   0x00000002   PAD
    0x0800b18c   0x0800b18c   0x00000070   Code   RO         2182    .text.xQueueCreateMutex  queue.o
    0x0800b1fc   0x0800b1fc   0x000000a2   Code   RO         2184    .text.xQueueCreateMutexStatic  queue.o
    0x0800b29e   0x0800b29e   0x00000002   PAD
    0x0800b2a0   0x0800b2a0   0x00000082   Code   RO         2180    .text.xQueueGenericCreate  queue.o
    0x0800b322   0x0800b322   0x00000002   PAD
    0x0800b324   0x0800b324   0x000000da   Code   RO         2178    .text.xQueueGenericCreateStatic  queue.o
    0x0800b3fe   0x0800b3fe   0x00000002   PAD
    0x0800b400   0x0800b400   0x000002c0   Code   RO         2192    .text.xQueueGenericSend  queue.o
    0x0800b6c0   0x0800b6c0   0x00000148   Code   RO         2204    .text.xQueueGenericSendFromISR  queue.o
    0x0800b808   0x0800b808   0x000000ba   Code   RO         2206    .text.xQueueGiveFromISR  queue.o
    0x0800b8c2   0x0800b8c2   0x00000002   PAD
    0x0800b8c4   0x0800b8c4   0x00000044   Code   RO         2190    .text.xQueueGiveMutexRecursive  queue.o
    0x0800b908   0x0800b908   0x0000023e   Code   RO         2208    .text.xQueueReceive  queue.o
    0x0800bb46   0x0800bb46   0x00000002   PAD
    0x0800bb48   0x0800bb48   0x000000d2   Code   RO         2212    .text.xQueueReceiveFromISR  queue.o
    0x0800bc1a   0x0800bc1a   0x00000002   PAD
    0x0800bc1c   0x0800bc1c   0x0000028a   Code   RO         2196    .text.xQueueSemaphoreTake  queue.o
    0x0800bea6   0x0800bea6   0x00000002   PAD
    0x0800bea8   0x0800bea8   0x00000048   Code   RO         2194    .text.xQueueTakeMutexRecursive  queue.o
    0x0800bef0   0x0800bef0   0x0000009a   Code   RO         2367    .text.xTaskCheckForTimeOut  tasks.o
    0x0800bf8a   0x0800bf8a   0x00000002   PAD
    0x0800bf8c   0x0800bf8c   0x00000060   Code   RO         2305    .text.xTaskCreate   tasks.o
    0x0800bfec   0x0800bfec   0x00000076   Code   RO         2299    .text.xTaskCreateStatic  tasks.o
    0x0800c062   0x0800c062   0x00000002   PAD
    0x0800c064   0x0800c064   0x0000000c   Code   RO         2379    .text.xTaskGetCurrentTaskHandle  tasks.o
    0x0800c070   0x0800c070   0x0000001e   Code   RO         2381    .text.xTaskGetSchedulerState  tasks.o
    0x0800c08e   0x0800c08e   0x00000002   PAD
    0x0800c090   0x0800c090   0x0000000c   Code   RO         2341    .text.xTaskGetTickCount  tasks.o
    0x0800c09c   0x0800c09c   0x00000104   Code   RO         2339    .text.xTaskIncrementTick  tasks.o
    0x0800c1a0   0x0800c1a0   0x0000008e   Code   RO         2385    .text.xTaskPriorityDisinherit  tasks.o
    0x0800c22e   0x0800c22e   0x00000002   PAD
    0x0800c230   0x0800c230   0x00000090   Code   RO         2383    .text.xTaskPriorityInherit  tasks.o
    0x0800c2c0   0x0800c2c0   0x00000072   Code   RO         2359    .text.xTaskRemoveFromEventList  tasks.o
    0x0800c332   0x0800c332   0x00000002   PAD
    0x0800c334   0x0800c334   0x000000ee   Code   RO         2313    .text.xTaskResumeAll  tasks.o
    0x0800c422   0x0800c422   0x00000002   PAD
    0x0800c424   0x0800c424   0x0000003a   Code   RO         2422    .text.xTimerCreate  timers.o
    0x0800c45e   0x0800c45e   0x00000002   PAD
    0x0800c460   0x0800c460   0x00000052   Code   RO         2426    .text.xTimerCreateStatic  timers.o
    0x0800c4b2   0x0800c4b2   0x00000002   PAD
    0x0800c4b4   0x0800c4b4   0x000000b4   Code   RO         2418    .text.xTimerCreateTimerTask  timers.o
    0x0800c568   0x0800c568   0x00000076   Code   RO         2428    .text.xTimerGenericCommand  timers.o
    0x0800c5de   0x0800c5de   0x00000002   PAD
    0x0800c5e0   0x0800c5e0   0x0000002e   Code   RO         2442    .text.xTimerIsTimerActive  timers.o
    0x0800c60e   0x0800c60e   0x00000002   PAD
    0x0800c610   0x0800c610   0x0000002a   Code   RO         2448    .text.xTimerPendFunctionCallFromISR  timers.o
    0x0800c63a   0x0800c63a   0x00000002   PAD
    0x0800c63c   0x0800c63c   0x00000020   Code   RO         2945    i.__0printf         mc_w.l(printfa.o)
    0x0800c65c   0x0800c65c   0x00000004   PAD
    0x0800c660   0x0800c660   0x000003c4   Code   RO         2690    i.__hardfp_log      m_wm.l(log.o)
    0x0800ca24   0x0800ca24   0x000000f8   Code   RO         3007    i.__kernel_poly     m_wm.l(poly.o)
    0x0800cb1c   0x0800cb1c   0x00000004   PAD
    0x0800cb20   0x0800cb20   0x00000030   Code   RO         2993    i.__mathlib_dbl_divzero  m_wm.l(dunder.o)
    0x0800cb50   0x0800cb50   0x00000014   Code   RO         2994    i.__mathlib_dbl_infnan  m_wm.l(dunder.o)
    0x0800cb64   0x0800cb64   0x00000004   PAD
    0x0800cb68   0x0800cb68   0x00000020   Code   RO         2996    i.__mathlib_dbl_invalid  m_wm.l(dunder.o)
    0x0800cb88   0x0800cb88   0x0000000e   Code   RO         3065    i.__scatterload_copy  mc_w.l(handlers.o)
    0x0800cb96   0x0800cb96   0x00000002   Code   RO         3066    i.__scatterload_null  mc_w.l(handlers.o)
    0x0800cb98   0x0800cb98   0x0000000e   Code   RO         3067    i.__scatterload_zeroinit  mc_w.l(handlers.o)
    0x0800cba6   0x0800cba6   0x00000002   PAD
    0x0800cba8   0x0800cba8   0x0000000c   Code   RO         3043    i.__set_errno       mc_w.l(errno.o)
    0x0800cbb4   0x0800cbb4   0x00000184   Code   RO         2952    i._fp_digits        mc_w.l(printfa.o)
    0x0800cd38   0x0800cd38   0x000006dc   Code   RO         2953    i._printf_core      mc_w.l(printfa.o)
    0x0800d414   0x0800d414   0x00000024   Code   RO         2954    i._printf_post_padding  mc_w.l(printfa.o)
    0x0800d438   0x0800d438   0x0000002e   Code   RO         2955    i._printf_pre_padding  mc_w.l(printfa.o)
    0x0800d466   0x0800d466   0x00000002   PAD
    0x0800d468   0x0800d468   0x00000024   Code   RO         2700    i.puts              mc_w.l(puts.o)
    0x0800d48c   0x0800d48c   0x00000004   PAD
    0x0800d490   0x0800d490   0x00000038   Data   RO         2693    .constdata          m_wm.l(log.o)
    0x0800d4c8   0x0800d4c8   0x00000008   Data   RO         3009    .constdata          m_wm.l(qnan.o)
    0x0800d4d0   0x0800d4d0   0x00000010   Data   RO         2111    .rodata.AHBPrescTable  system_stm32g4xx.o
    0x0800d4e0   0x0800d4e0   0x00000008   Data   RO         2112    .rodata.APBPrescTable  system_stm32g4xx.o
    0x0800d4e8   0x0800d4e8   0x00000018   Data   RO         2055    .rodata.UARTPrescTable  stm32g4xx_hal_uart.o
    0x0800d500   0x0800d500   0x00000010   Data   RO         1726    .rodata.cst16       stm32g4xx_hal_fdcan.o
    0x0800d510   0x0800d510   0x00000010   Data   RO         2056    .rodata.cst16       stm32g4xx_hal_uart.o
    0x0800d520   0x0800d520   0x00000010   Data   RO         2097    .rodata.cst8        stm32g4xx_hal_uart_ex.o
    0x0800d530   0x0800d530   0x00000024   Data   RO           83    .rodata.defaultTask_attributes  app_freertos.o
    0x0800d554   0x0800d554   0x00000010   Data   RO          100    .rodata.deviceErrorEvent03_attributes  app_freertos.o
    0x0800d564   0x0800d564   0x00000010   Data   RO           96    .rodata.laserCloseBinarySem03_attributes  app_freertos.o
    0x0800d574   0x0800d574   0x00000010   Data   RO           99    .rodata.laserEvent02_attributes  app_freertos.o
    0x0800d584   0x0800d584   0x00000010   Data   RO           92    .rodata.laserWorkTimer01_attributes  app_freertos.o
    0x0800d594   0x0800d594   0x00000010   Data   RO           98    .rodata.motorEvent01_attributes  app_freertos.o
    0x0800d5a4   0x0800d5a4   0x00000010   Data   RO           93    .rodata.motorMutex01_attributes  app_freertos.o
    0x0800d5b4   0x0800d5b4   0x00000018   Data   RO           90    .rodata.motorPositonQueue01_attributes  app_freertos.o
    0x0800d5cc   0x0800d5cc   0x00000024   Data   RO           84    .rodata.myTask02_attributes  app_freertos.o
    0x0800d5f0   0x0800d5f0   0x00000024   Data   RO           85    .rodata.myTask03_attributes  app_freertos.o
    0x0800d614   0x0800d614   0x00000024   Data   RO           86    .rodata.myTask04_attributes  app_freertos.o
    0x0800d638   0x0800d638   0x00000024   Data   RO           87    .rodata.myTask05_attributes  app_freertos.o
    0x0800d65c   0x0800d65c   0x00000010   Data   RO           97    .rodata.poweroffBinarySem04_attributes  app_freertos.o
    0x0800d66c   0x0800d66c   0x00000010   Data   RO           95    .rodata.prohotBinarySem02_attributes  app_freertos.o
    0x0800d67c   0x0800d67c   0x0000014e   Data   RO           82    .rodata.str1.1      app_freertos.o
    0x0800d7ca   0x0800d7ca   0x0000003b   Data   RO          188    .rodata.str1.1      fdcan.o
    0x0800d805   0x0800d805   0x0000008c   Data   RO          447    .rodata.str1.1      can_modbusrtu_bsp.o
    0x0800d891   0x0800d891   0x00000005   Data   RO         2458    .rodata.str1.1      timers.o
    0x0800d896   0x0800d896   0x00000002   PAD
    0x0800d898   0x0800d898   0x00000010   Data   RO           94    .rodata.tecBinarySem01_attributes  app_freertos.o
    0x0800d8a8   0x0800d8a8   0x00000020   Data   RO         3064    Region$$Table       anon$$obj.o


    Execution Region RW_IRAM1 (Exec base: 0x20000000, Load base: 0x0800d8c8, Size: 0x00009ae0, Max: 0x00020000, ABSOLUTE)

    Exec Addr    Load Addr    Size         Type   Attr      Idx    E Section Name        Object

    0x20000000   0x0800d8c8   0x00000004   Data   RW         3044    .data               mc_w.l(errno.o)
    0x20000004   0x0800d8cc   0x00000008   Data   RW         1068    .data..L_MergedGlobals  stm32g4xx_hal.o
    0x2000000c   0x0800d8d4   0x00000004   Data   RW         2110    .data.SystemCoreClock  system_stm32g4xx.o
    0x20000010   0x0800d8d8   0x00000004   Data   RW         2681    .data.uxCriticalNesting  port.o
    0x20000014   0x0800d8dc   0x00000004   PAD
    0x20000018        -       0x00000057   Zero   RW          103    .bss..L_MergedGlobals  app_freertos.o
    0x2000006f   0x0800d8dc   0x00000001   PAD
    0x20000070        -       0x00000054   Zero   RW          137    .bss..L_MergedGlobals  adc.o
    0x200000c4        -       0x0000002c   Zero   RW          189    .bss..L_MergedGlobals  fdcan.o
    0x200000f0        -       0x0000000c   Zero   RW          402    .bss..L_MergedGlobals  tmc2226_step_bsp.o
    0x200000fc        -       0x00000068   Zero   RW          448    .bss..L_MergedGlobals  can_modbusrtu_bsp.o
    0x20000164        -       0x00000078   Zero   RW         2408    .bss..L_MergedGlobals  tasks.o
    0x200001dc        -       0x0000003c   Zero   RW         2459    .bss..L_MergedGlobals  timers.o
    0x20000218        -       0x00000020   Zero   RW         2646    .bss..L_MergedGlobals  heap_4.o
    0x20000238        -       0x00000008   Zero   RW         2682    .bss..L_MergedGlobals  port.o
    0x20000240        -       0x00000028   Zero   RW         2409    .bss..L_MergedGlobals.2  tasks.o
    0x20000268        -       0x00000004   Zero   RW         2620    .bss.KernelState    cmsis_os2.o
    0x2000026c        -       0x00000054   Zero   RW          240    .bss.__stdout       usart.o
    0x200002c0        -       0x00000080   Zero   RW          136    .bss.ad1Buff        adc.o
    0x20000340        -       0x0000006c   Zero   RW          130    .bss.hadc1          adc.o
    0x200003ac        -       0x0000006c   Zero   RW          131    .bss.hadc2          adc.o
    0x20000418        -       0x0000006c   Zero   RW          132    .bss.hadc3          adc.o
    0x20000484        -       0x00000014   Zero   RW          154    .bss.hdac1          dac.o
    0x20000498        -       0x00000060   Zero   RW          133    .bss.hdma_adc1      adc.o
    0x200004f8        -       0x00000060   Zero   RW          134    .bss.hdma_adc2      adc.o
    0x20000558        -       0x00000060   Zero   RW          135    .bss.hdma_adc3      adc.o
    0x200005b8        -       0x00000064   Zero   RW          187    .bss.hfdcan1        fdcan.o
    0x2000061c        -       0x00000054   Zero   RW          206    .bss.hi2c1          i2c.o
    0x20000670        -       0x00000094   Zero   RW          238    .bss.hlpuart1       usart.o
    0x20000704        -       0x0000004c   Zero   RW          279    .bss.htim2          tim.o
    0x20000750        -       0x0000004c   Zero   RW          284    .bss.htim20         tim.o
    0x2000079c        -       0x0000004c   Zero   RW          280    .bss.htim3          tim.o
    0x200007e8        -       0x0000004c   Zero   RW          281    .bss.htim4          tim.o
    0x20000834        -       0x0000004c   Zero   RW          343    .bss.htim6          stm32g4xx_hal_timebase_tim.o
    0x20000880        -       0x0000004c   Zero   RW          282    .bss.htim7          tim.o
    0x200008cc        -       0x0000004c   Zero   RW          283    .bss.htim8          tim.o
    0x20000918        -       0x00000094   Zero   RW          239    .bss.huart3         usart.o
    0x200009ac        -       0x0000002c   Zero   RW           91    .bss.laserWorkTimer01ControlBlock  app_freertos.o
    0x200009d8        -       0x00000004   Zero   RW           89    .bss.positonQueue01Buffer  app_freertos.o
    0x200009dc        -       0x00000050   Zero   RW           88    .bss.positonQueue01ControlBlock  app_freertos.o
    0x20000a2c        -       0x000000a0   Zero   RW         2457    .bss.prvCheckForValidListAndQueue.ucStaticTimerQueueStorage  timers.o
    0x20000acc        -       0x00000050   Zero   RW         2456    .bss.prvCheckForValidListAndQueue.xStaticTimerQueue  timers.o
    0x20000b1c        -       0x00000460   Zero   RW         2407    .bss.pxReadyTasksLists  tasks.o
    0x20000f7c        -       0x00000064   Zero   RW          101    .bss.u_sys_param    app_freertos.o
    0x20000fe0        -       0x00008000   Zero   RW         2645    .bss.ucHeap         heap_4.o
    0x20008fe0        -       0x00000004   Zero   RW         1067    .bss.uwTick         stm32g4xx_hal.o
    0x20008fe4        -       0x00000200   Zero   RW         2622    .bss.vApplicationGetIdleTaskMemory.Idle_Stack  cmsis_os2.o
    0x200091e4        -       0x0000005c   Zero   RW         2621    .bss.vApplicationGetIdleTaskMemory.Idle_TCB  cmsis_os2.o
    0x20009240        -       0x00000400   Zero   RW         2624    .bss.vApplicationGetTimerTaskMemory.Timer_Stack  cmsis_os2.o
    0x20009640        -       0x0000005c   Zero   RW         2623    .bss.vApplicationGetTimerTaskMemory.Timer_TCB  cmsis_os2.o
    0x2000969c        -       0x00000040   Zero   RW         2242    .bss.xQueueRegistry  queue.o
    0x200096dc   0x0800d8dc   0x00000004   PAD
    0x200096e0        -       0x00000400   Zero   RW            1    STACK               startup_stm32g474xx.o


==============================================================================

Image component sizes


      Code (inc. data)   RO Data    RW Data    ZI Data      Debug   Object Name

      2560        170          0          0        824      13610   adc.o
      3558        496        682          0        315      14286   app_freertos.o
      2544        168        140          0        104      11194   can_modbusrtu_bsp.o
      2076          0          0          0       1724      43802   cmsis_os2.o
        38          0          0          0          0       7146   common_function.o
       324          0          0          0         20       8717   dac.o
       120          0          0          0          0       4141   dma.o
       800          0          0          0          0      11423   event_groups.o
       558         16         59          0        144       8743   fdcan.o
       400          0          0          0          0       5869   gpio.o
       710          0          0          0      32800       5864   heap_4.o
       308          0          0          0         84       6959   i2c.o
       186          0          0          0          0       2340   list.o
       418        100          0          0          0       7432   main.o
       994         16          0          4          8       4369   port.o
      4170          0          0          0         64      30794   queue.o
        36          8        472          0       1024        816   startup_stm32g474xx.o
       108          0          0          8          4       9581   stm32g4xx_hal.o
      2370          0          0          0          0      28731   stm32g4xx_hal_adc.o
       520          0          0          0          0      24094   stm32g4xx_hal_adc_ex.o
       152          0          0          0          0      11071   stm32g4xx_hal_cortex.o
       928          0          0          0          0      10176   stm32g4xx_hal_dac.o
         2          0          0          0          0      11262   stm32g4xx_hal_dac_ex.o
       682          0          0          0          0       9151   stm32g4xx_hal_dma.o
      1814          0         16          0          0      23484   stm32g4xx_hal_fdcan.o
       494          0          0          0          0       5235   stm32g4xx_hal_gpio.o
       176          0          0          0          0      63245   stm32g4xx_hal_i2c.o
       146          0          0          0          0       6533   stm32g4xx_hal_i2c_ex.o
        70          0          0          0          0       4106   stm32g4xx_hal_msp.o
       288          0          0          0          0       9269   stm32g4xx_hal_pwr_ex.o
      2294          0          0          0          0      10301   stm32g4xx_hal_rcc.o
       726          0          0          0          0      11394   stm32g4xx_hal_rcc_ex.o
      5004         40          0          0          0      63873   stm32g4xx_hal_tim.o
       448          0          0          0          0      30981   stm32g4xx_hal_tim_ex.o
       166          0          0          0         76       8436   stm32g4xx_hal_timebase_tim.o
      2636         48         40          0          0      42866   stm32g4xx_hal_uart.o
       334          0         16          0          0      11272   stm32g4xx_hal_uart_ex.o
       120          0          0          0          0       6467   stm32g4xx_it.o
        18          0         24          4          0       2766   system_stm32g4xx.o
      3710          8          0          0       1280      44743   tasks.o
       212          0          0          0          0       6400   tec_control_bsp.o
      1668          0          0          0        456      16324   tim.o
      1628         18          5          0        300      16616   timers.o
       954         16          0          0         12      11107   tmc2226_step_bsp.o
       530          0          0          0        380       8092   usart.o

    ----------------------------------------------------------------------
     48348       1120       1488         16      39628     695081   Object Totals
         0          0         32          0          0          0   (incl. Generated)
       350         16          2          0          9          0   (incl. Padding)

    ----------------------------------------------------------------------

      Code (inc. data)   RO Data    RW Data    ZI Data      Debug   Library Member Name

       100         28          0          0          0        372   dunder.o
       964         92         56          0          0        316   log.o
       248          0          0          0          0        152   poly.o
         0          0          8          0          0          0   qnan.o
         0          0          0          0          0          0   entry.o
         0          0          0          0          0          0   entry10a.o
         0          0          0          0          0          0   entry11a.o
         8          4          0          0          0          0   entry2.o
         4          0          0          0          0          0   entry5.o
         0          0          0          0          0          0   entry7b.o
         0          0          0          0          0          0   entry8b.o
         8          4          0          0          0          0   entry9a.o
        12          6          0          4          0         68   errno.o
        30          0          0          0          0          0   handlers.o
        48         10          0          0          0         68   init.o
         0          0          0          0          0          0   iusefp.o
        30          0          0          0          0         68   llshl.o
        36          0          0          0          0         68   llsshr.o
        32          0          0          0          0         68   llushr.o
        36          0          0          0          0         68   memcpya.o
        36          0          0          0          0        108   memseta.o
      2258         90          0          0          0        452   printfa.o
        36          6          0          0          0         80   puts.o
        44          0          0          0          0         80   uidiv.o
        98          0          0          0          0         92   uldiv.o
        48          0          0          0          0         68   cdcmple.o
        48          0          0          0          0         68   cdrcmple.o
        56          0          0          0          0         88   d2f.o
       334          0          0          0          0        148   dadd.o
        54          0          0          0          0         80   dcmpge.o
        54          0          0          0          0         80   dcmpgt.o
       222          0          0          0          0        100   ddiv.o
       186          0          0          0          0        176   depilogue.o
        62          0          0          0          0         80   dfixi.o
        48          0          0          0          0         68   dfixul.o
        34          0          0          0          0         76   dflti.o
        26          0          0          0          0         76   dfltui.o
       228          0          0          0          0         96   dmul.o
        38          0          0          0          0         68   f2d.o
       110          0          0          0          0        168   fepilogue.o

    ----------------------------------------------------------------------
      5596        248         64          4          0       3500   Library Totals
        20          8          0          0          0          0   (incl. Padding)

    ----------------------------------------------------------------------

      Code (inc. data)   RO Data    RW Data    ZI Data      Debug   Library Name

      1312        120         64          0          0        840   m_wm.l
      2716        120          0          4          0       1220   mc_w.l
      1548          0          0          0          0       1440   mf_w.l

    ----------------------------------------------------------------------
      5596        248         64          4          0       3500   Library Totals

    ----------------------------------------------------------------------

==============================================================================


      Code (inc. data)   RO Data    RW Data    ZI Data      Debug   

     53944       1368       1552         20      39628     696121   Grand Totals
     53944       1368       1552         20      39628     696121   ELF Image Totals
     53944       1368       1552         20          0          0   ROM Totals

==============================================================================

    Total RO  Size (Code + RO Data)                55496 (  54.20kB)
    Total RW  Size (RW Data + ZI Data)             39648 (  38.72kB)
    Total ROM Size (Code + RO Data + RW Data)      55516 (  54.21kB)

==============================================================================

